<html>
<body>
<pre>
<h1>µVision Build Log</h1>
<h2>Tool Versions:</h2>
IDE-Version: µVision V5.43.1.0
Copyright (C) 2025 ARM Ltd and ARM Germany GmbH. All rights reserved.
License Information: Heinrich Fuhrmann, TU Wien, LIC=----
 
Tool Versions:
Toolchain:       MDK-Lite  Version: 5.43.0.0
Toolchain Path:  F:\ProgramFiles\ARMKeil\Keil_v5\ARM\ARMCLANG\Bin
C Compiler:      ArmClang.exe V6.24
Assembler:       Armasm.exe V6.24
Linker/Locator:  ArmLink.exe V6.24
Library Manager: ArmAr.exe V6.24
Hex Converter:   FromElf.exe V6.24
CPU DLL:         SARMCM3.DLL V5.43.0.0
Dialog DLL:      DCM.DLL V1.17.5.0
Target DLL:      STLink\ST-LINKIII-KEIL_SWO.dll V3.3.1.0
Dialog DLL:      TCM.DLL V1.56.6.0
 
<h2>Project:</h2>
D:\7_TU\Bachelor Elektrotechnik und Informationstechnik\Mechatronik und Instrumentierung\testproject\hello_world.uvprojx
Project File Date:  03/18/2026

<h2>Output:</h2>
*** Using Compiler 'V6.24', folder: 'F:\ProgramFiles\ARMKeil\Keil_v5\ARM\ARMCLANG\Bin'
Build target 'Target_1'
assembling startup_stm32f334x8.s...
compiling main.c...
linking...
Program Size: Code=14070 RO-data=474 RW-data=12 ZI-data=1952  
".\Objects\hello_world.axf" - 0 Error(s), 0 Warning(s).

<h2>Software Packages used:</h2>

Package Vendor: ARM
                https://www.keil.com/pack/ARM.CMSIS.6.3.0.pack
                ARM::CMSIS@6.3.0
                CMSIS (Common Microcontroller Software Interface Standard)
   * Component: CORE Version: 6.2.0

Package Vendor: Keil
                https://www.keil.com/pack/Keil.STM32F3xx_DFP.3.1.0.pack
                Keil::STM32F3xx_DFP@3.1.0
                STMicroelectronics STM32F3 Series Device Support
   * Component: CubeMX Version: 1.0.0

<h2>Collection of Component include folders:</h2>
  ./RTE/_Target_1
  ./STM32CubeMX/Target_1/MX_Device
  ./STM32CubeMX/Target_1/STM32CubeMX/Drivers/CMSIS/Device/ST/STM32F3xx/Include
  ./STM32CubeMX/Target_1/STM32CubeMX/Drivers/STM32F3xx_HAL_Driver/Inc
  ./STM32CubeMX/Target_1/STM32CubeMX/Drivers/STM32F3xx_HAL_Driver/Inc/Legacy
  ./STM32CubeMX/Target_1/STM32CubeMX/Inc
  F:/ProgramFiles/ARMKeil/Arm/Packs/ARM/CMSIS/6.3.0/CMSIS/Core/Include

<h2>Collection of Component Files used:</h2>

   * Component: ARM::CMSIS:CORE@6.2.0

   * Component: Keil::Device:CubeMX@1.0.0
Build Time Elapsed:  00:00:00
</pre>
</body>
</html>
