Component: Arm Compiler for Embedded 6.24 Tool: armlink [5f371500]

==============================================================================

Section Cross References

    startup_stm32f446xx.o(STACK) refers (Special) to heapauxi.o(.text) for __use_two_region_memory
    startup_stm32f446xx.o(HEAP) refers (Special) to heapauxi.o(.text) for __use_two_region_memory
    startup_stm32f446xx.o(RESET) refers (Special) to heapauxi.o(.text) for __use_two_region_memory
    startup_stm32f446xx.o(RESET) refers to startup_stm32f446xx.o(STACK) for __initial_sp
    startup_stm32f446xx.o(RESET) refers to startup_stm32f446xx.o(.text) for Reset_Handler
    startup_stm32f446xx.o(RESET) refers to stm32f4xx_it.o(.text.NMI_Handler) for NMI_Handler
    startup_stm32f446xx.o(RESET) refers to stm32f4xx_it.o(.text.HardFault_Handler) for HardFault_Handler
    startup_stm32f446xx.o(RESET) refers to stm32f4xx_it.o(.text.MemManage_Handler) for MemManage_Handler
    startup_stm32f446xx.o(RESET) refers to stm32f4xx_it.o(.text.BusFault_Handler) for BusFault_Handler
    startup_stm32f446xx.o(RESET) refers to stm32f4xx_it.o(.text.UsageFault_Handler) for UsageFault_Handler
    startup_stm32f446xx.o(RESET) refers to stm32f4xx_it.o(.text.SVC_Handler) for SVC_Handler
    startup_stm32f446xx.o(RESET) refers to stm32f4xx_it.o(.text.DebugMon_Handler) for DebugMon_Handler
    startup_stm32f446xx.o(RESET) refers to stm32f4xx_it.o(.text.PendSV_Handler) for PendSV_Handler
    startup_stm32f446xx.o(RESET) refers to stm32f4xx_it.o(.text.SysTick_Handler) for SysTick_Handler
    startup_stm32f446xx.o(RESET) refers to main.o(.text.EXTI0_IRQHandler) for EXTI0_IRQHandler
    startup_stm32f446xx.o(RESET) refers to main.o(.text.EXTI1_IRQHandler) for EXTI1_IRQHandler
    startup_stm32f446xx.o(RESET) refers to main.o(.text.USART2_IRQHandler) for USART2_IRQHandler
    startup_stm32f446xx.o(RESET) refers to main.o(.text.TIM6_DAC_IRQHandler) for TIM6_DAC_IRQHandler
    startup_stm32f446xx.o(.text) refers (Special) to heapauxi.o(.text) for __use_two_region_memory
    startup_stm32f446xx.o(.text) refers to system_stm32f4xx.o(.text.SystemInit) for SystemInit
    startup_stm32f446xx.o(.text) refers to __main.o(!!!main) for __main
    startup_stm32f446xx.o(.text) refers to startup_stm32f446xx.o(HEAP) for Heap_Mem
    startup_stm32f446xx.o(.text) refers to startup_stm32f446xx.o(STACK) for Stack_Mem
    main.o(.text.main) refers to main.o(.text.LL_APB2_GRP1_EnableClock) for LL_APB2_GRP1_EnableClock
    main.o(.text.main) refers to main.o(.text.LL_APB1_GRP1_EnableClock) for LL_APB1_GRP1_EnableClock
    main.o(.text.main) refers to main.o(.text.__NVIC_SetPriorityGrouping) for __NVIC_SetPriorityGrouping
    main.o(.text.main) refers to main.o(.text.__NVIC_GetPriorityGrouping) for __NVIC_GetPriorityGrouping
    main.o(.text.main) refers to main.o(.text.NVIC_EncodePriority) for NVIC_EncodePriority
    main.o(.text.main) refers to main.o(.text.__NVIC_SetPriority) for __NVIC_SetPriority
    main.o(.text.main) refers to main.o(.text.SystemClock_Config) for SystemClock_Config
    main.o(.text.main) refers to main.o(.text.gpio_Config) for gpio_Config
    main.o(.text.main) refers to main.o(.text.USART_Config) for USART_Config
    main.o(.text.main) refers to main.o(.text.tim3und4_Config) for tim3und4_Config
    main.o(.text.main) refers to main.o(.text.tim6_Config) for tim6_Config
    main.o(.text.main) refers to main.o(.text.setMicrosteps) for setMicrosteps
    main.o(.text.main) refers to main.o(.data.microsteps) for microsteps
    main.o(.text.main) refers to main.o(.text.setFrequency) for setFrequency
    main.o(.text.main) refers to main.o(.text.LL_TIM_EnableCounter) for LL_TIM_EnableCounter
    main.o(.text.main) refers to main.o(.text.report) for report
    main.o(.ARM.exidx.text.main) refers to main.o(.text.main) for [Anonymous Symbol]
    main.o(.ARM.exidx.text.LL_APB2_GRP1_EnableClock) refers to main.o(.text.LL_APB2_GRP1_EnableClock) for [Anonymous Symbol]
    main.o(.ARM.exidx.text.LL_APB1_GRP1_EnableClock) refers to main.o(.text.LL_APB1_GRP1_EnableClock) for [Anonymous Symbol]
    main.o(.ARM.exidx.text.__NVIC_SetPriorityGrouping) refers to main.o(.text.__NVIC_SetPriorityGrouping) for [Anonymous Symbol]
    main.o(.ARM.exidx.text.__NVIC_SetPriority) refers to main.o(.text.__NVIC_SetPriority) for [Anonymous Symbol]
    main.o(.ARM.exidx.text.NVIC_EncodePriority) refers to main.o(.text.NVIC_EncodePriority) for [Anonymous Symbol]
    main.o(.ARM.exidx.text.__NVIC_GetPriorityGrouping) refers to main.o(.text.__NVIC_GetPriorityGrouping) for [Anonymous Symbol]
    main.o(.text.SystemClock_Config) refers to main.o(.text.LL_FLASH_SetLatency) for LL_FLASH_SetLatency
    main.o(.text.SystemClock_Config) refers to main.o(.text.LL_FLASH_GetLatency) for LL_FLASH_GetLatency
    main.o(.text.SystemClock_Config) refers to main.o(.text.LL_PWR_SetRegulVoltageScaling) for LL_PWR_SetRegulVoltageScaling
[...]
    ../clib/signal.c                         0x00000000   Number         0  defsig_stak_inner.o ABSOLUTE
    ../clib/signal.c                         0x00000000   Number         0  defsig_pvfn_inner.o ABSOLUTE
    ../clib/signal.c                         0x00000000   Number         0  defsig_cppl_inner.o ABSOLUTE
    ../clib/signal.c                         0x00000000   Number         0  defsig_segv_inner.o ABSOLUTE
    ../clib/signal.c                         0x00000000   Number         0  defsig_other.o ABSOLUTE
    ../clib/signal.s                         0x00000000   Number         0  defsig.o ABSOLUTE
    ../clib/stdlib.c                         0x00000000   Number         0  exit.o ABSOLUTE
    ../fplib/fpinit.s                        0x00000000   Number         0  fpinit.o ABSOLUTE
    coords.c                                 0x00000000   Number         0  coords.o ABSOLUTE
    dc.s                                     0x00000000   Number         0  dc.o ABSOLUTE
    draw_patterns.c                          0x00000000   Number         0  draw_patterns.o ABSOLUTE
    letters.c                                0x00000000   Number         0  letters.o ABSOLUTE
    main.c                                   0x00000000   Number         0  main.o ABSOLUTE
    startup_stm32f446xx.s                    0x00000000   Number         0  startup_stm32f446xx.o ABSOLUTE
    stm32f4xx_it.c                           0x00000000   Number         0  stm32f4xx_it.o ABSOLUTE
    stm32f4xx_ll_adc.c                       0x00000000   Number         0  stm32f4xx_ll_adc.o ABSOLUTE
    stm32f4xx_ll_exti.c                      0x00000000   Number         0  stm32f4xx_ll_exti.o ABSOLUTE
    stm32f4xx_ll_gpio.c                      0x00000000   Number         0  stm32f4xx_ll_gpio.o ABSOLUTE
    stm32f4xx_ll_pwr.c                       0x00000000   Number         0  stm32f4xx_ll_pwr.o ABSOLUTE
    stm32f4xx_ll_rcc.c                       0x00000000   Number         0  stm32f4xx_ll_rcc.o ABSOLUTE
    stm32f4xx_ll_tim.c                       0x00000000   Number         0  stm32f4xx_ll_tim.o ABSOLUTE
    stm32f4xx_ll_usart.c                     0x00000000   Number         0  stm32f4xx_ll_usart.o ABSOLUTE
    stm32f4xx_ll_utils.c                     0x00000000   Number         0  stm32f4xx_ll_utils.o ABSOLUTE
    system_stm32f4xx.c                       0x00000000   Number         0  system_stm32f4xx.o ABSOLUTE
    RESET                                    0x08000000   Section      452  startup_stm32f446xx.o(RESET)
    !!!main                                  0x080001c4   Section        8  __main.o(!!!main)
    !!!scatter                               0x080001cc   Section       92  __scatter.o(!!!scatter)
    !!handler_copy                           0x08000228   Section       26  __scatter_copy.o(!!handler_copy)
    !!handler_null                           0x08000244   Section        2  __scatter.o(!!handler_null)
    !!handler_zi                             0x08000248   Section       28  __scatter_zi.o(!!handler_zi)
    .ARM.Collect$$libinit$$00000000          0x08000264   Section        2  libinit.o(.ARM.Collect$$libinit$$00000000)
    .ARM.Collect$$libinit$$00000001          0x08000266   Section        4  libinit2.o(.ARM.Collect$$libinit$$00000001)
    .ARM.Collect$$libinit$$00000004          0x0800026a   Section        0  libinit2.o(.ARM.Collect$$libinit$$00000004)
    .ARM.Collect$$libinit$$00000006          0x0800026a   Section        0  libinit2.o(.ARM.Collect$$libinit$$00000006)
    .ARM.Collect$$libinit$$0000000C          0x0800026a   Section        0  libinit2.o(.ARM.Collect$$libinit$$0000000C)
    .ARM.Collect$$libinit$$0000000E          0x0800026a   Section        0  libinit2.o(.ARM.Collect$$libinit$$0000000E)
    .ARM.Collect$$libinit$$00000010          0x0800026a   Section        0  libinit2.o(.ARM.Collect$$libinit$$00000010)
    .ARM.Collect$$libinit$$00000013          0x0800026a   Section        0  libinit2.o(.ARM.Collect$$libinit$$00000013)
    .ARM.Collect$$libinit$$00000015          0x0800026a   Section        0  libinit2.o(.ARM.Collect$$libinit$$00000015)
    .ARM.Collect$$libinit$$00000017          0x0800026a   Section        0  libinit2.o(.ARM.Collect$$libinit$$00000017)
    .ARM.Collect$$libinit$$00000019          0x0800026a   Section        0  libinit2.o(.ARM.Collect$$libinit$$00000019)
    .ARM.Collect$$libinit$$0000001B          0x0800026a   Section        0  libinit2.o(.ARM.Collect$$libinit$$0000001B)
    .ARM.Collect$$libinit$$0000001D          0x0800026a   Section        0  libinit2.o(.ARM.Collect$$libinit$$0000001D)
    .ARM.Collect$$libinit$$0000001F          0x0800026a   Section        0  libinit2.o(.ARM.Collect$$libinit$$0000001F)
    .ARM.Collect$$libinit$$00000021          0x0800026a   Section        0  libinit2.o(.ARM.Collect$$libinit$$00000021)
    .ARM.Collect$$libinit$$00000023          0x0800026a   Section        0  libinit2.o(.ARM.Collect$$libinit$$00000023)
    .ARM.Collect$$libinit$$00000025          0x0800026a   Section        0  libinit2.o(.ARM.Collect$$libinit$$00000025)
    .ARM.Collect$$libinit$$00000027          0x0800026a   Section        0  libinit2.o(.ARM.Collect$$libinit$$00000027)
    .ARM.Collect$$libinit$$0000002E          0x0800026a   Section        0  libinit2.o(.ARM.Collect$$libinit$$0000002E)
    .ARM.Collect$$libinit$$00000030          0x0800026a   Section        0  libinit2.o(.ARM.Collect$$libinit$$00000030)
    .ARM.Collect$$libinit$$00000032          0x0800026a   Section        0  libinit2.o(.ARM.Collect$$libinit$$00000032)
    .ARM.Collect$$libinit$$00000034          0x0800026a   Section        0  libinit2.o(.ARM.Collect$$libinit$$00000034)
    .ARM.Collect$$libinit$$00000035          0x0800026a   Section        2  libinit2.o(.ARM.Collect$$libinit$$00000035)
    .ARM.Collect$$libshutdown$$00000000      0x0800026c   Section        2  libshutdown.o(.ARM.Collect$$libshutdown$$00000000)
    .ARM.Collect$$libshutdown$$00000002      0x0800026e   Section        0  libshutdown2.o(.ARM.Collect$$libshutdown$$00000002)
    .ARM.Collect$$libshutdown$$00000004      0x0800026e   Section        0  libshutdown2.o(.ARM.Collect$$libshutdown$$00000004)
    .ARM.Collect$$libshutdown$$00000007      0x0800026e   Section        0  libshutdown2.o(.ARM.Collect$$libshutdown$$00000007)
    .ARM.Collect$$libshutdown$$0000000A      0x0800026e   Section        0  libshutdown2.o(.ARM.Collect$$libshutdown$$0000000A)
    .ARM.Collect$$libshutdown$$0000000C      0x0800026e   Section        0  libshutdown2.o(.ARM.Collect$$libshutdown$$0000000C)
    .ARM.Collect$$libshutdown$$0000000F      0x0800026e   Section        0  libshutdown2.o(.ARM.Collect$$libshutdown$$0000000F)
    .ARM.Collect$$libshutdown$$00000010      0x0800026e   Section        2  libshutdown2.o(.ARM.Collect$$libshutdown$$00000010)
    .ARM.Collect$$rtentry$$00000000          0x08000270   Section        0  __rtentry.o(.ARM.Collect$$rtentry$$00000000)
    .ARM.Collect$$rtentry$$00000002          0x08000270   Section        0  __rtentry2.o(.ARM.Collect$$rtentry$$00000002)
    .ARM.Collect$$rtentry$$00000004          0x08000270   Section        6  __rtentry4.o(.ARM.Collect$$rtentry$$00000004)
    .ARM.Collect$$rtentry$$00000009          0x08000276   Section        0  __rtentry2.o(.ARM.Collect$$rtentry$$00000009)
    .ARM.Collect$$rtentry$$0000000A          0x08000276   Section        4  __rtentry2.o(.ARM.Collect$$rtentry$$0000000A)
    .ARM.Collect$$rtentry$$0000000C          0x0800027a   Section        0  __rtentry2.o(.ARM.Collect$$rtentry$$0000000C)
    .ARM.Collect$$rtentry$$0000000D          0x0800027a   Section        8  __rtentry2.o(.ARM.Collect$$rtentry$$0000000D)
    .ARM.Collect$$rtexit$$00000000           0x08000282   Section        2  rtexit.o(.ARM.Collect$$rtexit$$00000000)
    .ARM.Collect$$rtexit$$00000002           0x08000284   Section        0  rtexit2.o(.ARM.Collect$$rtexit$$00000002)
    .ARM.Collect$$rtexit$$00000003           0x08000284   Section        4  rtexit2.o(.ARM.Collect$$rtexit$$00000003)
    .ARM.Collect$$rtexit$$00000004           0x08000288   Section        6  rtexit2.o(.ARM.Collect$$rtexit$$00000004)
    $v0                                      0x08000290   Number         0  startup_stm32f446xx.o(.text)
    .text                                    0x08000290   Section       64  startup_stm32f446xx.o(.text)
    .text                                    0x080002d0   Section      240  lludivv7m.o(.text)
    .text                                    0x080003c0   Section        0  heapauxi.o(.text)
    .text                                    0x080003c6   Section       74  sys_stackheap_outer.o(.text)
    .text                                    0x08000410   Section        0  exit.o(.text)
    .text                                    0x08000424   Section        8  libspace.o(.text)
    .text                                    0x0800042c   Section        0  sys_exit.o(.text)
    .text                                    0x08000438   Section        2  use_no_semi.o(.text)
    .text                                    0x0800043a   Section        0  indicate_semi.o(.text)
    [Anonymous Symbol]                       0x0800043c   Section        0  stm32f4xx_it.o(.text.BusFault_Handler)
    [Anonymous Symbol]                       0x08000440   Section        0  stm32f4xx_it.o(.text.DebugMon_Handler)
    [Anonymous Symbol]                       0x08000444   Section        0  main.o(.text.EXTI0_IRQHandler)
    [Anonymous Symbol]                       0x0800045c   Section        0  main.o(.text.EXTI1_IRQHandler)
    [Anonymous Symbol]                       0x08000474   Section        0  stm32f4xx_it.o(.text.HardFault_Handler)
    LL_AHB1_GRP1_EnableClock                 0x08000479   Thumb Code    34  main.o(.text.LL_AHB1_GRP1_EnableClock)
    [Anonymous Symbol]                       0x08000478   Section        0  main.o(.text.LL_AHB1_GRP1_EnableClock)
    LL_APB1_GRP1_EnableClock                 0x0800049d   Thumb Code    34  main.o(.text.LL_APB1_GRP1_EnableClock)
    [Anonymous Symbol]                       0x0800049c   Section        0  main.o(.text.LL_APB1_GRP1_EnableClock)
    LL_APB2_GRP1_EnableClock                 0x080004c1   Thumb Code    34  main.o(.text.LL_APB2_GRP1_EnableClock)
    [Anonymous Symbol]                       0x080004c0   Section        0  main.o(.text.LL_APB2_GRP1_EnableClock)
    LL_EXTI_ClearFlag_0_31                   0x080004e5   Thumb Code    20  main.o(.text.LL_EXTI_ClearFlag_0_31)
    [Anonymous Symbol]                       0x080004e4   Section        0  main.o(.text.LL_EXTI_ClearFlag_0_31)
    LL_EXTI_DisableEvent_0_31                0x080004f9   Thumb Code    24  stm32f4xx_ll_exti.o(.text.LL_EXTI_DisableEvent_0_31)
    [Anonymous Symbol]                       0x080004f8   Section        0  stm32f4xx_ll_exti.o(.text.LL_EXTI_DisableEvent_0_31)
    LL_EXTI_DisableFallingTrig_0_31          0x08000511   Thumb Code    24  stm32f4xx_ll_exti.o(.text.LL_EXTI_DisableFallingTrig_0_31)
    [Anonymous Symbol]                       0x08000510   Section        0  stm32f4xx_ll_exti.o(.text.LL_EXTI_DisableFallingTrig_0_31)
    LL_EXTI_DisableIT_0_31                   0x08000529   Thumb Code    24  stm32f4xx_ll_exti.o(.text.LL_EXTI_DisableIT_0_31)
    [Anonymous Symbol]                       0x08000528   Section        0  stm32f4xx_ll_exti.o(.text.LL_EXTI_DisableIT_0_31)
    LL_EXTI_DisableRisingTrig_0_31           0x08000541   Thumb Code    24  stm32f4xx_ll_exti.o(.text.LL_EXTI_DisableRisingTrig_0_31)
    [Anonymous Symbol]                       0x08000540   Section        0  stm32f4xx_ll_exti.o(.text.LL_EXTI_DisableRisingTrig_0_31)
    LL_EXTI_EnableEvent_0_31                 0x08000559   Thumb Code    24  stm32f4xx_ll_exti.o(.text.LL_EXTI_EnableEvent_0_31)
    [Anonymous Symbol]                       0x08000558   Section        0  stm32f4xx_ll_exti.o(.text.LL_EXTI_EnableEvent_0_31)
    LL_EXTI_EnableFallingTrig_0_31           0x08000571   Thumb Code    24  stm32f4xx_ll_exti.o(.text.LL_EXTI_EnableFallingTrig_0_31)
    [Anonymous Symbol]                       0x08000570   Section        0  stm32f4xx_ll_exti.o(.text.LL_EXTI_EnableFallingTrig_0_31)
    LL_EXTI_EnableIT_0_31                    0x08000589   Thumb Code    24  stm32f4xx_ll_exti.o(.text.LL_EXTI_EnableIT_0_31)
    [Anonymous Symbol]                       0x08000588   Section        0  stm32f4xx_ll_exti.o(.text.LL_EXTI_EnableIT_0_31)
    LL_EXTI_EnableRisingTrig_0_31            0x080005a1   Thumb Code    24  stm32f4xx_ll_exti.o(.text.LL_EXTI_EnableRisingTrig_0_31)
    [Anonymous Symbol]                       0x080005a0   Section        0  stm32f4xx_ll_exti.o(.text.LL_EXTI_EnableRisingTrig_0_31)
    [Anonymous Symbol]                       0x080005b8   Section        0  stm32f4xx_ll_exti.o(.text.LL_EXTI_Init)
    LL_FLASH_GetLatency                      0x080006b9   Thumb Code    16  main.o(.text.LL_FLASH_GetLatency)
    [Anonymous Symbol]                       0x080006b8   Section        0  main.o(.text.LL_FLASH_GetLatency)
    LL_FLASH_SetLatency                      0x080006c9   Thumb Code    28  main.o(.text.LL_FLASH_SetLatency)
    [Anonymous Symbol]                       0x080006c8   Section        0  main.o(.text.LL_FLASH_SetLatency)
    [Anonymous Symbol]                       0x080006e4   Section        0  stm32f4xx_ll_gpio.o(.text.LL_GPIO_Init)
    LL_GPIO_ResetOutputPin                   0x080007ed   Thumb Code    18  main.o(.text.LL_GPIO_ResetOutputPin)
    [Anonymous Symbol]                       0x080007ec   Section        0  main.o(.text.LL_GPIO_ResetOutputPin)
    LL_GPIO_SetAFPin_0_7                     0x08000801   Thumb Code   124  stm32f4xx_ll_gpio.o(.text.LL_GPIO_SetAFPin_0_7)
    [Anonymous Symbol]                       0x08000800   Section        0  stm32f4xx_ll_gpio.o(.text.LL_GPIO_SetAFPin_0_7)
    LL_GPIO_SetAFPin_8_15                    0x0800087d   Thumb Code   128  stm32f4xx_ll_gpio.o(.text.LL_GPIO_SetAFPin_8_15)
    [Anonymous Symbol]                       0x0800087c   Section        0  stm32f4xx_ll_gpio.o(.text.LL_GPIO_SetAFPin_8_15)
    LL_GPIO_SetOutputPin                     0x080008fd   Thumb Code    16  main.o(.text.LL_GPIO_SetOutputPin)
    [Anonymous Symbol]                       0x080008fc   Section        0  main.o(.text.LL_GPIO_SetOutputPin)
    LL_GPIO_SetPinMode                       0x0800090d   Thumb Code   124  stm32f4xx_ll_gpio.o(.text.LL_GPIO_SetPinMode)
    [Anonymous Symbol]                       0x0800090c   Section        0  stm32f4xx_ll_gpio.o(.text.LL_GPIO_SetPinMode)
    LL_GPIO_SetPinOutputType                 0x08000989   Thumb Code    30  stm32f4xx_ll_gpio.o(.text.LL_GPIO_SetPinOutputType)
    [Anonymous Symbol]                       0x08000988   Section        0  stm32f4xx_ll_gpio.o(.text.LL_GPIO_SetPinOutputType)
    LL_GPIO_SetPinPull                       0x080009a9   Thumb Code   124  stm32f4xx_ll_gpio.o(.text.LL_GPIO_SetPinPull)
    [Anonymous Symbol]                       0x080009a8   Section        0  stm32f4xx_ll_gpio.o(.text.LL_GPIO_SetPinPull)
    LL_GPIO_SetPinSpeed                      0x08000a25   Thumb Code   124  stm32f4xx_ll_gpio.o(.text.LL_GPIO_SetPinSpeed)
    [Anonymous Symbol]                       0x08000a24   Section        0  stm32f4xx_ll_gpio.o(.text.LL_GPIO_SetPinSpeed)
    [Anonymous Symbol]                       0x08000aa0   Section        0  stm32f4xx_ll_utils.o(.text.LL_Init1msTick)
    LL_InitTick                              0x08000ab5   Thumb Code    54  stm32f4xx_ll_utils.o(.text.LL_InitTick)
    [Anonymous Symbol]                       0x08000ab4   Section        0  stm32f4xx_ll_utils.o(.text.LL_InitTick)
    LL_PWR_DisableOverDriveMode              0x08000aed   Thumb Code    18  main.o(.text.LL_PWR_DisableOverDriveMode)
    [Anonymous Symbol]                       0x08000aec   Section        0  main.o(.text.LL_PWR_DisableOverDriveMode)
    LL_PWR_SetRegulVoltageScaling            0x08000b01   Thumb Code    28  main.o(.text.LL_PWR_SetRegulVoltageScaling)
    [Anonymous Symbol]                       0x08000b00   Section        0  main.o(.text.LL_PWR_SetRegulVoltageScaling)
    LL_RCC_GetAHBPrescaler                   0x08000b1d   Thumb Code    16  stm32f4xx_ll_rcc.o(.text.LL_RCC_GetAHBPrescaler)
    [Anonymous Symbol]                       0x08000b1c   Section        0  stm32f4xx_ll_rcc.o(.text.LL_RCC_GetAHBPrescaler)
    LL_RCC_GetAPB1Prescaler                  0x08000b2d   Thumb Code    16  stm32f4xx_ll_rcc.o(.text.LL_RCC_GetAPB1Prescaler)
    [Anonymous Symbol]                       0x08000b2c   Section        0  stm32f4xx_ll_rcc.o(.text.LL_RCC_GetAPB1Prescaler)
    LL_RCC_GetAPB2Prescaler                  0x08000b3d   Thumb Code    16  stm32f4xx_ll_rcc.o(.text.LL_RCC_GetAPB2Prescaler)
    [Anonymous Symbol]                       0x08000b3c   Section        0  stm32f4xx_ll_rcc.o(.text.LL_RCC_GetAPB2Prescaler)
    LL_RCC_GetSysClkSource                   0x08000b4d   Thumb Code    16  main.o(.text.LL_RCC_GetSysClkSource)
    [Anonymous Symbol]                       0x08000b4c   Section        0  main.o(.text.LL_RCC_GetSysClkSource)
    LL_RCC_GetSysClkSource                   0x08000b5d   Thumb Code    16  stm32f4xx_ll_rcc.o(.text.LL_RCC_GetSysClkSource)
    [Anonymous Symbol]                       0x08000b5c   Section        0  stm32f4xx_ll_rcc.o(.text.LL_RCC_GetSysClkSource)
    [Anonymous Symbol]                       0x08000b6c   Section        0  stm32f4xx_ll_rcc.o(.text.LL_RCC_GetSystemClocksFreq)
    LL_RCC_HSI_Enable                        0x08000ba5   Thumb Code    18  main.o(.text.LL_RCC_HSI_Enable)
    [Anonymous Symbol]                       0x08000ba4   Section        0  main.o(.text.LL_RCC_HSI_Enable)
    LL_RCC_HSI_IsReady                       0x08000bb9   Thumb Code    16  main.o(.text.LL_RCC_HSI_IsReady)
    [Anonymous Symbol]                       0x08000bb8   Section        0  main.o(.text.LL_RCC_HSI_IsReady)
    LL_RCC_HSI_SetCalibTrimming              0x08000bc9   Thumb Code    30  main.o(.text.LL_RCC_HSI_SetCalibTrimming)
    [Anonymous Symbol]                       0x08000bc8   Section        0  main.o(.text.LL_RCC_HSI_SetCalibTrimming)
    LL_RCC_PLL_GetDivider                    0x08000be9   Thumb Code    16  stm32f4xx_ll_rcc.o(.text.LL_RCC_PLL_GetDivider)
    [Anonymous Symbol]                       0x08000be8   Section        0  stm32f4xx_ll_rcc.o(.text.LL_RCC_PLL_GetDivider)
    LL_RCC_PLL_GetMainSource                 0x08000bf9   Thumb Code    16  stm32f4xx_ll_rcc.o(.text.LL_RCC_PLL_GetMainSource)
    [Anonymous Symbol]                       0x08000bf8   Section        0  stm32f4xx_ll_rcc.o(.text.LL_RCC_PLL_GetMainSource)
    LL_RCC_PLL_GetN                          0x08000c09   Thumb Code    16  stm32f4xx_ll_rcc.o(.text.LL_RCC_PLL_GetN)
    [Anonymous Symbol]                       0x08000c08   Section        0  stm32f4xx_ll_rcc.o(.text.LL_RCC_PLL_GetN)
    LL_RCC_PLL_GetP                          0x08000c19   Thumb Code    16  stm32f4xx_ll_rcc.o(.text.LL_RCC_PLL_GetP)
    [Anonymous Symbol]                       0x08000c18   Section        0  stm32f4xx_ll_rcc.o(.text.LL_RCC_PLL_GetP)
    LL_RCC_PLL_GetR                          0x08000c29   Thumb Code    16  stm32f4xx_ll_rcc.o(.text.LL_RCC_PLL_GetR)
    [Anonymous Symbol]                       0x08000c28   Section        0  stm32f4xx_ll_rcc.o(.text.LL_RCC_PLL_GetR)
    LL_RCC_SetAHBPrescaler                   0x08000c39   Thumb Code    28  main.o(.text.LL_RCC_SetAHBPrescaler)
    [Anonymous Symbol]                       0x08000c38   Section        0  main.o(.text.LL_RCC_SetAHBPrescaler)
    LL_RCC_SetAPB1Prescaler                  0x08000c55   Thumb Code    28  main.o(.text.LL_RCC_SetAPB1Prescaler)
    [Anonymous Symbol]                       0x08000c54   Section        0  main.o(.text.LL_RCC_SetAPB1Prescaler)
    LL_RCC_SetAPB2Prescaler                  0x08000c71   Thumb Code    28  main.o(.text.LL_RCC_SetAPB2Prescaler)
    [Anonymous Symbol]                       0x08000c70   Section        0  main.o(.text.LL_RCC_SetAPB2Prescaler)
    LL_RCC_SetSysClkSource                   0x08000c8d   Thumb Code    28  main.o(.text.LL_RCC_SetSysClkSource)
    [Anonymous Symbol]                       0x08000c8c   Section        0  main.o(.text.LL_RCC_SetSysClkSource)
    LL_RCC_SetTIMPrescaler                   0x08000ca9   Thumb Code    28  main.o(.text.LL_RCC_SetTIMPrescaler)
    [Anonymous Symbol]                       0x08000ca8   Section        0  main.o(.text.LL_RCC_SetTIMPrescaler)
    LL_SYSCFG_SetEXTISource                  0x08000cc5   Thumb Code   100  main.o(.text.LL_SYSCFG_SetEXTISource)
    [Anonymous Symbol]                       0x08000cc4   Section        0  main.o(.text.LL_SYSCFG_SetEXTISource)
    [Anonymous Symbol]                       0x08000d28   Section        0  stm32f4xx_ll_utils.o(.text.LL_SetSystemCoreClock)
    LL_TIM_CC_EnableChannel                  0x08000d3d   Thumb Code    20  main.o(.text.LL_TIM_CC_EnableChannel)
    [Anonymous Symbol]                       0x08000d3c   Section        0  main.o(.text.LL_TIM_CC_EnableChannel)
    LL_TIM_ClearFlag_UPDATE                  0x08000d51   Thumb Code    16  main.o(.text.LL_TIM_ClearFlag_UPDATE)
    [Anonymous Symbol]                       0x08000d50   Section        0  main.o(.text.LL_TIM_ClearFlag_UPDATE)
    LL_TIM_DisableCounter                    0x08000d61   Thumb Code    18  main.o(.text.LL_TIM_DisableCounter)
    [Anonymous Symbol]                       0x08000d60   Section        0  main.o(.text.LL_TIM_DisableCounter)
    LL_TIM_EnableARRPreload                  0x08000d75   Thumb Code    18  main.o(.text.LL_TIM_EnableARRPreload)
    [Anonymous Symbol]                       0x08000d74   Section        0  main.o(.text.LL_TIM_EnableARRPreload)
    LL_TIM_EnableCounter                     0x08000d89   Thumb Code    18  main.o(.text.LL_TIM_EnableCounter)
    [Anonymous Symbol]                       0x08000d88   Section        0  main.o(.text.LL_TIM_EnableCounter)
    LL_TIM_EnableIT_UPDATE                   0x08000d9d   Thumb Code    18  main.o(.text.LL_TIM_EnableIT_UPDATE)
    [Anonymous Symbol]                       0x08000d9c   Section        0  main.o(.text.LL_TIM_EnableIT_UPDATE)
    LL_TIM_GenerateEvent_UPDATE              0x08000db1   Thumb Code    18  stm32f4xx_ll_tim.o(.text.LL_TIM_GenerateEvent_UPDATE)
    [Anonymous Symbol]                       0x08000db0   Section        0  stm32f4xx_ll_tim.o(.text.LL_TIM_GenerateEvent_UPDATE)
    LL_TIM_GetAutoReload                     0x08000dc5   Thumb Code    12  main.o(.text.LL_TIM_GetAutoReload)
    [Anonymous Symbol]                       0x08000dc4   Section        0  main.o(.text.LL_TIM_GetAutoReload)
    [Anonymous Symbol]                       0x08000dd0   Section        0  stm32f4xx_ll_tim.o(.text.LL_TIM_Init)
    LL_TIM_OC_EnablePreload                  0x08000f61   Thumb Code   178  main.o(.text.LL_TIM_OC_EnablePreload)
    [Anonymous Symbol]                       0x08000f60   Section        0  main.o(.text.LL_TIM_OC_EnablePreload)
    [Anonymous Symbol]                       0x08001014   Section        0  stm32f4xx_ll_tim.o(.text.LL_TIM_OC_Init)
    LL_TIM_OC_SetCompareCH1                  0x0800108d   Thumb Code    16  main.o(.text.LL_TIM_OC_SetCompareCH1)
    [Anonymous Symbol]                       0x0800108c   Section        0  main.o(.text.LL_TIM_OC_SetCompareCH1)
    LL_TIM_OC_SetCompareCH1                  0x0800109d   Thumb Code    16  stm32f4xx_ll_tim.o(.text.LL_TIM_OC_SetCompareCH1)
    [Anonymous Symbol]                       0x0800109c   Section        0  stm32f4xx_ll_tim.o(.text.LL_TIM_OC_SetCompareCH1)
    LL_TIM_OC_SetCompareCH2                  0x080010ad   Thumb Code    16  main.o(.text.LL_TIM_OC_SetCompareCH2)
    [Anonymous Symbol]                       0x080010ac   Section        0  main.o(.text.LL_TIM_OC_SetCompareCH2)
    LL_TIM_OC_SetCompareCH2                  0x080010bd   Thumb Code    16  stm32f4xx_ll_tim.o(.text.LL_TIM_OC_SetCompareCH2)
    [Anonymous Symbol]                       0x080010bc   Section        0  stm32f4xx_ll_tim.o(.text.LL_TIM_OC_SetCompareCH2)
    LL_TIM_OC_SetCompareCH3                  0x080010cd   Thumb Code    16  main.o(.text.LL_TIM_OC_SetCompareCH3)
    [Anonymous Symbol]                       0x080010cc   Section        0  main.o(.text.LL_TIM_OC_SetCompareCH3)
    LL_TIM_OC_SetCompareCH3                  0x080010dd   Thumb Code    16  stm32f4xx_ll_tim.o(.text.LL_TIM_OC_SetCompareCH3)
    [Anonymous Symbol]                       0x080010dc   Section        0  stm32f4xx_ll_tim.o(.text.LL_TIM_OC_SetCompareCH3)
    LL_TIM_OC_SetCompareCH4                  0x080010ed   Thumb Code    16  main.o(.text.LL_TIM_OC_SetCompareCH4)
    [Anonymous Symbol]                       0x080010ec   Section        0  main.o(.text.LL_TIM_OC_SetCompareCH4)
    LL_TIM_OC_SetCompareCH4                  0x080010fd   Thumb Code    16  stm32f4xx_ll_tim.o(.text.LL_TIM_OC_SetCompareCH4)
    [Anonymous Symbol]                       0x080010fc   Section        0  stm32f4xx_ll_tim.o(.text.LL_TIM_OC_SetCompareCH4)
    LL_TIM_SetAutoReload                     0x0800110d   Thumb Code    16  main.o(.text.LL_TIM_SetAutoReload)
    [Anonymous Symbol]                       0x0800110c   Section        0  main.o(.text.LL_TIM_SetAutoReload)
    LL_TIM_SetAutoReload                     0x0800111d   Thumb Code    16  stm32f4xx_ll_tim.o(.text.LL_TIM_SetAutoReload)
    [Anonymous Symbol]                       0x0800111c   Section        0  stm32f4xx_ll_tim.o(.text.LL_TIM_SetAutoReload)
    LL_TIM_SetCounter                        0x0800112d   Thumb Code    16  main.o(.text.LL_TIM_SetCounter)
    [Anonymous Symbol]                       0x0800112c   Section        0  main.o(.text.LL_TIM_SetCounter)
    LL_TIM_SetPrescaler                      0x0800113d   Thumb Code    16  stm32f4xx_ll_tim.o(.text.LL_TIM_SetPrescaler)
    [Anonymous Symbol]                       0x0800113c   Section        0  stm32f4xx_ll_tim.o(.text.LL_TIM_SetPrescaler)
    LL_TIM_SetRepetitionCounter              0x0800114d   Thumb Code    16  stm32f4xx_ll_tim.o(.text.LL_TIM_SetRepetitionCounter)
    [Anonymous Symbol]                       0x0800114c   Section        0  stm32f4xx_ll_tim.o(.text.LL_TIM_SetRepetitionCounter)
    LL_USART_Enable                          0x0800115d   Thumb Code    18  main.o(.text.LL_USART_Enable)
    [Anonymous Symbol]                       0x0800115c   Section        0  main.o(.text.LL_USART_Enable)
    LL_USART_EnableIT_RXNE                   0x08001171   Thumb Code    42  main.o(.text.LL_USART_EnableIT_RXNE)
    [Anonymous Symbol]                       0x08001170   Section        0  main.o(.text.LL_USART_EnableIT_RXNE)
    [Anonymous Symbol]                       0x0800119c   Section        0  stm32f4xx_ll_usart.o(.text.LL_USART_Init)
    LL_USART_IsActiveFlag_RXNE               0x080012b9   Thumb Code    16  main.o(.text.LL_USART_IsActiveFlag_RXNE)
    [Anonymous Symbol]                       0x080012b8   Section        0  main.o(.text.LL_USART_IsActiveFlag_RXNE)
    LL_USART_IsActiveFlag_TXE                0x080012c9   Thumb Code    16  main.o(.text.LL_USART_IsActiveFlag_TXE)
    [Anonymous Symbol]                       0x080012c8   Section        0  main.o(.text.LL_USART_IsActiveFlag_TXE)
    LL_USART_IsEnabled                       0x080012d9   Thumb Code    16  stm32f4xx_ll_usart.o(.text.LL_USART_IsEnabled)
    [Anonymous Symbol]                       0x080012d8   Section        0  stm32f4xx_ll_usart.o(.text.LL_USART_IsEnabled)
    LL_USART_ReceiveData8                    0x080012e9   Thumb Code    14  main.o(.text.LL_USART_ReceiveData8)
    [Anonymous Symbol]                       0x080012e8   Section        0  main.o(.text.LL_USART_ReceiveData8)
    LL_USART_SetBaudRate                     0x080012f9   Thumb Code   176  stm32f4xx_ll_usart.o(.text.LL_USART_SetBaudRate)
    [Anonymous Symbol]                       0x080012f8   Section        0  stm32f4xx_ll_usart.o(.text.LL_USART_SetBaudRate)
    LL_USART_SetHWFlowCtrl                   0x080013a9   Thumb Code    26  stm32f4xx_ll_usart.o(.text.LL_USART_SetHWFlowCtrl)
    [Anonymous Symbol]                       0x080013a8   Section        0  stm32f4xx_ll_usart.o(.text.LL_USART_SetHWFlowCtrl)
    LL_USART_SetStopBitsLength               0x080013c5   Thumb Code    26  stm32f4xx_ll_usart.o(.text.LL_USART_SetStopBitsLength)
    [Anonymous Symbol]                       0x080013c4   Section        0  stm32f4xx_ll_usart.o(.text.LL_USART_SetStopBitsLength)
    [Anonymous Symbol]                       0x080013e0   Section        0  stm32f4xx_ll_usart.o(.text.LL_USART_StructInit)
    LL_USART_TransmitData8                   0x0800140d   Thumb Code    20  main.o(.text.LL_USART_TransmitData8)
    [Anonymous Symbol]                       0x0800140c   Section        0  main.o(.text.LL_USART_TransmitData8)
    [Anonymous Symbol]                       0x08001420   Section        0  stm32f4xx_it.o(.text.MemManage_Handler)
    [Anonymous Symbol]                       0x08001424   Section        0  stm32f4xx_it.o(.text.NMI_Handler)
    NVIC_EncodePriority                      0x08001429   Thumb Code   108  main.o(.text.NVIC_EncodePriority)
    [Anonymous Symbol]                       0x08001428   Section        0  main.o(.text.NVIC_EncodePriority)
    OC1Config                                0x08001495   Thumb Code   214  stm32f4xx_ll_tim.o(.text.OC1Config)
    [Anonymous Symbol]                       0x08001494   Section        0  stm32f4xx_ll_tim.o(.text.OC1Config)
    OC2Config                                0x0800156d   Thumb Code   222  stm32f4xx_ll_tim.o(.text.OC2Config)
    [Anonymous Symbol]                       0x0800156c   Section        0  stm32f4xx_ll_tim.o(.text.OC2Config)
    OC3Config                                0x0800164d   Thumb Code   220  stm32f4xx_ll_tim.o(.text.OC3Config)
    [Anonymous Symbol]                       0x0800164c   Section        0  stm32f4xx_ll_tim.o(.text.OC3Config)
    OC4Config                                0x08001729   Thumb Code   174  stm32f4xx_ll_tim.o(.text.OC4Config)
    [Anonymous Symbol]                       0x08001728   Section        0  stm32f4xx_ll_tim.o(.text.OC4Config)
    [Anonymous Symbol]                       0x080017d8   Section        0  stm32f4xx_it.o(.text.PendSV_Handler)
    [Anonymous Symbol]                       0x080017dc   Section        0  stm32f4xx_ll_rcc.o(.text.RCC_GetHCLKClockFreq)
    [Anonymous Symbol]                       0x08001804   Section        0  stm32f4xx_ll_rcc.o(.text.RCC_GetPCLK1ClockFreq)
    [Anonymous Symbol]                       0x08001828   Section        0  stm32f4xx_ll_rcc.o(.text.RCC_GetPCLK2ClockFreq)
    [Anonymous Symbol]                       0x0800184c   Section        0  stm32f4xx_ll_rcc.o(.text.RCC_GetSystemClockFreq)
    [Anonymous Symbol]                       0x080018b4   Section        0  stm32f4xx_ll_rcc.o(.text.RCC_PLL_GetFreqDomain_SYS)
    [Anonymous Symbol]                       0x08001974   Section        0  stm32f4xx_it.o(.text.SVC_Handler)
    [Anonymous Symbol]                       0x08001978   Section        0  stm32f4xx_it.o(.text.SysTick_Handler)
    [Anonymous Symbol]                       0x0800197c   Section        0  main.o(.text.SystemClock_Config)
    [Anonymous Symbol]                       0x080019fc   Section        0  system_stm32f4xx.o(.text.SystemInit)
    [Anonymous Symbol]                       0x08001a10   Section        0  main.o(.text.TIM6_DAC_IRQHandler)
    [Anonymous Symbol]                       0x08001cb0   Section        0  main.o(.text.USART2_IRQHandler)
    [Anonymous Symbol]                       0x08001d68   Section        0  main.o(.text.USART_Config)
    [Anonymous Symbol]                       0x08001dc0   Section        0  stm32f4xx_it.o(.text.UsageFault_Handler)
    __NVIC_EnableIRQ                         0x08001dc5   Thumb Code    48  main.o(.text.__NVIC_EnableIRQ)
    [Anonymous Symbol]                       0x08001dc4   Section        0  main.o(.text.__NVIC_EnableIRQ)
    __NVIC_GetPriorityGrouping               0x08001df5   Thumb Code    16  main.o(.text.__NVIC_GetPriorityGrouping)
    [Anonymous Symbol]                       0x08001df4   Section        0  main.o(.text.__NVIC_GetPriorityGrouping)
    __NVIC_SetPriority                       0x08001e05   Thumb Code    66  main.o(.text.__NVIC_SetPriority)
    [Anonymous Symbol]                       0x08001e04   Section        0  main.o(.text.__NVIC_SetPriority)
    __NVIC_SetPriorityGrouping               0x08001e49   Thumb Code    60  main.o(.text.__NVIC_SetPriorityGrouping)
    [Anonymous Symbol]                       0x08001e48   Section        0  main.o(.text.__NVIC_SetPriorityGrouping)
    [Anonymous Symbol]                       0x08001e84   Section        0  main.o(.text.befehl)
    [Anonymous Symbol]                       0x08002008   Section        0  main.o(.text.gpio_Config)
    [Anonymous Symbol]                       0x0800212c   Section        0  main.o(.text.homing)
    [Anonymous Symbol]                       0x08002188   Section        0  main.o(.text.main)
    [Anonymous Symbol]                       0x08002210   Section        0  main.o(.text.move)
    parseFloat                               0x080023d5   Thumb Code   308  main.o(.text.parseFloat)
    [Anonymous Symbol]                       0x080023d4   Section        0  main.o(.text.parseFloat)
    parseInt                                 0x0800250d   Thumb Code   134  main.o(.text.parseInt)
    [Anonymous Symbol]                       0x0800250c   Section        0  main.o(.text.parseInt)
    [Anonymous Symbol]                       0x08002594   Section        0  main.o(.text.report)
    [Anonymous Symbol]                       0x080025c4   Section        0  main.o(.text.reportString)
    [Anonymous Symbol]                       0x080025e8   Section        0  main.o(.text.setFrequency)
    [Anonymous Symbol]                       0x08002664   Section        0  main.o(.text.setMicrosteps)
    [Anonymous Symbol]                       0x0800267c   Section        0  main.o(.text.setPWMs)
    [Anonymous Symbol]                       0x080028d0   Section        0  main.o(.text.stift)
    [Anonymous Symbol]                       0x08002914   Section        0  main.o(.text.tim3und4_Config)
    [Anonymous Symbol]                       0x08002a28   Section        0  main.o(.text.tim6_Config)
    $v0                                      0x08002a6e   Number         0  fpinit.o(x$fpl$fpinit)
    x$fpl$fpinit                             0x08002a6e   Section       26  fpinit.o(x$fpl$fpinit)
    OFFSET_TAB_CCMRx                         0x08002aa0   Data           7  main.o(.rodata.OFFSET_TAB_CCMRx)
    [Anonymous Symbol]                       0x08002aa0   Section        0  main.o(.rodata.OFFSET_TAB_CCMRx)
    SHIFT_TAB_OCxx                           0x08002aa7   Data           7  main.o(.rodata.SHIFT_TAB_OCxx)
    [Anonymous Symbol]                       0x08002aa7   Section        0  main.o(.rodata.SHIFT_TAB_OCxx)
    .bss                                     0x20000020   Section       96  libspace.o(.bss)
    USART2_IRQHandler.cmd                    0x20000080   Data          32  main.o(.bss.USART2_IRQHandler.cmd)
    [Anonymous Symbol]                       0x20000080   Section        0  main.o(.bss.USART2_IRQHandler.cmd)
    USART2_IRQHandler.i                      0x200000a0   Data           1  main.o(.bss.USART2_IRQHandler.i)
    [Anonymous Symbol]                       0x200000a0   Section        0  main.o(.bss.USART2_IRQHandler.i)
    Heap_Mem                                 0x200000d0   Data         512  startup_stm32f446xx.o(HEAP)
    HEAP                                     0x200000d0   Section      512  startup_stm32f446xx.o(HEAP)
    Stack_Mem                                0x200002d0   Data        1024  startup_stm32f446xx.o(STACK)
    STACK                                    0x200002d0   Section     1024  startup_stm32f446xx.o(STACK)
    __initial_sp                             0x200006d0   Data           0  startup_stm32f446xx.o(STACK)

    Global Symbols

    Symbol Name                              Value     Ov Type        Size  Object(Section)

    BuildAttributes$$THM_ISAv4$E$P$D$K$B$S$7EM$VFPi3$EXTD16$VFPS$VFMA$PE$A:L22UL41UL21$X:L11$S22US41US21$IEEE1$IW$~IW$USESV6$~STKCKD$USESV7$~SHL$OSPACE$ROPI$EBA8$UX$STANDARDLIB$REQ8$PRES8$EABIv2 0x00000000   Number         0  anon$$obj.o ABSOLUTE
    __ARM_exceptions_init                     - Undefined Weak Reference
    __alloca_initialize                       - Undefined Weak Reference
    __arm_preinit_                            - Undefined Weak Reference
    __arm_relocate_pie_                       - Undefined Weak Reference
    __cpp_initialize__aeabi_                  - Undefined Weak Reference
    __cxa_finalize                            - Undefined Weak Reference
    __rt_locale                               - Undefined Weak Reference
    __sigvec_lookup                           - Undefined Weak Reference
    _atexit_init                              - Undefined Weak Reference
    _call_atexit_fns                          - Undefined Weak Reference
    _clock_init                               - Undefined Weak Reference
    _fp_trap_init                             - Undefined Weak Reference
    _fp_trap_shutdown                         - Undefined Weak Reference
    _get_lc_collate                           - Undefined Weak Reference
    _get_lc_ctype                             - Undefined Weak Reference
    _get_lc_monetary                          - Undefined Weak Reference
    _get_lc_numeric                           - Undefined Weak Reference
    _get_lc_time                              - Undefined Weak Reference
    _getenv_init                              - Undefined Weak Reference
    _handle_redirection                       - Undefined Weak Reference
    _init_alloc                               - Undefined Weak Reference
    _init_user_alloc                          - Undefined Weak Reference
    _initio                                   - Undefined Weak Reference
    _rand_init                                - Undefined Weak Reference
    _signal_finish                            - Undefined Weak Reference
    _signal_init                              - Undefined Weak Reference
    _terminate_alloc                          - Undefined Weak Reference
    _terminate_user_alloc                     - Undefined Weak Reference
    _terminateio                              - Undefined Weak Reference
    __Vectors_Size                           0x000001c4   Number         0  startup_stm32f446xx.o ABSOLUTE
    __Vectors                                0x08000000   Data           4  startup_stm32f446xx.o(RESET)
    __Vectors_End                            0x080001c4   Data           0  startup_stm32f446xx.o(RESET)
    __main                                   0x080001c5   Thumb Code     8  __main.o(!!!main)
    __scatterload                            0x080001cd   Thumb Code     0  __scatter.o(!!!scatter)
    __scatterload_rt2                        0x080001cd   Thumb Code    84  __scatter.o(!!!scatter)
    __scatterload_rt2_thumb_only             0x080001cd   Thumb Code     0  __scatter.o(!!!scatter)
    __scatterload_loop                       0x080001d7   Thumb Code     0  __scatter.o(!!!scatter)
    __scatterload_copy                       0x08000229   Thumb Code    26  __scatter_copy.o(!!handler_copy)
    __scatterload_null                       0x08000245   Thumb Code     2  __scatter.o(!!handler_null)
    __scatterload_zeroinit                   0x08000249   Thumb Code    28  __scatter_zi.o(!!handler_zi)
    __rt_lib_init                            0x08000265   Thumb Code     0  libinit.o(.ARM.Collect$$libinit$$00000000)
    __rt_lib_init_fp_1                       0x08000267   Thumb Code     0  libinit2.o(.ARM.Collect$$libinit$$00000001)
    __rt_lib_init_alloca_1                   0x0800026b   Thumb Code     0  libinit2.o(.ARM.Collect$$libinit$$00000030)
    __rt_lib_init_argv_1                     0x0800026b   Thumb Code     0  libinit2.o(.ARM.Collect$$libinit$$0000002E)
    __rt_lib_init_atexit_1                   0x0800026b   Thumb Code     0  libinit2.o(.ARM.Collect$$libinit$$0000001D)
    __rt_lib_init_clock_1                    0x0800026b   Thumb Code     0  libinit2.o(.ARM.Collect$$libinit$$00000023)
    __rt_lib_init_cpp_1                      0x0800026b   Thumb Code     0  libinit2.o(.ARM.Collect$$libinit$$00000034)
    __rt_lib_init_exceptions_1               0x0800026b   Thumb Code     0  libinit2.o(.ARM.Collect$$libinit$$00000032)
    __rt_lib_init_fp_trap_1                  0x0800026b   Thumb Code     0  libinit2.o(.ARM.Collect$$libinit$$00000021)
    __rt_lib_init_getenv_1                   0x0800026b   Thumb Code     0  libinit2.o(.ARM.Collect$$libinit$$00000025)
    __rt_lib_init_heap_1                     0x0800026b   Thumb Code     0  libinit2.o(.ARM.Collect$$libinit$$0000000C)
    __rt_lib_init_lc_collate_1               0x0800026b   Thumb Code     0  libinit2.o(.ARM.Collect$$libinit$$00000013)
    __rt_lib_init_lc_ctype_1                 0x0800026b   Thumb Code     0  libinit2.o(.ARM.Collect$$libinit$$00000015)
    __rt_lib_init_lc_monetary_1              0x0800026b   Thumb Code     0  libinit2.o(.ARM.Collect$$libinit$$00000017)
    __rt_lib_init_lc_numeric_1               0x0800026b   Thumb Code     0  libinit2.o(.ARM.Collect$$libinit$$00000019)
    __rt_lib_init_lc_time_1                  0x0800026b   Thumb Code     0  libinit2.o(.ARM.Collect$$libinit$$0000001B)
    __rt_lib_init_preinit_1                  0x0800026b   Thumb Code     0  libinit2.o(.ARM.Collect$$libinit$$00000006)
    __rt_lib_init_rand_1                     0x0800026b   Thumb Code     0  libinit2.o(.ARM.Collect$$libinit$$00000010)
    __rt_lib_init_relocate_pie_1             0x0800026b   Thumb Code     0  libinit2.o(.ARM.Collect$$libinit$$00000004)
    __rt_lib_init_return                     0x0800026b   Thumb Code     0  libinit2.o(.ARM.Collect$$libinit$$00000035)
    __rt_lib_init_signal_1                   0x0800026b   Thumb Code     0  libinit2.o(.ARM.Collect$$libinit$$0000001F)
    __rt_lib_init_stdio_1                    0x0800026b   Thumb Code     0  libinit2.o(.ARM.Collect$$libinit$$00000027)
    __rt_lib_init_user_alloc_1               0x0800026b   Thumb Code     0  libinit2.o(.ARM.Collect$$libinit$$0000000E)
    __rt_lib_shutdown                        0x0800026d   Thumb Code     0  libshutdown.o(.ARM.Collect$$libshutdown$$00000000)
    __rt_lib_shutdown_cpp_1                  0x0800026f   Thumb Code     0  libshutdown2.o(.ARM.Collect$$libshutdown$$00000002)
    __rt_lib_shutdown_fp_trap_1              0x0800026f   Thumb Code     0  libshutdown2.o(.ARM.Collect$$libshutdown$$00000007)
    __rt_lib_shutdown_heap_1                 0x0800026f   Thumb Code     0  libshutdown2.o(.ARM.Collect$$libshutdown$$0000000F)
    __rt_lib_shutdown_return                 0x0800026f   Thumb Code     0  libshutdown2.o(.ARM.Collect$$libshutdown$$00000010)
    __rt_lib_shutdown_signal_1               0x0800026f   Thumb Code     0  libshutdown2.o(.ARM.Collect$$libshutdown$$0000000A)
    __rt_lib_shutdown_stdio_1                0x0800026f   Thumb Code     0  libshutdown2.o(.ARM.Collect$$libshutdown$$00000004)
    __rt_lib_shutdown_user_alloc_1           0x0800026f   Thumb Code     0  libshutdown2.o(.ARM.Collect$$libshutdown$$0000000C)
    __rt_entry                               0x08000271   Thumb Code     0  __rtentry.o(.ARM.Collect$$rtentry$$00000000)
    __rt_entry_presh_1                       0x08000271   Thumb Code     0  __rtentry2.o(.ARM.Collect$$rtentry$$00000002)
    __rt_entry_sh                            0x08000271   Thumb Code     0  __rtentry4.o(.ARM.Collect$$rtentry$$00000004)
    __rt_entry_li                            0x08000277   Thumb Code     0  __rtentry2.o(.ARM.Collect$$rtentry$$0000000A)
    __rt_entry_postsh_1                      0x08000277   Thumb Code     0  __rtentry2.o(.ARM.Collect$$rtentry$$00000009)
    __rt_entry_main                          0x0800027b   Thumb Code     0  __rtentry2.o(.ARM.Collect$$rtentry$$0000000D)
    __rt_entry_postli_1                      0x0800027b   Thumb Code     0  __rtentry2.o(.ARM.Collect$$rtentry$$0000000C)
    __rt_exit                                0x08000283   Thumb Code     0  rtexit.o(.ARM.Collect$$rtexit$$00000000)
    __rt_exit_ls                             0x08000285   Thumb Code     0  rtexit2.o(.ARM.Collect$$rtexit$$00000003)
    __rt_exit_prels_1                        0x08000285   Thumb Code     0  rtexit2.o(.ARM.Collect$$rtexit$$00000002)
    __rt_exit_exit                           0x08000289   Thumb Code     0  rtexit2.o(.ARM.Collect$$rtexit$$00000004)
    Reset_Handler                            0x08000291   Thumb Code     8  startup_stm32f446xx.o(.text)
    ADC_IRQHandler                           0x080002ab   Thumb Code     0  startup_stm32f446xx.o(.text)
    CAN1_RX0_IRQHandler                      0x080002ab   Thumb Code     0  startup_stm32f446xx.o(.text)
    CAN1_RX1_IRQHandler                      0x080002ab   Thumb Code     0  startup_stm32f446xx.o(.text)
    CAN1_SCE_IRQHandler                      0x080002ab   Thumb Code     0  startup_stm32f446xx.o(.text)
    CAN1_TX_IRQHandler                       0x080002ab   Thumb Code     0  startup_stm32f446xx.o(.text)
    CAN2_RX0_IRQHandler                      0x080002ab   Thumb Code     0  startup_stm32f446xx.o(.text)
    CAN2_RX1_IRQHandler                      0x080002ab   Thumb Code     0  startup_stm32f446xx.o(.text)
    CAN2_SCE_IRQHandler                      0x080002ab   Thumb Code     0  startup_stm32f446xx.o(.text)
    CAN2_TX_IRQHandler                       0x080002ab   Thumb Code     0  startup_stm32f446xx.o(.text)
    CEC_IRQHandler                           0x080002ab   Thumb Code     0  startup_stm32f446xx.o(.text)
    DCMI_IRQHandler                          0x080002ab   Thumb Code     0  startup_stm32f446xx.o(.text)
    DMA1_Stream0_IRQHandler                  0x080002ab   Thumb Code     0  startup_stm32f446xx.o(.text)
    DMA1_Stream1_IRQHandler                  0x080002ab   Thumb Code     0  startup_stm32f446xx.o(.text)
    DMA1_Stream2_IRQHandler                  0x080002ab   Thumb Code     0  startup_stm32f446xx.o(.text)
    DMA1_Stream3_IRQHandler                  0x080002ab   Thumb Code     0  startup_stm32f446xx.o(.text)
    DMA1_Stream4_IRQHandler                  0x080002ab   Thumb Code     0  startup_stm32f446xx.o(.text)
    DMA1_Stream5_IRQHandler                  0x080002ab   Thumb Code     0  startup_stm32f446xx.o(.text)
    DMA1_Stream6_IRQHandler                  0x080002ab   Thumb Code     0  startup_stm32f446xx.o(.text)
    DMA1_Stream7_IRQHandler                  0x080002ab   Thumb Code     0  startup_stm32f446xx.o(.text)
    DMA2_Stream0_IRQHandler                  0x080002ab   Thumb Code     0  startup_stm32f446xx.o(.text)
    DMA2_Stream1_IRQHandler                  0x080002ab   Thumb Code     0  startup_stm32f446xx.o(.text)
    DMA2_Stream2_IRQHandler                  0x080002ab   Thumb Code     0  startup_stm32f446xx.o(.text)
    DMA2_Stream3_IRQHandler                  0x080002ab   Thumb Code     0  startup_stm32f446xx.o(.text)
    DMA2_Stream4_IRQHandler                  0x080002ab   Thumb Code     0  startup_stm32f446xx.o(.text)
    DMA2_Stream5_IRQHandler                  0x080002ab   Thumb Code     0  startup_stm32f446xx.o(.text)
    DMA2_Stream6_IRQHandler                  0x080002ab   Thumb Code     0  startup_stm32f446xx.o(.text)
    DMA2_Stream7_IRQHandler                  0x080002ab   Thumb Code     0  startup_stm32f446xx.o(.text)
    EXTI15_10_IRQHandler                     0x080002ab   Thumb Code     0  startup_stm32f446xx.o(.text)
    EXTI2_IRQHandler                         0x080002ab   Thumb Code     0  startup_stm32f446xx.o(.text)
    EXTI3_IRQHandler                         0x080002ab   Thumb Code     0  startup_stm32f446xx.o(.text)
    EXTI4_IRQHandler                         0x080002ab   Thumb Code     0  startup_stm32f446xx.o(.text)
    EXTI9_5_IRQHandler                       0x080002ab   Thumb Code     0  startup_stm32f446xx.o(.text)
    FLASH_IRQHandler                         0x080002ab   Thumb Code     0  startup_stm32f446xx.o(.text)
    FMC_IRQHandler                           0x080002ab   Thumb Code     0  startup_stm32f446xx.o(.text)
    FMPI2C1_ER_IRQHandler                    0x080002ab   Thumb Code     0  startup_stm32f446xx.o(.text)
    FMPI2C1_EV_IRQHandler                    0x080002ab   Thumb Code     0  startup_stm32f446xx.o(.text)
    FPU_IRQHandler                           0x080002ab   Thumb Code     0  startup_stm32f446xx.o(.text)
    I2C1_ER_IRQHandler                       0x080002ab   Thumb Code     0  startup_stm32f446xx.o(.text)
    I2C1_EV_IRQHandler                       0x080002ab   Thumb Code     0  startup_stm32f446xx.o(.text)
    I2C2_ER_IRQHandler                       0x080002ab   Thumb Code     0  startup_stm32f446xx.o(.text)
    I2C2_EV_IRQHandler                       0x080002ab   Thumb Code     0  startup_stm32f446xx.o(.text)
    I2C3_ER_IRQHandler                       0x080002ab   Thumb Code     0  startup_stm32f446xx.o(.text)
    I2C3_EV_IRQHandler                       0x080002ab   Thumb Code     0  startup_stm32f446xx.o(.text)
    OTG_FS_IRQHandler                        0x080002ab   Thumb Code     0  startup_stm32f446xx.o(.text)
    OTG_FS_WKUP_IRQHandler                   0x080002ab   Thumb Code     0  startup_stm32f446xx.o(.text)
    OTG_HS_EP1_IN_IRQHandler                 0x080002ab   Thumb Code     0  startup_stm32f446xx.o(.text)
    OTG_HS_EP1_OUT_IRQHandler                0x080002ab   Thumb Code     0  startup_stm32f446xx.o(.text)
    OTG_HS_IRQHandler                        0x080002ab   Thumb Code     0  startup_stm32f446xx.o(.text)
    OTG_HS_WKUP_IRQHandler                   0x080002ab   Thumb Code     0  startup_stm32f446xx.o(.text)
    PVD_IRQHandler                           0x080002ab   Thumb Code     0  startup_stm32f446xx.o(.text)
    QUADSPI_IRQHandler                       0x080002ab   Thumb Code     0  startup_stm32f446xx.o(.text)
    RCC_IRQHandler                           0x080002ab   Thumb Code     0  startup_stm32f446xx.o(.text)
    RTC_Alarm_IRQHandler                     0x080002ab   Thumb Code     0  startup_stm32f446xx.o(.text)
    RTC_WKUP_IRQHandler                      0x080002ab   Thumb Code     0  startup_stm32f446xx.o(.text)
    SAI1_IRQHandler                          0x080002ab   Thumb Code     0  startup_stm32f446xx.o(.text)
    SAI2_IRQHandler                          0x080002ab   Thumb Code     0  startup_stm32f446xx.o(.text)
    SDIO_IRQHandler                          0x080002ab   Thumb Code     0  startup_stm32f446xx.o(.text)
    SPDIF_RX_IRQHandler                      0x080002ab   Thumb Code     0  startup_stm32f446xx.o(.text)
    SPI1_IRQHandler                          0x080002ab   Thumb Code     0  startup_stm32f446xx.o(.text)
    SPI2_IRQHandler                          0x080002ab   Thumb Code     0  startup_stm32f446xx.o(.text)
    SPI3_IRQHandler                          0x080002ab   Thumb Code     0  startup_stm32f446xx.o(.text)
    SPI4_IRQHandler                          0x080002ab   Thumb Code     0  startup_stm32f446xx.o(.text)
    TAMP_STAMP_IRQHandler                    0x080002ab   Thumb Code     0  startup_stm32f446xx.o(.text)
    TIM1_BRK_TIM9_IRQHandler                 0x080002ab   Thumb Code     0  startup_stm32f446xx.o(.text)
    TIM1_CC_IRQHandler                       0x080002ab   Thumb Code     0  startup_stm32f446xx.o(.text)
    TIM1_TRG_COM_TIM11_IRQHandler            0x080002ab   Thumb Code     0  startup_stm32f446xx.o(.text)
    TIM1_UP_TIM10_IRQHandler                 0x080002ab   Thumb Code     0  startup_stm32f446xx.o(.text)
    TIM2_IRQHandler                          0x080002ab   Thumb Code     0  startup_stm32f446xx.o(.text)
    TIM3_IRQHandler                          0x080002ab   Thumb Code     0  startup_stm32f446xx.o(.text)
    TIM4_IRQHandler                          0x080002ab   Thumb Code     0  startup_stm32f446xx.o(.text)
    TIM5_IRQHandler                          0x080002ab   Thumb Code     0  startup_stm32f446xx.o(.text)
    TIM7_IRQHandler                          0x080002ab   Thumb Code     0  startup_stm32f446xx.o(.text)
    TIM8_BRK_TIM12_IRQHandler                0x080002ab   Thumb Code     0  startup_stm32f446xx.o(.text)
    TIM8_CC_IRQHandler                       0x080002ab   Thumb Code     0  startup_stm32f446xx.o(.text)
    TIM8_TRG_COM_TIM14_IRQHandler            0x080002ab   Thumb Code     0  startup_stm32f446xx.o(.text)
    TIM8_UP_TIM13_IRQHandler                 0x080002ab   Thumb Code     0  startup_stm32f446xx.o(.text)
    UART4_IRQHandler                         0x080002ab   Thumb Code     0  startup_stm32f446xx.o(.text)
    UART5_IRQHandler                         0x080002ab   Thumb Code     0  startup_stm32f446xx.o(.text)
    USART1_IRQHandler                        0x080002ab   Thumb Code     0  startup_stm32f446xx.o(.text)
    USART3_IRQHandler                        0x080002ab   Thumb Code     0  startup_stm32f446xx.o(.text)
    USART6_IRQHandler                        0x080002ab   Thumb Code     0  startup_stm32f446xx.o(.text)
    WWDG_IRQHandler                          0x080002ab   Thumb Code     0  startup_stm32f446xx.o(.text)
    __user_initial_stackheap                 0x080002ad   Thumb Code     0  startup_stm32f446xx.o(.text)
    __aeabi_uldivmod                         0x080002d1   Thumb Code     0  lludivv7m.o(.text)
    _ll_udiv                                 0x080002d1   Thumb Code   240  lludivv7m.o(.text)
    __use_two_region_memory                  0x080003c1   Thumb Code     2  heapauxi.o(.text)
    __rt_heap_escrow$2region                 0x080003c3   Thumb Code     2  heapauxi.o(.text)
    __rt_heap_expand$2region                 0x080003c5   Thumb Code     2  heapauxi.o(.text)
    __user_setup_stackheap                   0x080003c7   Thumb Code    74  sys_stackheap_outer.o(.text)
    exit                                     0x08000411   Thumb Code    18  exit.o(.text)
    __user_libspace                          0x08000425   Thumb Code     8  libspace.o(.text)
    __user_perproc_libspace                  0x08000425   Thumb Code     0  libspace.o(.text)
    __user_perthread_libspace                0x08000425   Thumb Code     0  libspace.o(.text)
    _sys_exit                                0x0800042d   Thumb Code     8  sys_exit.o(.text)
    __I$use$semihosting                      0x08000439   Thumb Code     0  use_no_semi.o(.text)
    __use_no_semihosting_swi                 0x08000439   Thumb Code     2  use_no_semi.o(.text)
    __semihosting_library_function           0x0800043b   Thumb Code     0  indicate_semi.o(.text)
    BusFault_Handler                         0x0800043d   Thumb Code     4  stm32f4xx_it.o(.text.BusFault_Handler)
    DebugMon_Handler                         0x08000441   Thumb Code     2  stm32f4xx_it.o(.text.DebugMon_Handler)
    EXTI0_IRQHandler                         0x08000445   Thumb Code    22  main.o(.text.EXTI0_IRQHandler)
    EXTI1_IRQHandler                         0x0800045d   Thumb Code    22  main.o(.text.EXTI1_IRQHandler)
    HardFault_Handler                        0x08000475   Thumb Code     4  stm32f4xx_it.o(.text.HardFault_Handler)
    LL_EXTI_Init                             0x080005b9   Thumb Code   254  stm32f4xx_ll_exti.o(.text.LL_EXTI_Init)
    LL_GPIO_Init                             0x080006e5   Thumb Code   264  stm32f4xx_ll_gpio.o(.text.LL_GPIO_Init)
    LL_Init1msTick                           0x08000aa1   Thumb Code    20  stm32f4xx_ll_utils.o(.text.LL_Init1msTick)
    LL_RCC_GetSystemClocksFreq               0x08000b6d   Thumb Code    54  stm32f4xx_ll_rcc.o(.text.LL_RCC_GetSystemClocksFreq)
    LL_SetSystemCoreClock                    0x08000d29   Thumb Code    20  stm32f4xx_ll_utils.o(.text.LL_SetSystemCoreClock)
    LL_TIM_Init                              0x08000dd1   Thumb Code   398  stm32f4xx_ll_tim.o(.text.LL_TIM_Init)
    LL_TIM_OC_Init                           0x08001015   Thumb Code   120  stm32f4xx_ll_tim.o(.text.LL_TIM_OC_Init)
    LL_USART_Init                            0x0800119d   Thumb Code   282  stm32f4xx_ll_usart.o(.text.LL_USART_Init)
    LL_USART_StructInit                      0x080013e1   Thumb Code    44  stm32f4xx_ll_usart.o(.text.LL_USART_StructInit)
    MemManage_Handler                        0x08001421   Thumb Code     4  stm32f4xx_it.o(.text.MemManage_Handler)
    NMI_Handler                              0x08001425   Thumb Code     4  stm32f4xx_it.o(.text.NMI_Handler)
    PendSV_Handler                           0x080017d9   Thumb Code     2  stm32f4xx_it.o(.text.PendSV_Handler)
    RCC_GetHCLKClockFreq                     0x080017dd   Thumb Code    38  stm32f4xx_ll_rcc.o(.text.RCC_GetHCLKClockFreq)
    RCC_GetPCLK1ClockFreq                    0x08001805   Thumb Code    36  stm32f4xx_ll_rcc.o(.text.RCC_GetPCLK1ClockFreq)
    RCC_GetPCLK2ClockFreq                    0x08001829   Thumb Code    36  stm32f4xx_ll_rcc.o(.text.RCC_GetPCLK2ClockFreq)
    RCC_GetSystemClockFreq                   0x0800184d   Thumb Code   102  stm32f4xx_ll_rcc.o(.text.RCC_GetSystemClockFreq)
    RCC_PLL_GetFreqDomain_SYS                0x080018b5   Thumb Code   190  stm32f4xx_ll_rcc.o(.text.RCC_PLL_GetFreqDomain_SYS)
    SVC_Handler                              0x08001975   Thumb Code     2  stm32f4xx_it.o(.text.SVC_Handler)
    SysTick_Handler                          0x08001979   Thumb Code     2  stm32f4xx_it.o(.text.SysTick_Handler)
    SystemClock_Config                       0x0800197d   Thumb Code   126  main.o(.text.SystemClock_Config)
    SystemInit                               0x080019fd   Thumb Code    18  system_stm32f4xx.o(.text.SystemInit)
    TIM6_DAC_IRQHandler                      0x08001a11   Thumb Code   670  main.o(.text.TIM6_DAC_IRQHandler)
    USART2_IRQHandler                        0x08001cb1   Thumb Code   184  main.o(.text.USART2_IRQHandler)
    USART_Config                             0x08001d69   Thumb Code    88  main.o(.text.USART_Config)
    UsageFault_Handler                       0x08001dc1   Thumb Code     4  stm32f4xx_it.o(.text.UsageFault_Handler)
    befehl                                   0x08001e85   Thumb Code   384  main.o(.text.befehl)
    gpio_Config                              0x08002009   Thumb Code   290  main.o(.text.gpio_Config)
    homing                                   0x0800212d   Thumb Code    92  main.o(.text.homing)
    main                                     0x08002189   Thumb Code   134  main.o(.text.main)
    move                                     0x08002211   Thumb Code   450  main.o(.text.move)
    report                                   0x08002595   Thumb Code    48  main.o(.text.report)
    reportString                             0x080025c5   Thumb Code    34  main.o(.text.reportString)
    setFrequency                             0x080025e9   Thumb Code   122  main.o(.text.setFrequency)
    setMicrosteps                            0x08002665   Thumb Code    24  main.o(.text.setMicrosteps)
    setPWMs                                  0x0800267d   Thumb Code   594  main.o(.text.setPWMs)
    stift                                    0x080028d1   Thumb Code    68  main.o(.text.stift)
    tim3und4_Config                          0x08002915   Thumb Code   274  main.o(.text.tim3und4_Config)
    tim6_Config                              0x08002a29   Thumb Code    70  main.o(.text.tim6_Config)
    _fp_init                                 0x08002a6f   Thumb Code    26  fpinit.o(x$fpl$fpinit)
    __fplib_config_fpu_vfp                   0x08002a87   Thumb Code     0  fpinit.o(x$fpl$fpinit)
    __fplib_config_pureend_doubles           0x08002a87   Thumb Code     0  fpinit.o(x$fpl$fpinit)
    AHBPrescTable                            0x08002a88   Data          16  system_stm32f4xx.o(.rodata.AHBPrescTable)
    APBPrescTable                            0x08002a98   Data           8  system_stm32f4xx.o(.rodata.APBPrescTable)
    sinusTabelle                             0x08002aae   Data         512  main.o(.rodata.sinusTabelle)
    Region$$Table$$Base                      0x08002cb0   Number         0  anon$$obj.o(Region$$Table)
    Region$$Table$$Limit                     0x08002cd0   Number         0  anon$$obj.o(Region$$Table)
    SystemCoreClock                          0x20000000   Data           4  system_stm32f4xx.o(.data.SystemCoreClock)
    amplitude                                0x20000004   Data           1  main.o(.data.amplitude)
    direction_1                              0x20000008   Data           4  main.o(.data.direction_1)
    direction_2                              0x2000000c   Data           4  main.o(.data.direction_2)
    holdAmplitude                            0x20000010   Data           1  main.o(.data.holdAmplitude)
    maxX                                     0x20000014   Data           4  main.o(.data.maxX)
    maxY                                     0x20000018   Data           4  main.o(.data.maxY)
    microsteps                               0x2000001c   Data           2  main.o(.data.microsteps)
    runAmplitude                             0x2000001e   Data           1  main.o(.data.runAmplitude)
    __libspace_start                         0x20000020   Data          96  libspace.o(.bss)
    __temporary_stack_top$libspace           0x20000080   Data           0  libspace.o(.bss)
    d1                                       0x200000a4   Data           4  main.o(.bss.d1)
    d2                                       0x200000a8   Data           4  main.o(.bss.d2)
    drawing                                  0x200000ac   Data           1  main.o(.bss.drawing)
    endCoord                                 0x200000b0   Data           8  main.o(.bss.endCoord)
    fehler                                   0x200000b8   Data           4  main.o(.bss.fehler)
    nSteps                                   0x200000bc   Data           4  main.o(.bss.nSteps)
    startCoord                               0x200000c0   Data           8  main.o(.bss.startCoord)
    step_index_1                             0x200000c8   Data           2  main.o(.bss.step_index_1)
    step_index_2                             0x200000ca   Data           2  main.o(.bss.step_index_2)



==============================================================================

Memory Map of the image

  Image Entry point : 0x080001c5

  Load Region LR_IROM1 (Base: 0x08000000, Size: 0x00002cf0, Max: 0x00080000, ABSOLUTE)

    Execution Region ER_IROM1 (Exec base: 0x08000000, Load base: 0x08000000, Size: 0x00002cd0, Max: 0x00080000, ABSOLUTE)

    Exec Addr    Load Addr    Size         Type   Attr      Idx    E Section Name        Object

    0x08000000   0x08000000   0x000001c4   Data   RO            3    RESET               startup_stm32f446xx.o
    0x080001c4   0x080001c4   0x00000008   Code   RO          676  * !!!main             c_w.l(__main.o)
    0x080001cc   0x080001cc   0x0000005c   Code   RO          851    !!!scatter          c_w.l(__scatter.o)
    0x08000228   0x08000228   0x0000001a   Code   RO          855    !!handler_copy      c_w.l(__scatter_copy.o)
    0x08000242   0x08000242   0x00000002   PAD
    0x08000244   0x08000244   0x00000002   Code   RO          852    !!handler_null      c_w.l(__scatter.o)
    0x08000246   0x08000246   0x00000002   PAD
    0x08000248   0x08000248   0x0000001c   Code   RO          857    !!handler_zi        c_w.l(__scatter_zi.o)
    0x08000264   0x08000264   0x00000002   Code   RO          713    .ARM.Collect$$libinit$$00000000  c_w.l(libinit.o)
    0x08000266   0x08000266   0x00000004   Code   RO          725    .ARM.Collect$$libinit$$00000001  c_w.l(libinit2.o)
    0x0800026a   0x0800026a   0x00000000   Code   RO          728    .ARM.Collect$$libinit$$00000004  c_w.l(libinit2.o)
    0x0800026a   0x0800026a   0x00000000   Code   RO          730    .ARM.Collect$$libinit$$00000006  c_w.l(libinit2.o)
    0x0800026a   0x0800026a   0x00000000   Code   RO          733    .ARM.Collect$$libinit$$0000000C  c_w.l(libinit2.o)
    0x0800026a   0x0800026a   0x00000000   Code   RO          735    .ARM.Collect$$libinit$$0000000E  c_w.l(libinit2.o)
    0x0800026a   0x0800026a   0x00000000   Code   RO          737    .ARM.Collect$$libinit$$00000010  c_w.l(libinit2.o)
    0x0800026a   0x0800026a   0x00000000   Code   RO          740    .ARM.Collect$$libinit$$00000013  c_w.l(libinit2.o)
    0x0800026a   0x0800026a   0x00000000   Code   RO          742    .ARM.Collect$$libinit$$00000015  c_w.l(libinit2.o)
    0x0800026a   0x0800026a   0x00000000   Code   RO          744    .ARM.Collect$$libinit$$00000017  c_w.l(libinit2.o)
    0x0800026a   0x0800026a   0x00000000   Code   RO          746    .ARM.Collect$$libinit$$00000019  c_w.l(libinit2.o)
    0x0800026a   0x0800026a   0x00000000   Code   RO          748    .ARM.Collect$$libinit$$0000001B  c_w.l(libinit2.o)
    0x0800026a   0x0800026a   0x00000000   Code   RO          750    .ARM.Collect$$libinit$$0000001D  c_w.l(libinit2.o)
    0x0800026a   0x0800026a   0x00000000   Code   RO          752    .ARM.Collect$$libinit$$0000001F  c_w.l(libinit2.o)
    0x0800026a   0x0800026a   0x00000000   Code   RO          754    .ARM.Collect$$libinit$$00000021  c_w.l(libinit2.o)
    0x0800026a   0x0800026a   0x00000000   Code   RO          756    .ARM.Collect$$libinit$$00000023  c_w.l(libinit2.o)
    0x0800026a   0x0800026a   0x00000000   Code   RO          758    .ARM.Collect$$libinit$$00000025  c_w.l(libinit2.o)
    0x0800026a   0x0800026a   0x00000000   Code   RO          760    .ARM.Collect$$libinit$$00000027  c_w.l(libinit2.o)
    0x0800026a   0x0800026a   0x00000000   Code   RO          764    .ARM.Collect$$libinit$$0000002E  c_w.l(libinit2.o)
    0x0800026a   0x0800026a   0x00000000   Code   RO          766    .ARM.Collect$$libinit$$00000030  c_w.l(libinit2.o)
    0x0800026a   0x0800026a   0x00000000   Code   RO          768    .ARM.Collect$$libinit$$00000032  c_w.l(libinit2.o)
    0x0800026a   0x0800026a   0x00000000   Code   RO          770    .ARM.Collect$$libinit$$00000034  c_w.l(libinit2.o)
    0x0800026a   0x0800026a   0x00000002   Code   RO          771    .ARM.Collect$$libinit$$00000035  c_w.l(libinit2.o)
    0x0800026c   0x0800026c   0x00000002   Code   RO          806    .ARM.Collect$$libshutdown$$00000000  c_w.l(libshutdown.o)
    0x0800026e   0x0800026e   0x00000000   Code   RO          834    .ARM.Collect$$libshutdown$$00000002  c_w.l(libshutdown2.o)
    0x0800026e   0x0800026e   0x00000000   Code   RO          836    .ARM.Collect$$libshutdown$$00000004  c_w.l(libshutdown2.o)
    0x0800026e   0x0800026e   0x00000000   Code   RO          839    .ARM.Collect$$libshutdown$$00000007  c_w.l(libshutdown2.o)
    0x0800026e   0x0800026e   0x00000000   Code   RO          842    .ARM.Collect$$libshutdown$$0000000A  c_w.l(libshutdown2.o)
    0x0800026e   0x0800026e   0x00000000   Code   RO          844    .ARM.Collect$$libshutdown$$0000000C  c_w.l(libshutdown2.o)
    0x0800026e   0x0800026e   0x00000000   Code   RO          847    .ARM.Collect$$libshutdown$$0000000F  c_w.l(libshutdown2.o)
    0x0800026e   0x0800026e   0x00000002   Code   RO          848    .ARM.Collect$$libshutdown$$00000010  c_w.l(libshutdown2.o)
    0x08000270   0x08000270   0x00000000   Code   RO          678    .ARM.Collect$$rtentry$$00000000  c_w.l(__rtentry.o)
    0x08000270   0x08000270   0x00000000   Code   RO          684    .ARM.Collect$$rtentry$$00000002  c_w.l(__rtentry2.o)
    0x08000270   0x08000270   0x00000006   Code   RO          696    .ARM.Collect$$rtentry$$00000004  c_w.l(__rtentry4.o)
    0x08000276   0x08000276   0x00000000   Code   RO          686    .ARM.Collect$$rtentry$$00000009  c_w.l(__rtentry2.o)
    0x08000276   0x08000276   0x00000004   Code   RO          687    .ARM.Collect$$rtentry$$0000000A  c_w.l(__rtentry2.o)
    0x0800027a   0x0800027a   0x00000000   Code   RO          689    .ARM.Collect$$rtentry$$0000000C  c_w.l(__rtentry2.o)
    0x0800027a   0x0800027a   0x00000008   Code   RO          690    .ARM.Collect$$rtentry$$0000000D  c_w.l(__rtentry2.o)
    0x08000282   0x08000282   0x00000002   Code   RO          717    .ARM.Collect$$rtexit$$00000000  c_w.l(rtexit.o)
    0x08000284   0x08000284   0x00000000   Code   RO          777    .ARM.Collect$$rtexit$$00000002  c_w.l(rtexit2.o)
    0x08000284   0x08000284   0x00000004   Code   RO          778    .ARM.Collect$$rtexit$$00000003  c_w.l(rtexit2.o)
    0x08000288   0x08000288   0x00000006   Code   RO          779    .ARM.Collect$$rtexit$$00000004  c_w.l(rtexit2.o)
    0x0800028e   0x0800028e   0x00000002   PAD
    0x08000290   0x08000290   0x00000040   Code   RO            4    .text               startup_stm32f446xx.o
    0x080002d0   0x080002d0   0x000000f0   Code   RO          672    .text               c_w.l(lludivv7m.o)
    0x080003c0   0x080003c0   0x00000006   Code   RO          674    .text               c_w.l(heapauxi.o)
    0x080003c6   0x080003c6   0x0000004a   Code   RO          700    .text               c_w.l(sys_stackheap_outer.o)
    0x08000410   0x08000410   0x00000012   Code   RO          702    .text               c_w.l(exit.o)
    0x08000422   0x08000422   0x00000002   PAD
    0x08000424   0x08000424   0x00000008   Code   RO          714    .text               c_w.l(libspace.o)
    0x0800042c   0x0800042c   0x0000000c   Code   RO          772    .text               c_w.l(sys_exit.o)
    0x08000438   0x08000438   0x00000002   Code   RO          795    .text               c_w.l(use_no_semi.o)
    0x0800043a   0x0800043a   0x00000000   Code   RO          797    .text               c_w.l(indicate_semi.o)
    0x0800043a   0x0800043a   0x00000002   PAD
    0x0800043c   0x0800043c   0x00000004   Code   RO          184    .text.BusFault_Handler  stm32f4xx_it.o
    0x08000440   0x08000440   0x00000002   Code   RO          190    .text.DebugMon_Handler  stm32f4xx_it.o
    0x08000442   0x08000442   0x00000002   PAD
    0x08000444   0x08000444   0x00000016   Code   RO           71    .text.EXTI0_IRQHandler  main.o
    0x0800045a   0x0800045a   0x00000002   PAD
    0x0800045c   0x0800045c   0x00000016   Code   RO           75    .text.EXTI1_IRQHandler  main.o
    0x08000472   0x08000472   0x00000002   PAD
    0x08000474   0x08000474   0x00000004   Code   RO          180    .text.HardFault_Handler  stm32f4xx_it.o
    0x08000478   0x08000478   0x00000022   Code   RO           43    .text.LL_AHB1_GRP1_EnableClock  main.o
    0x0800049a   0x0800049a   0x00000002   PAD
    0x0800049c   0x0800049c   0x00000022   Code   RO           15    .text.LL_APB1_GRP1_EnableClock  main.o
    0x080004be   0x080004be   0x00000002   PAD
    0x080004c0   0x080004c0   0x00000022   Code   RO           13    .text.LL_APB2_GRP1_EnableClock  main.o
    0x080004e2   0x080004e2   0x00000002   PAD
    0x080004e4   0x080004e4   0x00000014   Code   RO           73    .text.LL_EXTI_ClearFlag_0_31  main.o
    0x080004f8   0x080004f8   0x00000018   Code   RO          466    .text.LL_EXTI_DisableEvent_0_31  stm32f4xx_ll_exti.o
    0x08000510   0x08000510   0x00000018   Code   RO          474    .text.LL_EXTI_DisableFallingTrig_0_31  stm32f4xx_ll_exti.o
    0x08000528   0x08000528   0x00000018   Code   RO          470    .text.LL_EXTI_DisableIT_0_31  stm32f4xx_ll_exti.o
    0x08000540   0x08000540   0x00000018   Code   RO          478    .text.LL_EXTI_DisableRisingTrig_0_31  stm32f4xx_ll_exti.o
    0x08000558   0x08000558   0x00000018   Code   RO          472    .text.LL_EXTI_EnableEvent_0_31  stm32f4xx_ll_exti.o
    0x08000570   0x08000570   0x00000018   Code   RO          480    .text.LL_EXTI_EnableFallingTrig_0_31  stm32f4xx_ll_exti.o
    0x08000588   0x08000588   0x00000018   Code   RO          468    .text.LL_EXTI_EnableIT_0_31  stm32f4xx_ll_exti.o
    0x080005a0   0x080005a0   0x00000018   Code   RO          476    .text.LL_EXTI_EnableRisingTrig_0_31  stm32f4xx_ll_exti.o
    0x080005b8   0x080005b8   0x000000fe   Code   RO          464    .text.LL_EXTI_Init  stm32f4xx_ll_exti.o
    0x080006b6   0x080006b6   0x00000002   PAD
    0x080006b8   0x080006b8   0x00000010   Code   RO          119    .text.LL_FLASH_GetLatency  main.o
    0x080006c8   0x080006c8   0x0000001c   Code   RO          117    .text.LL_FLASH_SetLatency  main.o
    0x080006e4   0x080006e4   0x00000108   Code   RO          245    .text.LL_GPIO_Init  stm32f4xx_ll_gpio.o
    0x080007ec   0x080007ec   0x00000012   Code   RO          111    .text.LL_GPIO_ResetOutputPin  main.o
    0x080007fe   0x080007fe   0x00000002   PAD
    0x08000800   0x08000800   0x0000007c   Code   RO          253    .text.LL_GPIO_SetAFPin_0_7  stm32f4xx_ll_gpio.o
    0x0800087c   0x0800087c   0x00000080   Code   RO          255    .text.LL_GPIO_SetAFPin_8_15  stm32f4xx_ll_gpio.o
    0x080008fc   0x080008fc   0x00000010   Code   RO          113    .text.LL_GPIO_SetOutputPin  main.o
    0x0800090c   0x0800090c   0x0000007c   Code   RO          257    .text.LL_GPIO_SetPinMode  stm32f4xx_ll_gpio.o
    0x08000988   0x08000988   0x0000001e   Code   RO          249    .text.LL_GPIO_SetPinOutputType  stm32f4xx_ll_gpio.o
    0x080009a6   0x080009a6   0x00000002   PAD
    0x080009a8   0x080009a8   0x0000007c   Code   RO          251    .text.LL_GPIO_SetPinPull  stm32f4xx_ll_gpio.o
    0x08000a24   0x08000a24   0x0000007c   Code   RO          247    .text.LL_GPIO_SetPinSpeed  stm32f4xx_ll_gpio.o
    0x08000aa0   0x08000aa0   0x00000014   Code   RO          397    .text.LL_Init1msTick  stm32f4xx_ll_utils.o
    0x08000ab4   0x08000ab4   0x00000036   Code   RO          399    .text.LL_InitTick   stm32f4xx_ll_utils.o
    0x08000aea   0x08000aea   0x00000002   PAD
    0x08000aec   0x08000aec   0x00000012   Code   RO          123    .text.LL_PWR_DisableOverDriveMode  main.o
    0x08000afe   0x08000afe   0x00000002   PAD
    0x08000b00   0x08000b00   0x0000001c   Code   RO          121    .text.LL_PWR_SetRegulVoltageScaling  main.o
    0x08000b1c   0x08000b1c   0x00000010   Code   RO          350    .text.LL_RCC_GetAHBPrescaler  stm32f4xx_ll_rcc.o
    0x08000b2c   0x08000b2c   0x00000010   Code   RO          352    .text.LL_RCC_GetAPB1Prescaler  stm32f4xx_ll_rcc.o
    0x08000b3c   0x08000b3c   0x00000010   Code   RO          354    .text.LL_RCC_GetAPB2Prescaler  stm32f4xx_ll_rcc.o
    0x08000b4c   0x08000b4c   0x00000010   Code   RO          139    .text.LL_RCC_GetSysClkSource  main.o
    0x08000b5c   0x08000b5c   0x00000010   Code   RO          346    .text.LL_RCC_GetSysClkSource  stm32f4xx_ll_rcc.o
    0x08000b6c   0x08000b6c   0x00000036   Code   RO          278    .text.LL_RCC_GetSystemClocksFreq  stm32f4xx_ll_rcc.o
    0x08000ba2   0x08000ba2   0x00000002   PAD
    0x08000ba4   0x08000ba4   0x00000012   Code   RO          127    .text.LL_RCC_HSI_Enable  main.o
    0x08000bb6   0x08000bb6   0x00000002   PAD
    0x08000bb8   0x08000bb8   0x00000010   Code   RO          129    .text.LL_RCC_HSI_IsReady  main.o
    0x08000bc8   0x08000bc8   0x0000001e   Code   RO          125    .text.LL_RCC_HSI_SetCalibTrimming  main.o
    0x08000be6   0x08000be6   0x00000002   PAD
    0x08000be8   0x08000be8   0x00000010   Code   RO          356    .text.LL_RCC_PLL_GetDivider  stm32f4xx_ll_rcc.o
    0x08000bf8   0x08000bf8   0x00000010   Code   RO          302    .text.LL_RCC_PLL_GetMainSource  stm32f4xx_ll_rcc.o
    0x08000c08   0x08000c08   0x00000010   Code   RO          358    .text.LL_RCC_PLL_GetN  stm32f4xx_ll_rcc.o
    0x08000c18   0x08000c18   0x00000010   Code   RO          360    .text.LL_RCC_PLL_GetP  stm32f4xx_ll_rcc.o
    0x08000c28   0x08000c28   0x00000010   Code   RO          362    .text.LL_RCC_PLL_GetR  stm32f4xx_ll_rcc.o
    0x08000c38   0x08000c38   0x0000001c   Code   RO          131    .text.LL_RCC_SetAHBPrescaler  main.o
    0x08000c54   0x08000c54   0x0000001c   Code   RO          133    .text.LL_RCC_SetAPB1Prescaler  main.o
    0x08000c70   0x08000c70   0x0000001c   Code   RO          135    .text.LL_RCC_SetAPB2Prescaler  main.o
    0x08000c8c   0x08000c8c   0x0000001c   Code   RO          137    .text.LL_RCC_SetSysClkSource  main.o
    0x08000ca8   0x08000ca8   0x0000001c   Code   RO          141    .text.LL_RCC_SetTIMPrescaler  main.o
    0x08000cc4   0x08000cc4   0x00000064   Code   RO           45    .text.LL_SYSCFG_SetEXTISource  main.o
    0x08000d28   0x08000d28   0x00000014   Code   RO          403    .text.LL_SetSystemCoreClock  stm32f4xx_ll_utils.o
    0x08000d3c   0x08000d3c   0x00000014   Code   RO           55    .text.LL_TIM_CC_EnableChannel  main.o
    0x08000d50   0x08000d50   0x00000010   Code   RO           69    .text.LL_TIM_ClearFlag_UPDATE  main.o
    0x08000d60   0x08000d60   0x00000012   Code   RO           65    .text.LL_TIM_DisableCounter  main.o
    0x08000d72   0x08000d72   0x00000002   PAD
    0x08000d74   0x08000d74   0x00000012   Code   RO           57    .text.LL_TIM_EnableARRPreload  main.o
    0x08000d86   0x08000d86   0x00000002   PAD
    0x08000d88   0x08000d88   0x00000012   Code   RO           39    .text.LL_TIM_EnableCounter  main.o
    0x08000d9a   0x08000d9a   0x00000002   PAD
    0x08000d9c   0x08000d9c   0x00000012   Code   RO           59    .text.LL_TIM_EnableIT_UPDATE  main.o
    0x08000dae   0x08000dae   0x00000002   PAD
    0x08000db0   0x08000db0   0x00000012   Code   RO          546    .text.LL_TIM_GenerateEvent_UPDATE  stm32f4xx_ll_tim.o
    0x08000dc2   0x08000dc2   0x00000002   PAD
    0x08000dc4   0x08000dc4   0x0000000c   Code   RO           91    .text.LL_TIM_GetAutoReload  main.o
    0x08000dd0   0x08000dd0   0x0000018e   Code   RO          538    .text.LL_TIM_Init   stm32f4xx_ll_tim.o
    0x08000f5e   0x08000f5e   0x00000002   PAD
    0x08000f60   0x08000f60   0x000000b2   Code   RO           53    .text.LL_TIM_OC_EnablePreload  main.o
    0x08001012   0x08001012   0x00000002   PAD
    0x08001014   0x08001014   0x00000078   Code   RO          550    .text.LL_TIM_OC_Init  stm32f4xx_ll_tim.o
    0x0800108c   0x0800108c   0x00000010   Code   RO           93    .text.LL_TIM_OC_SetCompareCH1  main.o
    0x0800109c   0x0800109c   0x00000010   Code   RO          588    .text.LL_TIM_OC_SetCompareCH1  stm32f4xx_ll_tim.o
    0x080010ac   0x080010ac   0x00000010   Code   RO           95    .text.LL_TIM_OC_SetCompareCH2  main.o
    0x080010bc   0x080010bc   0x00000010   Code   RO          582    .text.LL_TIM_OC_SetCompareCH2  stm32f4xx_ll_tim.o
    0x080010cc   0x080010cc   0x00000010   Code   RO           97    .text.LL_TIM_OC_SetCompareCH3  main.o
    0x080010dc   0x080010dc   0x00000010   Code   RO          590    .text.LL_TIM_OC_SetCompareCH3  stm32f4xx_ll_tim.o
    0x080010ec   0x080010ec   0x00000010   Code   RO           99    .text.LL_TIM_OC_SetCompareCH4  main.o
    0x080010fc   0x080010fc   0x00000010   Code   RO          592    .text.LL_TIM_OC_SetCompareCH4  stm32f4xx_ll_tim.o
    0x0800110c   0x0800110c   0x00000010   Code   RO          101    .text.LL_TIM_SetAutoReload  main.o
    0x0800111c   0x0800111c   0x00000010   Code   RO          540    .text.LL_TIM_SetAutoReload  stm32f4xx_ll_tim.o
    0x0800112c   0x0800112c   0x00000010   Code   RO           67    .text.LL_TIM_SetCounter  main.o
    0x0800113c   0x0800113c   0x00000010   Code   RO          542    .text.LL_TIM_SetPrescaler  stm32f4xx_ll_tim.o
    0x0800114c   0x0800114c   0x00000010   Code   RO          544    .text.LL_TIM_SetRepetitionCounter  stm32f4xx_ll_tim.o
    0x0800115c   0x0800115c   0x00000012   Code   RO           49    .text.LL_USART_Enable  main.o
    0x0800116e   0x0800116e   0x00000002   PAD
    0x08001170   0x08001170   0x0000002a   Code   RO           51    .text.LL_USART_EnableIT_RXNE  main.o
    0x0800119a   0x0800119a   0x00000002   PAD
    0x0800119c   0x0800119c   0x0000011a   Code   RO          501    .text.LL_USART_Init  stm32f4xx_ll_usart.o
    0x080012b6   0x080012b6   0x00000002   PAD
    0x080012b8   0x080012b8   0x00000010   Code   RO           85    .text.LL_USART_IsActiveFlag_RXNE  main.o
    0x080012c8   0x080012c8   0x00000010   Code   RO           77    .text.LL_USART_IsActiveFlag_TXE  main.o
    0x080012d8   0x080012d8   0x00000010   Code   RO          503    .text.LL_USART_IsEnabled  stm32f4xx_ll_usart.o
    0x080012e8   0x080012e8   0x0000000e   Code   RO           87    .text.LL_USART_ReceiveData8  main.o
    0x080012f6   0x080012f6   0x00000002   PAD
    0x080012f8   0x080012f8   0x000000b0   Code   RO          509    .text.LL_USART_SetBaudRate  stm32f4xx_ll_usart.o
    0x080013a8   0x080013a8   0x0000001a   Code   RO          507    .text.LL_USART_SetHWFlowCtrl  stm32f4xx_ll_usart.o
    0x080013c2   0x080013c2   0x00000002   PAD
    0x080013c4   0x080013c4   0x0000001a   Code   RO          505    .text.LL_USART_SetStopBitsLength  stm32f4xx_ll_usart.o
    0x080013de   0x080013de   0x00000002   PAD
    0x080013e0   0x080013e0   0x0000002c   Code   RO          511    .text.LL_USART_StructInit  stm32f4xx_ll_usart.o
    0x0800140c   0x0800140c   0x00000014   Code   RO           79    .text.LL_USART_TransmitData8  main.o
    0x08001420   0x08001420   0x00000004   Code   RO          182    .text.MemManage_Handler  stm32f4xx_it.o
    0x08001424   0x08001424   0x00000004   Code   RO          178    .text.NMI_Handler   stm32f4xx_it.o
    0x08001428   0x08001428   0x0000006c   Code   RO           21    .text.NVIC_EncodePriority  main.o
    0x08001494   0x08001494   0x000000d6   Code   RO          552    .text.OC1Config     stm32f4xx_ll_tim.o
    0x0800156a   0x0800156a   0x00000002   PAD
    0x0800156c   0x0800156c   0x000000de   Code   RO          554    .text.OC2Config     stm32f4xx_ll_tim.o
    0x0800164a   0x0800164a   0x00000002   PAD
    0x0800164c   0x0800164c   0x000000dc   Code   RO          556    .text.OC3Config     stm32f4xx_ll_tim.o
    0x08001728   0x08001728   0x000000ae   Code   RO          558    .text.OC4Config     stm32f4xx_ll_tim.o
    0x080017d6   0x080017d6   0x00000002   PAD
    0x080017d8   0x080017d8   0x00000002   Code   RO          192    .text.PendSV_Handler  stm32f4xx_it.o
    0x080017da   0x080017da   0x00000002   PAD
    0x080017dc   0x080017dc   0x00000026   Code   RO          282    .text.RCC_GetHCLKClockFreq  stm32f4xx_ll_rcc.o
    0x08001802   0x08001802   0x00000002   PAD
    0x08001804   0x08001804   0x00000024   Code   RO          284    .text.RCC_GetPCLK1ClockFreq  stm32f4xx_ll_rcc.o
    0x08001828   0x08001828   0x00000024   Code   RO          286    .text.RCC_GetPCLK2ClockFreq  stm32f4xx_ll_rcc.o
    0x0800184c   0x0800184c   0x00000066   Code   RO          280    .text.RCC_GetSystemClockFreq  stm32f4xx_ll_rcc.o
    0x080018b2   0x080018b2   0x00000002   PAD
    0x080018b4   0x080018b4   0x000000be   Code   RO          348    .text.RCC_PLL_GetFreqDomain_SYS  stm32f4xx_ll_rcc.o
    0x08001972   0x08001972   0x00000002   PAD
    0x08001974   0x08001974   0x00000002   Code   RO          188    .text.SVC_Handler   stm32f4xx_it.o
    0x08001976   0x08001976   0x00000002   PAD
    0x08001978   0x08001978   0x00000002   Code   RO          194    .text.SysTick_Handler  stm32f4xx_it.o
    0x0800197a   0x0800197a   0x00000002   PAD
    0x0800197c   0x0800197c   0x0000007e   Code   RO           25    .text.SystemClock_Config  main.o
    0x080019fa   0x080019fa   0x00000002   PAD
    0x080019fc   0x080019fc   0x00000012   Code   RO          657    .text.SystemInit    system_stm32f4xx.o
    0x08001a0e   0x08001a0e   0x00000002   PAD
    0x08001a10   0x08001a10   0x0000029e   Code   RO           61    .text.TIM6_DAC_IRQHandler  main.o
    0x08001cae   0x08001cae   0x00000002   PAD
    0x08001cb0   0x08001cb0   0x000000b8   Code   RO           83    .text.USART2_IRQHandler  main.o
    0x08001d68   0x08001d68   0x00000058   Code   RO           29    .text.USART_Config  main.o
    0x08001dc0   0x08001dc0   0x00000004   Code   RO          186    .text.UsageFault_Handler  stm32f4xx_it.o
    0x08001dc4   0x08001dc4   0x00000030   Code   RO           47    .text.__NVIC_EnableIRQ  main.o
    0x08001df4   0x08001df4   0x00000010   Code   RO           23    .text.__NVIC_GetPriorityGrouping  main.o
    0x08001e04   0x08001e04   0x00000042   Code   RO           19    .text.__NVIC_SetPriority  main.o
    0x08001e46   0x08001e46   0x00000002   PAD
    0x08001e48   0x08001e48   0x0000003c   Code   RO           17    .text.__NVIC_SetPriorityGrouping  main.o
    0x08001e84   0x08001e84   0x00000184   Code   RO           89    .text.befehl        main.o
    0x08002008   0x08002008   0x00000122   Code   RO           27    .text.gpio_Config   main.o
    0x0800212a   0x0800212a   0x00000002   PAD
    0x0800212c   0x0800212c   0x0000005c   Code   RO          115    .text.homing        main.o
    0x08002188   0x08002188   0x00000086   Code   RO           11    .text.main          main.o
    0x0800220e   0x0800220e   0x00000002   PAD
    0x08002210   0x08002210   0x000001c2   Code   RO          109    .text.move          main.o
    0x080023d2   0x080023d2   0x00000002   PAD
    0x080023d4   0x080023d4   0x00000138   Code   RO          107    .text.parseFloat    main.o
    0x0800250c   0x0800250c   0x00000086   Code   RO          105    .text.parseInt      main.o
    0x08002592   0x08002592   0x00000002   PAD
    0x08002594   0x08002594   0x00000030   Code   RO           41    .text.report        main.o
    0x080025c4   0x080025c4   0x00000022   Code   RO           81    .text.reportString  main.o
    0x080025e6   0x080025e6   0x00000002   PAD
    0x080025e8   0x080025e8   0x0000007a   Code   RO           37    .text.setFrequency  main.o
    0x08002662   0x08002662   0x00000002   PAD
    0x08002664   0x08002664   0x00000018   Code   RO           35    .text.setMicrosteps  main.o
    0x0800267c   0x0800267c   0x00000252   Code   RO           63    .text.setPWMs       main.o
    0x080028ce   0x080028ce   0x00000002   PAD
    0x080028d0   0x080028d0   0x00000044   Code   RO          103    .text.stift         main.o
    0x08002914   0x08002914   0x00000112   Code   RO           31    .text.tim3und4_Config  main.o
    0x08002a26   0x08002a26   0x00000002   PAD
    0x08002a28   0x08002a28   0x00000046   Code   RO           33    .text.tim6_Config   main.o
    0x08002a6e   0x08002a6e   0x0000001a   Code   RO          789    x$fpl$fpinit        fz_wm.l(fpinit.o)
    0x08002a88   0x08002a88   0x00000010   Data   RO          662    .rodata.AHBPrescTable  system_stm32f4xx.o
    0x08002a98   0x08002a98   0x00000008   Data   RO          663    .rodata.APBPrescTable  system_stm32f4xx.o
    0x08002aa0   0x08002aa0   0x00000007   Data   RO          168    .rodata.OFFSET_TAB_CCMRx  main.o
    0x08002aa7   0x08002aa7   0x00000007   Data   RO          169    .rodata.SHIFT_TAB_OCxx  main.o
    0x08002aae   0x08002aae   0x00000200   Data   RO          152    .rodata.sinusTabelle  main.o
    0x08002cae   0x08002cae   0x00000002   PAD
    0x08002cb0   0x08002cb0   0x00000020   Data   RO          850    Region$$Table       anon$$obj.o


    Execution Region RW_IRAM1 (Exec base: 0x20000000, Load base: 0x08002cd0, Size: 0x000006d0, Max: 0x00020000, ABSOLUTE)

    Exec Addr    Load Addr    Size         Type   Attr      Idx    E Section Name        Object

    0x20000000   0x08002cd0   0x00000004   Data   RW          661    .data.SystemCoreClock  system_stm32f4xx.o
    0x20000004   0x08002cd4   0x00000001   Data   RW          153    .data.amplitude     main.o
    0x20000005   0x08002cd5   0x00000003   PAD
    0x20000008   0x08002cd8   0x00000004   Data   RW          158    .data.direction_1   main.o
    0x2000000c   0x08002cdc   0x00000004   Data   RW          159    .data.direction_2   main.o
    0x20000010   0x08002ce0   0x00000001   Data   RW          155    .data.holdAmplitude  main.o
    0x20000011   0x08002ce1   0x00000003   PAD
    0x20000014   0x08002ce4   0x00000004   Data   RW          150    .data.maxX          main.o
    0x20000018   0x08002ce8   0x00000004   Data   RW          151    .data.maxY          main.o
    0x2000001c   0x08002cec   0x00000002   Data   RW          146    .data.microsteps    main.o
    0x2000001e   0x08002cee   0x00000001   Data   RW          154    .data.runAmplitude  main.o
    0x2000001f   0x08002cef   0x00000001   PAD
    0x20000020        -       0x00000060   Zero   RW          715    .bss                c_w.l(libspace.o)
    0x20000080        -       0x00000020   Zero   RW          166    .bss.USART2_IRQHandler.cmd  main.o
    0x200000a0        -       0x00000001   Zero   RW          167    .bss.USART2_IRQHandler.i  main.o
    0x200000a1   0x08002cef   0x00000003   PAD
    0x200000a4        -       0x00000004   Zero   RW          163    .bss.d1             main.o
    0x200000a8        -       0x00000004   Zero   RW          164    .bss.d2             main.o
    0x200000ac        -       0x00000001   Zero   RW          160    .bss.drawing        main.o
    0x200000ad   0x08002cef   0x00000003   PAD
    0x200000b0        -       0x00000008   Zero   RW          162    .bss.endCoord       main.o
    0x200000b8        -       0x00000004   Zero   RW          165    .bss.fehler         main.o
    0x200000bc        -       0x00000004   Zero   RW          145    .bss.nSteps         main.o
    0x200000c0        -       0x00000008   Zero   RW          161    .bss.startCoord     main.o
    0x200000c8        -       0x00000002   Zero   RW          156    .bss.step_index_1   main.o
    0x200000ca        -       0x00000002   Zero   RW          157    .bss.step_index_2   main.o
    0x200000cc   0x08002cef   0x00000004   PAD
    0x200000d0        -       0x00000200   Zero   RW            2    HEAP                startup_stm32f446xx.o
    0x200002d0        -       0x00000400   Zero   RW            1    STACK               startup_stm32f446xx.o


==============================================================================

Image component sizes


      Code (inc. data)   RO Data    RW Data    ZI Data      Debug   Object Name

      5530         12        526         21         70      19349   main.o
        64         26        452          0       1536        900   startup_stm32f446xx.o
        28          0          0          0          0       1054   stm32f4xx_it.o
       446          0          0          0          0       2907   stm32f4xx_ll_exti.o
       918          0          0          0          0       5151   stm32f4xx_ll_gpio.o
       600         14          0          0          0      11103   stm32f4xx_ll_rcc.o
      1478          0          0          0          0       9696   stm32f4xx_ll_tim.o
       570          0          0          0          0       5097   stm32f4xx_ll_usart.o
        94          0          0          0          0       7217   stm32f4xx_ll_utils.o
        18          0         24          4          0       2670   system_stm32f4xx.o

    ----------------------------------------------------------------------
      9842         52       1036         32       1616      65144   Object Totals
         0          0         32          0          0          0   (incl. Generated)
        96          0          2          7         10          0   (incl. Padding)

    ----------------------------------------------------------------------

      Code (inc. data)   RO Data    RW Data    ZI Data      Debug   Library Member Name

         8          0          0          0          0         68   __main.o
         0          0          0          0          0          0   __rtentry.o
        12          0          0          0          0          0   __rtentry2.o
         6          0          0          0          0          0   __rtentry4.o
        94          8          0          0          0          0   __scatter.o
        26          0          0          0          0          0   __scatter_copy.o
        28          0          0          0          0          0   __scatter_zi.o
        18          0          0          0          0         80   exit.o
         6          0          0          0          0        152   heapauxi.o
         0          0          0          0          0          0   indicate_semi.o
         2          0          0          0          0          0   libinit.o
         6          0          0          0          0          0   libinit2.o
         2          0          0          0          0          0   libshutdown.o
         2          0          0          0          0          0   libshutdown2.o
         8          4          0          0         96         68   libspace.o
       240          0          0          0          0        100   lludivv7m.o
         2          0          0          0          0          0   rtexit.o
        10          0          0          0          0          0   rtexit2.o
        12          4          0          0          0         68   sys_exit.o
        74          0          0          0          0         80   sys_stackheap_outer.o
         2          0          0          0          0         68   use_no_semi.o
        26          0          0          0          0        116   fpinit.o

    ----------------------------------------------------------------------
       594         16          0          0         96        800   Library Totals
        10          0          0          0          0          0   (incl. Padding)

    ----------------------------------------------------------------------

      Code (inc. data)   RO Data    RW Data    ZI Data      Debug   Library Name

       558         16          0          0         96        684   c_w.l
        26          0          0          0          0        116   fz_wm.l

    ----------------------------------------------------------------------
       594         16          0          0         96        800   Library Totals

    ----------------------------------------------------------------------

==============================================================================


      Code (inc. data)   RO Data    RW Data    ZI Data      Debug   

     10436         68       1036         32       1712      65644   Grand Totals
     10436         68       1036         32       1712      65644   ELF Image Totals
     10436         68       1036         32          0          0   ROM Totals

==============================================================================

    Total RO  Size (Code + RO Data)                11472 (  11.20kB)
    Total RW  Size (RW Data + ZI Data)              1744 (   1.70kB)
    Total ROM Size (Code + RO Data + RW Data)      11504 (  11.23kB)

==============================================================================

