<html>
<body>
<pre>
<h1>µVision Build Log</h1>
<h2>Tool Versions:</h2>
IDE-Version: µVision V5.43.1.0
Copyright (C) 2025 ARM Ltd and ARM Germany GmbH. All rights reserved.
License Information: a a, a, LIC=----
 
Tool Versions:
Toolchain:       MDK-Lite  Version: 5.43.0.0
Toolchain Path:  C:\Users\mama\AppData\Local\Keil_v5\ARM\ARMCLANG\Bin
C Compiler:      ArmClang.exe V6.24
Assembler:       Armasm.exe V6.24
Linker/Locator:  ArmLink.exe V6.24
Library Manager: ArmAr.exe V6.24
Hex Converter:   FromElf.exe V6.24
CPU DLL:         SARMCM3.DLL V5.43.0.0
Dialog DLL:      DCM.DLL V1.17.5.0
Target DLL:      STLink\ST-LINKIII-KEIL_SWO.dll V3.3.1.0
Dialog DLL:      TCM.DLL V1.56.6.0
 
<h2>Project:</h2>
C:\Users\mama\Desktop\Darko\Mechatronik und Instrumentierung\Mechatronik-und-Instrumentierung\test\MDK-ARM\test.uvprojx
Project File Date:  06/17/2026

<h2>Output:</h2>
*** Using Compiler 'V6.24', folder: 'C:\Users\mama\AppData\Local\Keil_v5\ARM\ARMCLANG\Bin'
Rebuild target 'test'
compiling stm32f4xx_ll_gpio.c...
compiling stm32f4xx_ll_utils.c...
compiling coords.c...
assembling startup_stm32f446xx.s...
compiling stm32f4xx_ll_exti.c...
compiling draw_patterns.c...
compiling stm32f4xx_it.c...
compiling stm32f4xx_ll_rcc.c...
compiling stm32f4xx_ll_usart.c...
compiling letters.c...
compiling main.c...
compiling stm32f4xx_ll_pwr.c...
compiling stm32f4xx_ll_adc.c...
compiling system_stm32f4xx.c...
compiling stm32f4xx_ll_tim.c...
linking...
Program Size: Code=10624 RO-data=1036 RW-data=32 ZI-data=1712  
FromELF: creating hex file...
"test\test.axf" - 0 Error(s), 0 Warning(s).

<h2>Software Packages used:</h2>

Package Vendor: ARM
                https://www.keil.com/pack/ARM.CMSIS.6.3.0.pack
                ARM::CMSIS@6.3.0
                CMSIS (Common Microcontroller Software Interface Standard)
   * Component: CORE Version: 6.2.0

Package Vendor: Keil
                https://www.keil.com/pack/Keil.STM32F4xx_DFP.3.1.1.pack
                Keil::STM32F4xx_DFP@3.1.1
                STMicroelectronics STM32F4 Series Device Support

<h2>Collection of Component include folders:</h2>
  ./RTE/_test
  C:/Users/mama/AppData/Local/Arm/Packs/ARM/CMSIS/6.3.0/CMSIS/Core/Include

<h2>Collection of Component Files used:</h2>

   * Component: ARM::CMSIS:CORE@6.2.0
      Include file:  CMSIS/Core/Include/tz_context.h
Build Time Elapsed:  00:00:01
</pre>
</body>
</html>
