Component: Arm Compiler for Embedded 6.24 Tool: armlink [5f371500]

==============================================================================

Section Cross References

    main.o(.text.splitNumber) refers to main.o(.bss.digits) for digits
    main.o(.ARM.exidx.text.splitNumber) refers to main.o(.text.splitNumber) for [Anonymous Symbol]
    main.o(.text.displayRefresh) refers to stm32f3xx_hal_gpio.o(.text.HAL_GPIO_WritePin) for HAL_GPIO_WritePin
    main.o(.text.displayRefresh) refers to main.o(.bss.displayRefresh.currentDigit) for displayRefresh.currentDigit
    main.o(.text.displayRefresh) refers to main.o(.bss.digits) for digits
    main.o(.ARM.exidx.text.displayRefresh) refers to main.o(.text.displayRefresh) for [Anonymous Symbol]
    main.o(.text.main) refers to stm32f3xx_hal.o(.text.HAL_Init) for HAL_Init
    main.o(.text.main) refers to main.o(.text.SystemClock_Config) for SystemClock_Config
    main.o(.text.main) refers to main.o(.text.MX_GPIO_Init) for MX_GPIO_Init
    main.o(.text.main) refers to main.o(.text.MX_TIM1_Init) for MX_TIM1_Init
    main.o(.text.main) refers to main.o(.bss.htim1) for htim1
    main.o(.text.main) refers to stm32f3xx_hal_tim.o(.text.HAL_TIM_PWM_Start) for HAL_TIM_PWM_Start
    main.o(.ARM.exidx.text.main) refers to main.o(.text.main) for [Anonymous Symbol]
    main.o(.text.SystemClock_Config) refers to rt_memclr_w.o(.text) for __aeabi_memclr4
    main.o(.text.SystemClock_Config) refers to stm32f3xx_hal_rcc.o(.text.HAL_RCC_OscConfig) for HAL_RCC_OscConfig
    main.o(.text.SystemClock_Config) refers to main.o(.text.Error_Handler) for Error_Handler
    main.o(.text.SystemClock_Config) refers to stm32f3xx_hal_rcc.o(.text.HAL_RCC_ClockConfig) for HAL_RCC_ClockConfig
    main.o(.text.SystemClock_Config) refers to stm32f3xx_hal_rcc_ex.o(.text.HAL_RCCEx_PeriphCLKConfig) for HAL_RCCEx_PeriphCLKConfig
    main.o(.ARM.exidx.text.SystemClock_Config) refers to main.o(.text.SystemClock_Config) for [Anonymous Symbol]
    main.o(.text.MX_GPIO_Init) refers to stm32f3xx_hal_gpio.o(.text.HAL_GPIO_WritePin) for HAL_GPIO_WritePin
    main.o(.text.MX_GPIO_Init) refers to stm32f3xx_hal_gpio.o(.text.HAL_GPIO_Init) for HAL_GPIO_Init
    main.o(.text.MX_GPIO_Init) refers to stm32f3xx_hal_cortex.o(.text.HAL_NVIC_SetPriority) for HAL_NVIC_SetPriority
    main.o(.text.MX_GPIO_Init) refers to stm32f3xx_hal_cortex.o(.text.HAL_NVIC_EnableIRQ) for HAL_NVIC_EnableIRQ
    main.o(.ARM.exidx.text.MX_GPIO_Init) refers to main.o(.text.MX_GPIO_Init) for [Anonymous Symbol]
    main.o(.text.MX_TIM1_Init) refers to rt_memclr_w.o(.text) for __aeabi_memclr4
    main.o(.text.MX_TIM1_Init) refers to main.o(.bss.htim1) for htim1
    main.o(.text.MX_TIM1_Init) refers to stm32f3xx_hal_tim.o(.text.HAL_TIM_PWM_Init) for HAL_TIM_PWM_Init
    main.o(.text.MX_TIM1_Init) refers to main.o(.text.Error_Handler) for Error_Handler
    main.o(.text.MX_TIM1_Init) refers to stm32f3xx_hal_tim_ex.o(.text.HAL_TIMEx_MasterConfigSynchronization) for HAL_TIMEx_MasterConfigSynchronization
    main.o(.text.MX_TIM1_Init) refers to stm32f3xx_hal_tim.o(.text.HAL_TIM_PWM_ConfigChannel) for HAL_TIM_PWM_ConfigChannel
    main.o(.text.MX_TIM1_Init) refers to stm32f3xx_hal_tim_ex.o(.text.HAL_TIMEx_ConfigBreakDeadTime) for HAL_TIMEx_ConfigBreakDeadTime
    main.o(.text.MX_TIM1_Init) refers to stm32f3xx_hal_msp.o(.text.HAL_TIM_MspPostInit) for HAL_TIM_MspPostInit
    main.o(.ARM.exidx.text.MX_TIM1_Init) refers to main.o(.text.MX_TIM1_Init) for [Anonymous Symbol]
    main.o(.ARM.exidx.text.Error_Handler) refers to main.o(.text.Error_Handler) for [Anonymous Symbol]
    main.o(.text.HAL_GPIO_EXTI_Callback) refers to rand.o(.emb_text) for rand
    main.o(.text.HAL_GPIO_EXTI_Callback) refers to main.o(.bss.htim1) for htim1
    main.o(.text.HAL_GPIO_EXTI_Callback) refers to main.o(.text.splitNumber) for splitNumber
    main.o(.text.HAL_GPIO_EXTI_Callback) refers to main.o(.text.displayRefresh) for displayRefresh
    main.o(.ARM.exidx.text.HAL_GPIO_EXTI_Callback) refers to main.o(.text.HAL_GPIO_EXTI_Callback) for [Anonymous Symbol]
    stm32f3xx_it.o(.ARM.exidx.text.NMI_Handler) refers to stm32f3xx_it.o(.text.NMI_Handler) for [Anonymous Symbol]
    stm32f3xx_it.o(.ARM.exidx.text.HardFault_Handler) refers to stm32f3xx_it.o(.text.HardFault_Handler) for [Anonymous Symbol]
    stm32f3xx_it.o(.ARM.exidx.text.MemManage_Handler) refers to stm32f3xx_it.o(.text.MemManage_Handler) for [Anonymous Symbol]
    stm32f3xx_it.o(.ARM.exidx.text.BusFault_Handler) refers to stm32f3xx_it.o(.text.BusFault_Handler) for [Anonymous Symbol]
    stm32f3xx_it.o(.ARM.exidx.text.UsageFault_Handler) refers to stm32f3xx_it.o(.text.UsageFault_Handler) for [Anonymous Symbol]
    stm32f3xx_it.o(.ARM.exidx.text.SVC_Handler) refers to stm32f3xx_it.o(.text.SVC_Handler) for [Anonymous Symbol]
    stm32f3xx_it.o(.ARM.exidx.text.DebugMon_Handler) refers to stm32f3xx_it.o(.text.DebugMon_Handler) for [Anonymous Symbol]
[...]
    Removing stm32f3xx_hal_cortex.o(.text.HAL_SYSTICK_CLKSourceConfig), (52 bytes).
    Removing stm32f3xx_hal_cortex.o(.ARM.exidx.text.HAL_SYSTICK_CLKSourceConfig), (8 bytes).
    Removing stm32f3xx_hal_cortex.o(.text.HAL_SYSTICK_IRQHandler), (8 bytes).
    Removing stm32f3xx_hal_cortex.o(.ARM.exidx.text.HAL_SYSTICK_IRQHandler), (8 bytes).
    Removing stm32f3xx_hal_cortex.o(.text.HAL_SYSTICK_Callback), (2 bytes).
    Removing stm32f3xx_hal_cortex.o(.ARM.exidx.text.HAL_SYSTICK_Callback), (8 bytes).
    Removing stm32f3xx_hal_pwr.o(.text), (0 bytes).
    Removing stm32f3xx_hal_pwr.o(.text.HAL_PWR_DeInit), (26 bytes).
    Removing stm32f3xx_hal_pwr.o(.ARM.exidx.text.HAL_PWR_DeInit), (8 bytes).
    Removing stm32f3xx_hal_pwr.o(.text.HAL_PWR_EnableBkUpAccess), (18 bytes).
    Removing stm32f3xx_hal_pwr.o(.ARM.exidx.text.HAL_PWR_EnableBkUpAccess), (8 bytes).
    Removing stm32f3xx_hal_pwr.o(.text.HAL_PWR_DisableBkUpAccess), (18 bytes).
    Removing stm32f3xx_hal_pwr.o(.ARM.exidx.text.HAL_PWR_DisableBkUpAccess), (8 bytes).
    Removing stm32f3xx_hal_pwr.o(.text.HAL_PWR_EnableWakeUpPin), (24 bytes).
    Removing stm32f3xx_hal_pwr.o(.ARM.exidx.text.HAL_PWR_EnableWakeUpPin), (8 bytes).
    Removing stm32f3xx_hal_pwr.o(.text.HAL_PWR_DisableWakeUpPin), (24 bytes).
    Removing stm32f3xx_hal_pwr.o(.ARM.exidx.text.HAL_PWR_DisableWakeUpPin), (8 bytes).
    Removing stm32f3xx_hal_pwr.o(.text.HAL_PWR_EnterSLEEPMode), (50 bytes).
    Removing stm32f3xx_hal_pwr.o(.ARM.exidx.text.HAL_PWR_EnterSLEEPMode), (8 bytes).
    Removing stm32f3xx_hal_pwr.o(.text.HAL_PWR_EnterSTOPMode), (102 bytes).
    Removing stm32f3xx_hal_pwr.o(.ARM.exidx.text.HAL_PWR_EnterSTOPMode), (8 bytes).
    Removing stm32f3xx_hal_pwr.o(.text.HAL_PWR_EnterSTANDBYMode), (36 bytes).
    Removing stm32f3xx_hal_pwr.o(.ARM.exidx.text.HAL_PWR_EnterSTANDBYMode), (8 bytes).
    Removing stm32f3xx_hal_pwr.o(.text.HAL_PWR_EnableSleepOnExit), (18 bytes).
    Removing stm32f3xx_hal_pwr.o(.ARM.exidx.text.HAL_PWR_EnableSleepOnExit), (8 bytes).
    Removing stm32f3xx_hal_pwr.o(.text.HAL_PWR_DisableSleepOnExit), (18 bytes).
    Removing stm32f3xx_hal_pwr.o(.ARM.exidx.text.HAL_PWR_DisableSleepOnExit), (8 bytes).
    Removing stm32f3xx_hal_pwr.o(.text.HAL_PWR_EnableSEVOnPend), (18 bytes).
    Removing stm32f3xx_hal_pwr.o(.ARM.exidx.text.HAL_PWR_EnableSEVOnPend), (8 bytes).
    Removing stm32f3xx_hal_pwr.o(.text.HAL_PWR_DisableSEVOnPend), (18 bytes).
    Removing stm32f3xx_hal_pwr.o(.ARM.exidx.text.HAL_PWR_DisableSEVOnPend), (8 bytes).
    Removing stm32f3xx_hal_pwr_ex.o(.text), (0 bytes).
    Removing stm32f3xx_hal_pwr_ex.o(.text.HAL_PWR_ConfigPVD), (210 bytes).
    Removing stm32f3xx_hal_pwr_ex.o(.ARM.exidx.text.HAL_PWR_ConfigPVD), (8 bytes).
    Removing stm32f3xx_hal_pwr_ex.o(.text.HAL_PWR_EnablePVD), (18 bytes).
    Removing stm32f3xx_hal_pwr_ex.o(.ARM.exidx.text.HAL_PWR_EnablePVD), (8 bytes).
    Removing stm32f3xx_hal_pwr_ex.o(.text.HAL_PWR_DisablePVD), (18 bytes).
    Removing stm32f3xx_hal_pwr_ex.o(.ARM.exidx.text.HAL_PWR_DisablePVD), (8 bytes).
    Removing stm32f3xx_hal_pwr_ex.o(.text.HAL_PWR_PVD_IRQHandler), (42 bytes).
    Removing stm32f3xx_hal_pwr_ex.o(.ARM.exidx.text.HAL_PWR_PVD_IRQHandler), (8 bytes).
    Removing stm32f3xx_hal_pwr_ex.o(.text.HAL_PWR_PVDCallback), (2 bytes).
    Removing stm32f3xx_hal_pwr_ex.o(.ARM.exidx.text.HAL_PWR_PVDCallback), (8 bytes).
    Removing stm32f3xx_hal_flash.o(.text), (0 bytes).
    Removing stm32f3xx_hal_flash.o(.text.HAL_FLASH_Program), (300 bytes).
    Removing stm32f3xx_hal_flash.o(.ARM.exidx.text.HAL_FLASH_Program), (8 bytes).
    Removing stm32f3xx_hal_flash.o(.text.FLASH_WaitForLastOperation), (170 bytes).
    Removing stm32f3xx_hal_flash.o(.ARM.exidx.text.FLASH_WaitForLastOperation), (8 bytes).
    Removing stm32f3xx_hal_flash.o(.text.FLASH_Program_HalfWord), (48 bytes).
    Removing stm32f3xx_hal_flash.o(.ARM.exidx.text.FLASH_Program_HalfWord), (8 bytes).
    Removing stm32f3xx_hal_flash.o(.text.HAL_FLASH_Program_IT), (196 bytes).
    Removing stm32f3xx_hal_flash.o(.ARM.exidx.text.HAL_FLASH_Program_IT), (8 bytes).
    Removing stm32f3xx_hal_flash.o(.text.HAL_FLASH_IRQHandler), (570 bytes).
    Removing stm32f3xx_hal_flash.o(.ARM.exidx.text.HAL_FLASH_IRQHandler), (8 bytes).
    Removing stm32f3xx_hal_flash.o(.text.FLASH_SetErrorCode), (110 bytes).
    Removing stm32f3xx_hal_flash.o(.ARM.exidx.text.FLASH_SetErrorCode), (8 bytes).
    Removing stm32f3xx_hal_flash.o(.text.HAL_FLASH_OperationErrorCallback), (8 bytes).
    Removing stm32f3xx_hal_flash.o(.ARM.exidx.text.HAL_FLASH_OperationErrorCallback), (8 bytes).
    Removing stm32f3xx_hal_flash.o(.text.HAL_FLASH_EndOfOperationCallback), (8 bytes).
    Removing stm32f3xx_hal_flash.o(.ARM.exidx.text.HAL_FLASH_EndOfOperationCallback), (8 bytes).
    Removing stm32f3xx_hal_flash.o(.text.HAL_FLASH_Unlock), (90 bytes).
    Removing stm32f3xx_hal_flash.o(.ARM.exidx.text.HAL_FLASH_Unlock), (8 bytes).
    Removing stm32f3xx_hal_flash.o(.text.HAL_FLASH_Lock), (20 bytes).
    Removing stm32f3xx_hal_flash.o(.ARM.exidx.text.HAL_FLASH_Lock), (8 bytes).
    Removing stm32f3xx_hal_flash.o(.text.HAL_FLASH_OB_Unlock), (74 bytes).
    Removing stm32f3xx_hal_flash.o(.ARM.exidx.text.HAL_FLASH_OB_Unlock), (8 bytes).
    Removing stm32f3xx_hal_flash.o(.text.HAL_FLASH_OB_Lock), (20 bytes).
    Removing stm32f3xx_hal_flash.o(.ARM.exidx.text.HAL_FLASH_OB_Lock), (8 bytes).
    Removing stm32f3xx_hal_flash.o(.text.HAL_FLASH_OB_Launch), (28 bytes).
    Removing stm32f3xx_hal_flash.o(.ARM.exidx.text.HAL_FLASH_OB_Launch), (8 bytes).
    Removing stm32f3xx_hal_flash.o(.text.HAL_FLASH_GetError), (12 bytes).
    Removing stm32f3xx_hal_flash.o(.ARM.exidx.text.HAL_FLASH_GetError), (8 bytes).
    Removing stm32f3xx_hal_flash.o(.bss.pFlash), (32 bytes).
    Removing stm32f3xx_hal_flash_ex.o(.text), (0 bytes).
    Removing stm32f3xx_hal_flash_ex.o(.text.HAL_FLASHEx_Erase), (264 bytes).
    Removing stm32f3xx_hal_flash_ex.o(.ARM.exidx.text.HAL_FLASHEx_Erase), (8 bytes).
    Removing stm32f3xx_hal_flash_ex.o(.text.FLASH_MassErase), (38 bytes).
    Removing stm32f3xx_hal_flash_ex.o(.ARM.exidx.text.FLASH_MassErase), (8 bytes).
    Removing stm32f3xx_hal_flash_ex.o(.text.FLASH_PageErase), (56 bytes).
    Removing stm32f3xx_hal_flash_ex.o(.ARM.exidx.text.FLASH_PageErase), (8 bytes).
    Removing stm32f3xx_hal_flash_ex.o(.text.HAL_FLASHEx_Erase_IT), (172 bytes).
    Removing stm32f3xx_hal_flash_ex.o(.ARM.exidx.text.HAL_FLASHEx_Erase_IT), (8 bytes).
    Removing stm32f3xx_hal_flash_ex.o(.text.HAL_FLASHEx_OBErase), (136 bytes).
    Removing stm32f3xx_hal_flash_ex.o(.ARM.exidx.text.HAL_FLASHEx_OBErase), (8 bytes).
    Removing stm32f3xx_hal_flash_ex.o(.text.FLASH_OB_GetRDP), (60 bytes).
    Removing stm32f3xx_hal_flash_ex.o(.ARM.exidx.text.FLASH_OB_GetRDP), (8 bytes).
    Removing stm32f3xx_hal_flash_ex.o(.text.FLASH_OB_RDP_LevelConfig), (170 bytes).
    Removing stm32f3xx_hal_flash_ex.o(.ARM.exidx.text.FLASH_OB_RDP_LevelConfig), (8 bytes).
    Removing stm32f3xx_hal_flash_ex.o(.text.HAL_FLASHEx_OBProgram), (354 bytes).
    Removing stm32f3xx_hal_flash_ex.o(.ARM.exidx.text.HAL_FLASHEx_OBProgram), (8 bytes).
    Removing stm32f3xx_hal_flash_ex.o(.text.FLASH_OB_EnableWRP), (244 bytes).
    Removing stm32f3xx_hal_flash_ex.o(.ARM.exidx.text.FLASH_OB_EnableWRP), (8 bytes).
    Removing stm32f3xx_hal_flash_ex.o(.text.FLASH_OB_DisableWRP), (228 bytes).
    Removing stm32f3xx_hal_flash_ex.o(.ARM.exidx.text.FLASH_OB_DisableWRP), (8 bytes).
    Removing stm32f3xx_hal_flash_ex.o(.text.FLASH_OB_UserConfig), (114 bytes).
    Removing stm32f3xx_hal_flash_ex.o(.ARM.exidx.text.FLASH_OB_UserConfig), (8 bytes).
    Removing stm32f3xx_hal_flash_ex.o(.text.FLASH_OB_ProgramData), (106 bytes).
    Removing stm32f3xx_hal_flash_ex.o(.ARM.exidx.text.FLASH_OB_ProgramData), (8 bytes).
    Removing stm32f3xx_hal_flash_ex.o(.text.HAL_FLASHEx_OBGetConfig), (40 bytes).
    Removing stm32f3xx_hal_flash_ex.o(.ARM.exidx.text.HAL_FLASHEx_OBGetConfig), (8 bytes).
    Removing stm32f3xx_hal_flash_ex.o(.text.FLASH_OB_GetWRP), (12 bytes).
    Removing stm32f3xx_hal_flash_ex.o(.ARM.exidx.text.FLASH_OB_GetWRP), (8 bytes).
    Removing stm32f3xx_hal_flash_ex.o(.text.FLASH_OB_GetUser), (44 bytes).
    Removing stm32f3xx_hal_flash_ex.o(.ARM.exidx.text.FLASH_OB_GetUser), (8 bytes).
    Removing stm32f3xx_hal_flash_ex.o(.text.HAL_FLASHEx_OBGetUserData), (110 bytes).
    Removing stm32f3xx_hal_flash_ex.o(.ARM.exidx.text.HAL_FLASHEx_OBGetUserData), (8 bytes).
    Removing stm32f3xx_hal_i2c.o(.text), (0 bytes).
    Removing stm32f3xx_hal_i2c.o(.text.HAL_I2C_Init), (276 bytes).
    Removing stm32f3xx_hal_i2c.o(.ARM.exidx.text.HAL_I2C_Init), (8 bytes).
    Removing stm32f3xx_hal_i2c.o(.text.HAL_I2C_MspInit), (8 bytes).
    Removing stm32f3xx_hal_i2c.o(.ARM.exidx.text.HAL_I2C_MspInit), (8 bytes).
    Removing stm32f3xx_hal_i2c.o(.text.HAL_I2C_DeInit), (96 bytes).
    Removing stm32f3xx_hal_i2c.o(.ARM.exidx.text.HAL_I2C_DeInit), (8 bytes).
    Removing stm32f3xx_hal_i2c.o(.text.HAL_I2C_MspDeInit), (8 bytes).
    Removing stm32f3xx_hal_i2c.o(.ARM.exidx.text.HAL_I2C_MspDeInit), (8 bytes).
    Removing stm32f3xx_hal_i2c.o(.text.HAL_I2C_Master_Transmit), (594 bytes).
    Removing stm32f3xx_hal_i2c.o(.ARM.exidx.text.HAL_I2C_Master_Transmit), (8 bytes).
    Removing stm32f3xx_hal_i2c.o(.text.I2C_WaitOnFlagUntilTimeout), (196 bytes).
    Removing stm32f3xx_hal_i2c.o(.ARM.exidx.text.I2C_WaitOnFlagUntilTimeout), (8 bytes).
    Removing stm32f3xx_hal_i2c.o(.text.I2C_TransferConfig), (84 bytes).
    Removing stm32f3xx_hal_i2c.o(.ARM.exidx.text.I2C_TransferConfig), (8 bytes).
    Removing stm32f3xx_hal_i2c.o(.text.I2C_WaitOnTXISFlagUntilTimeout), (172 bytes).
    Removing stm32f3xx_hal_i2c.o(.ARM.exidx.text.I2C_WaitOnTXISFlagUntilTimeout), (8 bytes).
    Removing stm32f3xx_hal_i2c.o(.text.I2C_WaitOnSTOPFlagUntilTimeout), (162 bytes).
    Removing stm32f3xx_hal_i2c.o(.ARM.exidx.text.I2C_WaitOnSTOPFlagUntilTimeout), (8 bytes).
    Removing stm32f3xx_hal_i2c.o(.text.HAL_I2C_Master_Receive), (540 bytes).
    Removing stm32f3xx_hal_i2c.o(.ARM.exidx.text.HAL_I2C_Master_Receive), (8 bytes).
    Removing stm32f3xx_hal_i2c.o(.text.I2C_WaitOnRXNEFlagUntilTimeout), (360 bytes).
    Removing stm32f3xx_hal_i2c.o(.ARM.exidx.text.I2C_WaitOnRXNEFlagUntilTimeout), (8 bytes).
    Removing stm32f3xx_hal_i2c.o(.text.HAL_I2C_Slave_Transmit), (688 bytes).
    Removing stm32f3xx_hal_i2c.o(.ARM.exidx.text.HAL_I2C_Slave_Transmit), (8 bytes).
    Removing stm32f3xx_hal_i2c.o(.text.I2C_Flush_TXDR), (64 bytes).
    Removing stm32f3xx_hal_i2c.o(.ARM.exidx.text.I2C_Flush_TXDR), (8 bytes).
    Removing stm32f3xx_hal_i2c.o(.text.HAL_I2C_Slave_Receive), (544 bytes).
    Removing stm32f3xx_hal_i2c.o(.ARM.exidx.text.HAL_I2C_Slave_Receive), (8 bytes).
    Removing stm32f3xx_hal_i2c.o(.text.HAL_I2C_Master_Transmit_IT), (342 bytes).
    Removing stm32f3xx_hal_i2c.o(.ARM.exidx.text.HAL_I2C_Master_Transmit_IT), (8 bytes).
    Removing stm32f3xx_hal_i2c.o(.text.I2C_Master_ISR_IT), (750 bytes).
    Removing stm32f3xx_hal_i2c.o(.ARM.exidx.text.I2C_Master_ISR_IT), (8 bytes).
    Removing stm32f3xx_hal_i2c.o(.text.I2C_Enable_IRQ), (314 bytes).
    Removing stm32f3xx_hal_i2c.o(.ARM.exidx.text.I2C_Enable_IRQ), (8 bytes).
    Removing stm32f3xx_hal_i2c.o(.text.HAL_I2C_Master_Receive_IT), (262 bytes).
    Removing stm32f3xx_hal_i2c.o(.ARM.exidx.text.HAL_I2C_Master_Receive_IT), (8 bytes).
    Removing stm32f3xx_hal_i2c.o(.text.HAL_I2C_Slave_Transmit_IT), (230 bytes).
    Removing stm32f3xx_hal_i2c.o(.ARM.exidx.text.HAL_I2C_Slave_Transmit_IT), (8 bytes).
    Removing stm32f3xx_hal_i2c.o(.text.I2C_Slave_ISR_IT), (584 bytes).
    Removing stm32f3xx_hal_i2c.o(.ARM.exidx.text.I2C_Slave_ISR_IT), (8 bytes).
    Removing stm32f3xx_hal_i2c.o(.text.HAL_I2C_Slave_Receive_IT), (182 bytes).
    Removing stm32f3xx_hal_i2c.o(.ARM.exidx.text.HAL_I2C_Slave_Receive_IT), (8 bytes).
    Removing stm32f3xx_hal_i2c.o(.text.HAL_I2C_Master_Transmit_DMA), (594 bytes).
    Removing stm32f3xx_hal_i2c.o(.ARM.exidx.text.HAL_I2C_Master_Transmit_DMA), (8 bytes).
    Removing stm32f3xx_hal_i2c.o(.text.I2C_Master_ISR_DMA), (590 bytes).
    Removing stm32f3xx_hal_i2c.o(.ARM.exidx.text.I2C_Master_ISR_DMA), (8 bytes).
    Removing stm32f3xx_hal_i2c.o(.text.I2C_DMAMasterTransmitCplt), (128 bytes).
    Removing stm32f3xx_hal_i2c.o(.ARM.exidx.text.I2C_DMAMasterTransmitCplt), (8 bytes).
    Removing stm32f3xx_hal_i2c.o(.text.I2C_DMAError), (36 bytes).
    Removing stm32f3xx_hal_i2c.o(.ARM.exidx.text.I2C_DMAError), (8 bytes).
    Removing stm32f3xx_hal_i2c.o(.text.HAL_I2C_Master_Receive_DMA), (538 bytes).
    Removing stm32f3xx_hal_i2c.o(.ARM.exidx.text.HAL_I2C_Master_Receive_DMA), (8 bytes).
    Removing stm32f3xx_hal_i2c.o(.text.I2C_DMAMasterReceiveCplt), (158 bytes).
    Removing stm32f3xx_hal_i2c.o(.ARM.exidx.text.I2C_DMAMasterReceiveCplt), (8 bytes).
    Removing stm32f3xx_hal_i2c.o(.text.HAL_I2C_Slave_Transmit_DMA), (496 bytes).
    Removing stm32f3xx_hal_i2c.o(.ARM.exidx.text.HAL_I2C_Slave_Transmit_DMA), (8 bytes).
    Removing stm32f3xx_hal_i2c.o(.text.I2C_Slave_ISR_DMA), (574 bytes).
    Removing stm32f3xx_hal_i2c.o(.ARM.exidx.text.I2C_Slave_ISR_DMA), (8 bytes).
    Removing stm32f3xx_hal_i2c.o(.text.I2C_DMASlaveTransmitCplt), (60 bytes).
    Removing stm32f3xx_hal_i2c.o(.ARM.exidx.text.I2C_DMASlaveTransmitCplt), (8 bytes).
    Removing stm32f3xx_hal_i2c.o(.text.HAL_I2C_Slave_Receive_DMA), (400 bytes).
    Removing stm32f3xx_hal_i2c.o(.ARM.exidx.text.HAL_I2C_Slave_Receive_DMA), (8 bytes).
    Removing stm32f3xx_hal_i2c.o(.text.I2C_DMASlaveReceiveCplt), (66 bytes).
    Removing stm32f3xx_hal_i2c.o(.ARM.exidx.text.I2C_DMASlaveReceiveCplt), (8 bytes).
    Removing stm32f3xx_hal_i2c.o(.text.HAL_I2C_Mem_Write), (628 bytes).
    Removing stm32f3xx_hal_i2c.o(.ARM.exidx.text.HAL_I2C_Mem_Write), (8 bytes).
    Removing stm32f3xx_hal_i2c.o(.text.I2C_RequestMemoryWrite), (192 bytes).
    Removing stm32f3xx_hal_i2c.o(.ARM.exidx.text.I2C_RequestMemoryWrite), (8 bytes).
    Removing stm32f3xx_hal_i2c.o(.text.HAL_I2C_Mem_Read), (650 bytes).
    Removing stm32f3xx_hal_i2c.o(.ARM.exidx.text.HAL_I2C_Mem_Read), (8 bytes).
    Removing stm32f3xx_hal_i2c.o(.text.I2C_RequestMemoryRead), (190 bytes).
    Removing stm32f3xx_hal_i2c.o(.ARM.exidx.text.I2C_RequestMemoryRead), (8 bytes).
    Removing stm32f3xx_hal_i2c.o(.text.HAL_I2C_Mem_Write_IT), (332 bytes).
    Removing stm32f3xx_hal_i2c.o(.ARM.exidx.text.HAL_I2C_Mem_Write_IT), (8 bytes).
    Removing stm32f3xx_hal_i2c.o(.text.I2C_Mem_ISR_IT), (764 bytes).
    Removing stm32f3xx_hal_i2c.o(.ARM.exidx.text.I2C_Mem_ISR_IT), (8 bytes).
    Removing stm32f3xx_hal_i2c.o(.text.HAL_I2C_Mem_Read_IT), (326 bytes).
    Removing stm32f3xx_hal_i2c.o(.ARM.exidx.text.HAL_I2C_Mem_Read_IT), (8 bytes).
    Removing stm32f3xx_hal_i2c.o(.text.HAL_I2C_Mem_Write_DMA), (532 bytes).
    Removing stm32f3xx_hal_i2c.o(.ARM.exidx.text.HAL_I2C_Mem_Write_DMA), (8 bytes).
    Removing stm32f3xx_hal_i2c.o(.text.I2C_Mem_ISR_DMA), (746 bytes).
    Removing stm32f3xx_hal_i2c.o(.ARM.exidx.text.I2C_Mem_ISR_DMA), (8 bytes).
    Removing stm32f3xx_hal_i2c.o(.text.HAL_I2C_Mem_Read_DMA), (530 bytes).
    Removing stm32f3xx_hal_i2c.o(.ARM.exidx.text.HAL_I2C_Mem_Read_DMA), (8 bytes).
    Removing stm32f3xx_hal_i2c.o(.text.HAL_I2C_IsDeviceReady), (534 bytes).
    Removing stm32f3xx_hal_i2c.o(.ARM.exidx.text.HAL_I2C_IsDeviceReady), (8 bytes).
    Removing stm32f3xx_hal_i2c.o(.text.HAL_I2C_Master_Seq_Transmit_IT), (438 bytes).
    Removing stm32f3xx_hal_i2c.o(.ARM.exidx.text.HAL_I2C_Master_Seq_Transmit_IT), (8 bytes).
    Removing stm32f3xx_hal_i2c.o(.text.I2C_ConvertOtherXferOptions), (52 bytes).
    Removing stm32f3xx_hal_i2c.o(.ARM.exidx.text.I2C_ConvertOtherXferOptions), (8 bytes).
    Removing stm32f3xx_hal_i2c.o(.text.HAL_I2C_Master_Seq_Transmit_DMA), (754 bytes).
    Removing stm32f3xx_hal_i2c.o(.ARM.exidx.text.HAL_I2C_Master_Seq_Transmit_DMA), (8 bytes).
    Removing stm32f3xx_hal_i2c.o(.text.HAL_I2C_Master_Seq_Receive_IT), (322 bytes).
    Removing stm32f3xx_hal_i2c.o(.ARM.exidx.text.HAL_I2C_Master_Seq_Receive_IT), (8 bytes).
    Removing stm32f3xx_hal_i2c.o(.text.HAL_I2C_Master_Seq_Receive_DMA), (596 bytes).
    Removing stm32f3xx_hal_i2c.o(.ARM.exidx.text.HAL_I2C_Master_Seq_Receive_DMA), (8 bytes).
    Removing stm32f3xx_hal_i2c.o(.text.HAL_I2C_Slave_Seq_Transmit_IT), (374 bytes).
    Removing stm32f3xx_hal_i2c.o(.ARM.exidx.text.HAL_I2C_Slave_Seq_Transmit_IT), (8 bytes).
    Removing stm32f3xx_hal_i2c.o(.text.I2C_Disable_IRQ), (204 bytes).
    Removing stm32f3xx_hal_i2c.o(.ARM.exidx.text.I2C_Disable_IRQ), (8 bytes).
    Removing stm32f3xx_hal_i2c.o(.text.I2C_DMAAbort), (58 bytes).
    Removing stm32f3xx_hal_i2c.o(.ARM.exidx.text.I2C_DMAAbort), (8 bytes).
    Removing stm32f3xx_hal_i2c.o(.text.HAL_I2C_Slave_Seq_Transmit_DMA), (668 bytes).
    Removing stm32f3xx_hal_i2c.o(.ARM.exidx.text.HAL_I2C_Slave_Seq_Transmit_DMA), (8 bytes).
    Removing stm32f3xx_hal_i2c.o(.text.HAL_I2C_Slave_Seq_Receive_IT), (372 bytes).
    Removing stm32f3xx_hal_i2c.o(.ARM.exidx.text.HAL_I2C_Slave_Seq_Receive_IT), (8 bytes).
    Removing stm32f3xx_hal_i2c.o(.text.HAL_I2C_Slave_Seq_Receive_DMA), (668 bytes).
    Removing stm32f3xx_hal_i2c.o(.ARM.exidx.text.HAL_I2C_Slave_Seq_Receive_DMA), (8 bytes).
    Removing stm32f3xx_hal_i2c.o(.text.HAL_I2C_EnableListen_IT), (72 bytes).
    Removing stm32f3xx_hal_i2c.o(.ARM.exidx.text.HAL_I2C_EnableListen_IT), (8 bytes).
    Removing stm32f3xx_hal_i2c.o(.text.HAL_I2C_DisableListen_IT), (100 bytes).
    Removing stm32f3xx_hal_i2c.o(.ARM.exidx.text.HAL_I2C_DisableListen_IT), (8 bytes).
    Removing stm32f3xx_hal_i2c.o(.text.HAL_I2C_Master_Abort_IT), (214 bytes).
    Removing stm32f3xx_hal_i2c.o(.ARM.exidx.text.HAL_I2C_Master_Abort_IT), (8 bytes).
    Removing stm32f3xx_hal_i2c.o(.text.HAL_I2C_EV_IRQHandler), (46 bytes).
    Removing stm32f3xx_hal_i2c.o(.ARM.exidx.text.HAL_I2C_EV_IRQHandler), (8 bytes).
    Removing stm32f3xx_hal_i2c.o(.text.HAL_I2C_ER_IRQHandler), (208 bytes).
    Removing stm32f3xx_hal_i2c.o(.ARM.exidx.text.HAL_I2C_ER_IRQHandler), (8 bytes).
    Removing stm32f3xx_hal_i2c.o(.text.I2C_ITError), (498 bytes).
    Removing stm32f3xx_hal_i2c.o(.ARM.exidx.text.I2C_ITError), (8 bytes).
    Removing stm32f3xx_hal_i2c.o(.text.HAL_I2C_MasterTxCpltCallback), (8 bytes).
    Removing stm32f3xx_hal_i2c.o(.ARM.exidx.text.HAL_I2C_MasterTxCpltCallback), (8 bytes).
    Removing stm32f3xx_hal_i2c.o(.text.HAL_I2C_MasterRxCpltCallback), (8 bytes).
    Removing stm32f3xx_hal_i2c.o(.ARM.exidx.text.HAL_I2C_MasterRxCpltCallback), (8 bytes).
    Removing stm32f3xx_hal_i2c.o(.text.HAL_I2C_SlaveTxCpltCallback), (8 bytes).
    Removing stm32f3xx_hal_i2c.o(.ARM.exidx.text.HAL_I2C_SlaveTxCpltCallback), (8 bytes).
    Removing stm32f3xx_hal_i2c.o(.text.HAL_I2C_SlaveRxCpltCallback), (8 bytes).
    Removing stm32f3xx_hal_i2c.o(.ARM.exidx.text.HAL_I2C_SlaveRxCpltCallback), (8 bytes).
    Removing stm32f3xx_hal_i2c.o(.text.HAL_I2C_AddrCallback), (16 bytes).
    Removing stm32f3xx_hal_i2c.o(.ARM.exidx.text.HAL_I2C_AddrCallback), (8 bytes).
    Removing stm32f3xx_hal_i2c.o(.text.HAL_I2C_ListenCpltCallback), (8 bytes).
    Removing stm32f3xx_hal_i2c.o(.ARM.exidx.text.HAL_I2C_ListenCpltCallback), (8 bytes).
    Removing stm32f3xx_hal_i2c.o(.text.HAL_I2C_MemTxCpltCallback), (8 bytes).
    Removing stm32f3xx_hal_i2c.o(.ARM.exidx.text.HAL_I2C_MemTxCpltCallback), (8 bytes).
    Removing stm32f3xx_hal_i2c.o(.text.HAL_I2C_MemRxCpltCallback), (8 bytes).
    Removing stm32f3xx_hal_i2c.o(.ARM.exidx.text.HAL_I2C_MemRxCpltCallback), (8 bytes).
    Removing stm32f3xx_hal_i2c.o(.text.HAL_I2C_ErrorCallback), (8 bytes).
    Removing stm32f3xx_hal_i2c.o(.ARM.exidx.text.HAL_I2C_ErrorCallback), (8 bytes).
    Removing stm32f3xx_hal_i2c.o(.text.HAL_I2C_AbortCpltCallback), (8 bytes).
    Removing stm32f3xx_hal_i2c.o(.ARM.exidx.text.HAL_I2C_AbortCpltCallback), (8 bytes).
    Removing stm32f3xx_hal_i2c.o(.text.HAL_I2C_GetState), (14 bytes).
    Removing stm32f3xx_hal_i2c.o(.ARM.exidx.text.HAL_I2C_GetState), (8 bytes).
    Removing stm32f3xx_hal_i2c.o(.text.HAL_I2C_GetMode), (14 bytes).
    Removing stm32f3xx_hal_i2c.o(.ARM.exidx.text.HAL_I2C_GetMode), (8 bytes).
    Removing stm32f3xx_hal_i2c.o(.text.HAL_I2C_GetError), (12 bytes).
    Removing stm32f3xx_hal_i2c.o(.ARM.exidx.text.HAL_I2C_GetError), (8 bytes).
    Removing stm32f3xx_hal_i2c.o(.text.I2C_ITMasterSeqCplt), (126 bytes).
    Removing stm32f3xx_hal_i2c.o(.ARM.exidx.text.I2C_ITMasterSeqCplt), (8 bytes).
    Removing stm32f3xx_hal_i2c.o(.text.I2C_ITMasterCplt), (436 bytes).
    Removing stm32f3xx_hal_i2c.o(.ARM.exidx.text.I2C_ITMasterCplt), (8 bytes).
    Removing stm32f3xx_hal_i2c.o(.text.I2C_ITSlaveCplt), (776 bytes).
    Removing stm32f3xx_hal_i2c.o(.ARM.exidx.text.I2C_ITSlaveCplt), (8 bytes).
    Removing stm32f3xx_hal_i2c.o(.text.I2C_ITListenCplt), (156 bytes).
    Removing stm32f3xx_hal_i2c.o(.ARM.exidx.text.I2C_ITListenCplt), (8 bytes).
    Removing stm32f3xx_hal_i2c.o(.text.I2C_ITSlaveSeqCplt), (200 bytes).
    Removing stm32f3xx_hal_i2c.o(.ARM.exidx.text.I2C_ITSlaveSeqCplt), (8 bytes).
    Removing stm32f3xx_hal_i2c.o(.text.I2C_ITAddrCplt), (300 bytes).
    Removing stm32f3xx_hal_i2c.o(.ARM.exidx.text.I2C_ITAddrCplt), (8 bytes).
    Removing stm32f3xx_hal_i2c.o(.text.I2C_TreatErrorCallback), (82 bytes).
    Removing stm32f3xx_hal_i2c.o(.ARM.exidx.text.I2C_TreatErrorCallback), (8 bytes).
    Removing stm32f3xx_hal_i2c.o(.text.I2C_IsErrorOccurred), (510 bytes).
    Removing stm32f3xx_hal_i2c.o(.ARM.exidx.text.I2C_IsErrorOccurred), (8 bytes).
    Removing stm32f3xx_hal_i2c_ex.o(.text), (0 bytes).
    Removing stm32f3xx_hal_i2c_ex.o(.text.HAL_I2CEx_ConfigAnalogFilter), (152 bytes).
    Removing stm32f3xx_hal_i2c_ex.o(.ARM.exidx.text.HAL_I2CEx_ConfigAnalogFilter), (8 bytes).
    Removing stm32f3xx_hal_i2c_ex.o(.text.HAL_I2CEx_ConfigDigitalFilter), (162 bytes).
    Removing stm32f3xx_hal_i2c_ex.o(.ARM.exidx.text.HAL_I2CEx_ConfigDigitalFilter), (8 bytes).
    Removing stm32f3xx_hal_i2c_ex.o(.text.HAL_I2CEx_EnableWakeUp), (138 bytes).
    Removing stm32f3xx_hal_i2c_ex.o(.ARM.exidx.text.HAL_I2CEx_EnableWakeUp), (8 bytes).
    Removing stm32f3xx_hal_i2c_ex.o(.text.HAL_I2CEx_DisableWakeUp), (138 bytes).
    Removing stm32f3xx_hal_i2c_ex.o(.ARM.exidx.text.HAL_I2CEx_DisableWakeUp), (8 bytes).
    Removing stm32f3xx_hal_i2c_ex.o(.text.HAL_I2CEx_EnableFastModePlus), (52 bytes).
    Removing stm32f3xx_hal_i2c_ex.o(.ARM.exidx.text.HAL_I2CEx_EnableFastModePlus), (8 bytes).
    Removing stm32f3xx_hal_i2c_ex.o(.text.HAL_I2CEx_DisableFastModePlus), (52 bytes).
    Removing stm32f3xx_hal_i2c_ex.o(.ARM.exidx.text.HAL_I2CEx_DisableFastModePlus), (8 bytes).
    Removing stm32f3xx_hal_exti.o(.text), (0 bytes).
    Removing stm32f3xx_hal_exti.o(.text.HAL_EXTI_SetConfigLine), (414 bytes).
    Removing stm32f3xx_hal_exti.o(.ARM.exidx.text.HAL_EXTI_SetConfigLine), (8 bytes).
    Removing stm32f3xx_hal_exti.o(.text.HAL_EXTI_GetConfigLine), (332 bytes).
    Removing stm32f3xx_hal_exti.o(.ARM.exidx.text.HAL_EXTI_GetConfigLine), (8 bytes).
    Removing stm32f3xx_hal_exti.o(.text.HAL_EXTI_ClearConfigLine), (268 bytes).
    Removing stm32f3xx_hal_exti.o(.ARM.exidx.text.HAL_EXTI_ClearConfigLine), (8 bytes).
    Removing stm32f3xx_hal_exti.o(.text.HAL_EXTI_RegisterCallback), (48 bytes).
    Removing stm32f3xx_hal_exti.o(.ARM.exidx.text.HAL_EXTI_RegisterCallback), (8 bytes).
    Removing stm32f3xx_hal_exti.o(.text.HAL_EXTI_GetHandle), (42 bytes).
    Removing stm32f3xx_hal_exti.o(.ARM.exidx.text.HAL_EXTI_GetHandle), (8 bytes).
    Removing stm32f3xx_hal_exti.o(.text.HAL_EXTI_IRQHandler), (96 bytes).
    Removing stm32f3xx_hal_exti.o(.ARM.exidx.text.HAL_EXTI_IRQHandler), (8 bytes).
    Removing stm32f3xx_hal_exti.o(.text.HAL_EXTI_GetPending), (70 bytes).
    Removing stm32f3xx_hal_exti.o(.ARM.exidx.text.HAL_EXTI_GetPending), (8 bytes).
    Removing stm32f3xx_hal_exti.o(.text.HAL_EXTI_ClearPending), (56 bytes).
    Removing stm32f3xx_hal_exti.o(.ARM.exidx.text.HAL_EXTI_ClearPending), (8 bytes).
    Removing stm32f3xx_hal_exti.o(.text.HAL_EXTI_GenerateSWI), (54 bytes).
    Removing stm32f3xx_hal_exti.o(.ARM.exidx.text.HAL_EXTI_GenerateSWI), (8 bytes).

819 unused section(s) (total 73296 bytes) removed from the image.

==============================================================================

Image Symbol Table

    Local Symbols

    Symbol Name                              Value     Ov Type        Size  Object(Section)

    ../clib/angel/boardlib.s                 0x00000000   Number         0  boardinit1.o ABSOLUTE
    ../clib/angel/boardlib.s                 0x00000000   Number         0  boardinit2.o ABSOLUTE
    ../clib/angel/boardlib.s                 0x00000000   Number         0  boardinit3.o ABSOLUTE
    ../clib/angel/boardlib.s                 0x00000000   Number         0  boardshut.o ABSOLUTE
    ../clib/angel/handlers.s                 0x00000000   Number         0  __scatter_copy.o ABSOLUTE
    ../clib/angel/handlers.s                 0x00000000   Number         0  __scatter_zi.o ABSOLUTE
    ../clib/angel/kernel.s                   0x00000000   Number         0  __rtentry.o ABSOLUTE
    ../clib/angel/kernel.s                   0x00000000   Number         0  __rtentry2.o ABSOLUTE
    ../clib/angel/kernel.s                   0x00000000   Number         0  __rtentry4.o ABSOLUTE
    ../clib/angel/kernel.s                   0x00000000   Number         0  rtexit.o ABSOLUTE
    ../clib/angel/kernel.s                   0x00000000   Number         0  rtexit2.o ABSOLUTE
    ../clib/angel/rt.s                       0x00000000   Number         0  aeabi_ldiv0.o ABSOLUTE
    ../clib/angel/rt.s                       0x00000000   Number         0  aeabi_ldiv0_sigfpe.o ABSOLUTE
    ../clib/angel/rt.s                       0x00000000   Number         0  rt_div0.o ABSOLUTE
    ../clib/angel/rt.s                       0x00000000   Number         0  rt_raise.o ABSOLUTE
    ../clib/angel/scatter.s                  0x00000000   Number         0  __scatter.o ABSOLUTE
    ../clib/angel/startup.s                  0x00000000   Number         0  __main.o ABSOLUTE
    ../clib/angel/sys.s                      0x00000000   Number         0  sys_stackheap_outer.o ABSOLUTE
    ../clib/angel/sys.s                      0x00000000   Number         0  libspace.o ABSOLUTE
    ../clib/angel/sys.s                      0x00000000   Number         0  use_no_semi.o ABSOLUTE
    ../clib/angel/sys.s                      0x00000000   Number         0  indicate_semi.o ABSOLUTE
    ../clib/angel/sysapp.c                   0x00000000   Number         0  sys_command.o ABSOLUTE
    ../clib/angel/sysapp.c                   0x00000000   Number         0  sys_command_hlt.o ABSOLUTE
    ../clib/angel/sysapp.c                   0x00000000   Number         0  sys_exit.o ABSOLUTE
    ../clib/angel/sysapp.c                   0x00000000   Number         0  sys_exit_hlt.o ABSOLUTE
    ../clib/angel/sysapp.c                   0x00000000   Number         0  sys_wrch.o ABSOLUTE
    ../clib/angel/sysapp.c                   0x00000000   Number         0  sys_wrch_hlt.o ABSOLUTE
    ../clib/armsys.c                         0x00000000   Number         0  argv_veneer.o ABSOLUTE
    ../clib/armsys.c                         0x00000000   Number         0  argv_veneer.o ABSOLUTE
    ../clib/armsys.c                         0x00000000   Number         0  _get_argv_nomalloc.o ABSOLUTE
    ../clib/armsys.c                         0x00000000   Number         0  no_argv.o ABSOLUTE
    ../clib/heapalloc.c                      0x00000000   Number         0  hrguard.o ABSOLUTE
    ../clib/heapaux.c                        0x00000000   Number         0  heapauxi.o ABSOLUTE
    ../clib/libinit.s                        0x00000000   Number         0  libinit2.o ABSOLUTE
    ../clib/libinit.s                        0x00000000   Number         0  libinit.o ABSOLUTE
    ../clib/libinit.s                        0x00000000   Number         0  libshutdown.o ABSOLUTE
    ../clib/libinit.s                        0x00000000   Number         0  libshutdown2.o ABSOLUTE
    ../clib/longlong.s                       0x00000000   Number         0  lludivv7m.o ABSOLUTE
    ../clib/memcpset.s                       0x00000000   Number         0  rt_memclr_w.o ABSOLUTE
    ../clib/signal.c                         0x00000000   Number         0  defsig_fpe_outer.o ABSOLUTE
    ../clib/signal.c                         0x00000000   Number         0  defsig_fpe_formal.o ABSOLUTE
    ../clib/signal.c                         0x00000000   Number         0  defsig_exit.o ABSOLUTE
    ../clib/signal.c                         0x00000000   Number         0  defsig_fpe_inner.o ABSOLUTE
    ../clib/signal.c                         0x00000000   Number         0  defsig_rtmem_outer.o ABSOLUTE
    ../clib/signal.c                         0x00000000   Number         0  defsig_rtmem_formal.o ABSOLUTE
    ../clib/signal.c                         0x00000000   Number         0  __raise.o ABSOLUTE
    ../clib/signal.c                         0x00000000   Number         0  defsig_general.o ABSOLUTE
    ../clib/signal.c                         0x00000000   Number         0  defsig_rtmem_inner.o ABSOLUTE
    ../clib/signal.c                         0x00000000   Number         0  defsig_abrt_inner.o ABSOLUTE
    ../clib/signal.c                         0x00000000   Number         0  defsig_rtred_inner.o ABSOLUTE
    ../clib/signal.c                         0x00000000   Number         0  defsig_stak_inner.o ABSOLUTE
    ../clib/signal.c                         0x00000000   Number         0  defsig_pvfn_inner.o ABSOLUTE
    ../clib/signal.c                         0x00000000   Number         0  defsig_cppl_inner.o ABSOLUTE
    ../clib/signal.c                         0x00000000   Number         0  defsig_segv_inner.o ABSOLUTE
    ../clib/signal.c                         0x00000000   Number         0  defsig_other.o ABSOLUTE
    ../clib/signal.s                         0x00000000   Number         0  defsig.o ABSOLUTE
    ../clib/stdlib.c                         0x00000000   Number         0  rand.o ABSOLUTE
    ../clib/stdlib.c                         0x00000000   Number         0  rand.o ABSOLUTE
    ../clib/stdlib.c                         0x00000000   Number         0  exit.o ABSOLUTE
    ../fplib/fpinit.s                        0x00000000   Number         0  fpinit.o ABSOLUTE
    STM32CubeMX/Target_1/STM32CubeMX/MDK-ARM/startup_stm32f334x8.s 0x00000000   Number         0  startup_stm32f334x8.o ABSOLUTE
    dc.s                                     0x00000000   Number         0  dc.o ABSOLUTE
    main.c                                   0x00000000   Number         0  main.o ABSOLUTE
    stm32f3xx_hal.c                          0x00000000   Number         0  stm32f3xx_hal.o ABSOLUTE
    stm32f3xx_hal_cortex.c                   0x00000000   Number         0  stm32f3xx_hal_cortex.o ABSOLUTE
    stm32f3xx_hal_dma.c                      0x00000000   Number         0  stm32f3xx_hal_dma.o ABSOLUTE
    stm32f3xx_hal_exti.c                     0x00000000   Number         0  stm32f3xx_hal_exti.o ABSOLUTE
    stm32f3xx_hal_flash.c                    0x00000000   Number         0  stm32f3xx_hal_flash.o ABSOLUTE
    stm32f3xx_hal_flash_ex.c                 0x00000000   Number         0  stm32f3xx_hal_flash_ex.o ABSOLUTE
    stm32f3xx_hal_gpio.c                     0x00000000   Number         0  stm32f3xx_hal_gpio.o ABSOLUTE
    stm32f3xx_hal_i2c.c                      0x00000000   Number         0  stm32f3xx_hal_i2c.o ABSOLUTE
    stm32f3xx_hal_i2c_ex.c                   0x00000000   Number         0  stm32f3xx_hal_i2c_ex.o ABSOLUTE
    stm32f3xx_hal_msp.c                      0x00000000   Number         0  stm32f3xx_hal_msp.o ABSOLUTE
    stm32f3xx_hal_pwr.c                      0x00000000   Number         0  stm32f3xx_hal_pwr.o ABSOLUTE
    stm32f3xx_hal_pwr_ex.c                   0x00000000   Number         0  stm32f3xx_hal_pwr_ex.o ABSOLUTE
    stm32f3xx_hal_rcc.c                      0x00000000   Number         0  stm32f3xx_hal_rcc.o ABSOLUTE
    stm32f3xx_hal_rcc_ex.c                   0x00000000   Number         0  stm32f3xx_hal_rcc_ex.o ABSOLUTE
    stm32f3xx_hal_tim.c                      0x00000000   Number         0  stm32f3xx_hal_tim.o ABSOLUTE
    stm32f3xx_hal_tim_ex.c                   0x00000000   Number         0  stm32f3xx_hal_tim_ex.o ABSOLUTE
    stm32f3xx_it.c                           0x00000000   Number         0  stm32f3xx_it.o ABSOLUTE
    system_stm32f3xx.c                       0x00000000   Number         0  system_stm32f3xx.o ABSOLUTE
    RESET                                    0x08000000   Section      392  startup_stm32f334x8.o(RESET)
    !!!main                                  0x08000188   Section        8  __main.o(!!!main)
    !!!scatter                               0x08000190   Section       92  __scatter.o(!!!scatter)
    !!handler_copy                           0x080001ec   Section       26  __scatter_copy.o(!!handler_copy)
    !!handler_null                           0x08000208   Section        2  __scatter.o(!!handler_null)
    !!handler_zi                             0x0800020c   Section       28  __scatter_zi.o(!!handler_zi)
    .ARM.Collect$$libinit$$00000000          0x08000228   Section        2  libinit.o(.ARM.Collect$$libinit$$00000000)
    .ARM.Collect$$libinit$$00000001          0x0800022a   Section        4  libinit2.o(.ARM.Collect$$libinit$$00000001)
    .ARM.Collect$$libinit$$00000004          0x0800022e   Section        0  libinit2.o(.ARM.Collect$$libinit$$00000004)
    .ARM.Collect$$libinit$$00000006          0x0800022e   Section        0  libinit2.o(.ARM.Collect$$libinit$$00000006)
    .ARM.Collect$$libinit$$0000000C          0x0800022e   Section        0  libinit2.o(.ARM.Collect$$libinit$$0000000C)
    .ARM.Collect$$libinit$$0000000E          0x0800022e   Section        0  libinit2.o(.ARM.Collect$$libinit$$0000000E)
    .ARM.Collect$$libinit$$0000000F          0x0800022e   Section        4  libinit2.o(.ARM.Collect$$libinit$$0000000F)
    .ARM.Collect$$libinit$$00000010          0x08000232   Section        0  libinit2.o(.ARM.Collect$$libinit$$00000010)
    .ARM.Collect$$libinit$$00000013          0x08000232   Section        0  libinit2.o(.ARM.Collect$$libinit$$00000013)
    .ARM.Collect$$libinit$$00000015          0x08000232   Section        0  libinit2.o(.ARM.Collect$$libinit$$00000015)
    .ARM.Collect$$libinit$$00000017          0x08000232   Section        0  libinit2.o(.ARM.Collect$$libinit$$00000017)
    .ARM.Collect$$libinit$$00000019          0x08000232   Section        0  libinit2.o(.ARM.Collect$$libinit$$00000019)
    .ARM.Collect$$libinit$$0000001B          0x08000232   Section        0  libinit2.o(.ARM.Collect$$libinit$$0000001B)
    .ARM.Collect$$libinit$$0000001D          0x08000232   Section        0  libinit2.o(.ARM.Collect$$libinit$$0000001D)
    .ARM.Collect$$libinit$$0000001F          0x08000232   Section        0  libinit2.o(.ARM.Collect$$libinit$$0000001F)
    .ARM.Collect$$libinit$$00000021          0x08000232   Section        0  libinit2.o(.ARM.Collect$$libinit$$00000021)
    .ARM.Collect$$libinit$$00000023          0x08000232   Section        0  libinit2.o(.ARM.Collect$$libinit$$00000023)
    .ARM.Collect$$libinit$$00000025          0x08000232   Section        0  libinit2.o(.ARM.Collect$$libinit$$00000025)
    .ARM.Collect$$libinit$$00000027          0x08000232   Section        0  libinit2.o(.ARM.Collect$$libinit$$00000027)
    .ARM.Collect$$libinit$$0000002E          0x08000232   Section        0  libinit2.o(.ARM.Collect$$libinit$$0000002E)
    .ARM.Collect$$libinit$$00000030          0x08000232   Section        0  libinit2.o(.ARM.Collect$$libinit$$00000030)
    .ARM.Collect$$libinit$$00000032          0x08000232   Section        0  libinit2.o(.ARM.Collect$$libinit$$00000032)
    .ARM.Collect$$libinit$$00000034          0x08000232   Section        0  libinit2.o(.ARM.Collect$$libinit$$00000034)
    .ARM.Collect$$libinit$$00000035          0x08000232   Section        2  libinit2.o(.ARM.Collect$$libinit$$00000035)
    .ARM.Collect$$libshutdown$$00000000      0x08000234   Section        2  libshutdown.o(.ARM.Collect$$libshutdown$$00000000)
    .ARM.Collect$$libshutdown$$00000002      0x08000236   Section        0  libshutdown2.o(.ARM.Collect$$libshutdown$$00000002)
    .ARM.Collect$$libshutdown$$00000004      0x08000236   Section        0  libshutdown2.o(.ARM.Collect$$libshutdown$$00000004)
    .ARM.Collect$$libshutdown$$00000007      0x08000236   Section        0  libshutdown2.o(.ARM.Collect$$libshutdown$$00000007)
    .ARM.Collect$$libshutdown$$0000000A      0x08000236   Section        0  libshutdown2.o(.ARM.Collect$$libshutdown$$0000000A)
    .ARM.Collect$$libshutdown$$0000000C      0x08000236   Section        0  libshutdown2.o(.ARM.Collect$$libshutdown$$0000000C)
    .ARM.Collect$$libshutdown$$0000000F      0x08000236   Section        0  libshutdown2.o(.ARM.Collect$$libshutdown$$0000000F)
    .ARM.Collect$$libshutdown$$00000010      0x08000236   Section        2  libshutdown2.o(.ARM.Collect$$libshutdown$$00000010)
    .ARM.Collect$$rtentry$$00000000          0x08000238   Section        0  __rtentry.o(.ARM.Collect$$rtentry$$00000000)
    .ARM.Collect$$rtentry$$00000002          0x08000238   Section        0  __rtentry2.o(.ARM.Collect$$rtentry$$00000002)
    .ARM.Collect$$rtentry$$00000004          0x08000238   Section        6  __rtentry4.o(.ARM.Collect$$rtentry$$00000004)
    .ARM.Collect$$rtentry$$00000009          0x0800023e   Section        0  __rtentry2.o(.ARM.Collect$$rtentry$$00000009)
    .ARM.Collect$$rtentry$$0000000A          0x0800023e   Section        4  __rtentry2.o(.ARM.Collect$$rtentry$$0000000A)
    .ARM.Collect$$rtentry$$0000000C          0x08000242   Section        0  __rtentry2.o(.ARM.Collect$$rtentry$$0000000C)
    .ARM.Collect$$rtentry$$0000000D          0x08000242   Section        8  __rtentry2.o(.ARM.Collect$$rtentry$$0000000D)
    .ARM.Collect$$rtexit$$00000000           0x0800024a   Section        2  rtexit.o(.ARM.Collect$$rtexit$$00000000)
    .ARM.Collect$$rtexit$$00000002           0x0800024c   Section        0  rtexit2.o(.ARM.Collect$$rtexit$$00000002)
    .ARM.Collect$$rtexit$$00000003           0x0800024c   Section        4  rtexit2.o(.ARM.Collect$$rtexit$$00000003)
    .ARM.Collect$$rtexit$$00000004           0x08000250   Section        6  rtexit2.o(.ARM.Collect$$rtexit$$00000004)
    .emb_text                                0x08000258   Section       52  rand.o(.emb_text)
    $v0                                      0x0800028c   Number         0  startup_stm32f334x8.o(.text)
    .text                                    0x0800028c   Section       64  startup_stm32f334x8.o(.text)
    .text                                    0x080002cc   Section      240  lludivv7m.o(.text)
    .text                                    0x080003bc   Section        0  rand.o(.text)
    .text                                    0x080003f8   Section       78  rt_memclr_w.o(.text)
    .text                                    0x08000446   Section        0  heapauxi.o(.text)
    .text                                    0x0800044c   Section       74  sys_stackheap_outer.o(.text)
    .text                                    0x08000496   Section        0  exit.o(.text)
    .text                                    0x080004a8   Section        8  libspace.o(.text)
    .text                                    0x080004b0   Section        0  sys_exit.o(.text)
    .text                                    0x080004bc   Section        2  use_no_semi.o(.text)
    .text                                    0x080004be   Section        0  indicate_semi.o(.text)
    [Anonymous Symbol]                       0x080004c0   Section        0  stm32f3xx_it.o(.text.BusFault_Handler)
    [Anonymous Symbol]                       0x080004c4   Section        0  stm32f3xx_it.o(.text.DebugMon_Handler)
    [Anonymous Symbol]                       0x080004c8   Section        0  stm32f3xx_it.o(.text.EXTI15_10_IRQHandler)
    [Anonymous Symbol]                       0x080004d4   Section        0  main.o(.text.Error_Handler)
    [Anonymous Symbol]                       0x080004dc   Section        0  main.o(.text.HAL_GPIO_EXTI_Callback)
    [Anonymous Symbol]                       0x08000540   Section        0  stm32f3xx_hal_gpio.o(.text.HAL_GPIO_EXTI_IRQHandler)
    [Anonymous Symbol]                       0x08000578   Section        0  stm32f3xx_hal_gpio.o(.text.HAL_GPIO_Init)
    [Anonymous Symbol]                       0x080008a8   Section        0  stm32f3xx_hal_gpio.o(.text.HAL_GPIO_WritePin)
    [Anonymous Symbol]                       0x080008d4   Section        0  stm32f3xx_hal.o(.text.HAL_GetTick)
    [Anonymous Symbol]                       0x080008e0   Section        0  stm32f3xx_hal.o(.text.HAL_IncTick)
    [Anonymous Symbol]                       0x080008fc   Section        0  stm32f3xx_hal.o(.text.HAL_Init)
    [Anonymous Symbol]                       0x08000924   Section        0  stm32f3xx_hal.o(.text.HAL_InitTick)
    [Anonymous Symbol]                       0x08000994   Section        0  stm32f3xx_hal_msp.o(.text.HAL_MspInit)
    [Anonymous Symbol]                       0x080009d8   Section        0  stm32f3xx_hal_cortex.o(.text.HAL_NVIC_EnableIRQ)
    [Anonymous Symbol]                       0x080009ec   Section        0  stm32f3xx_hal_cortex.o(.text.HAL_NVIC_SetPriority)
    [Anonymous Symbol]                       0x08000a20   Section        0  stm32f3xx_hal_cortex.o(.text.HAL_NVIC_SetPriorityGrouping)
    [Anonymous Symbol]                       0x08000a30   Section        0  stm32f3xx_hal_rcc_ex.o(.text.HAL_RCCEx_PeriphCLKConfig)
    [Anonymous Symbol]                       0x08000d40   Section        0  stm32f3xx_hal_rcc.o(.text.HAL_RCC_ClockConfig)
    [Anonymous Symbol]                       0x08001130   Section        0  stm32f3xx_hal_rcc.o(.text.HAL_RCC_GetSysClockFreq)
    [Anonymous Symbol]                       0x080011f4   Section        0  stm32f3xx_hal_rcc.o(.text.HAL_RCC_OscConfig)
    [Anonymous Symbol]                       0x080020d4   Section        0  stm32f3xx_hal_cortex.o(.text.HAL_SYSTICK_Config)
    [Anonymous Symbol]                       0x080020e4   Section        0  stm32f3xx_hal_tim_ex.o(.text.HAL_TIMEx_ConfigBreakDeadTime)
    [Anonymous Symbol]                       0x080021e8   Section        0  stm32f3xx_hal_tim_ex.o(.text.HAL_TIMEx_MasterConfigSynchronization)
    [Anonymous Symbol]                       0x080022ec   Section        0  stm32f3xx_hal_msp.o(.text.HAL_TIM_MspPostInit)
    [Anonymous Symbol]                       0x08002354   Section        0  stm32f3xx_hal_tim.o(.text.HAL_TIM_PWM_ConfigChannel)
    [Anonymous Symbol]                       0x08002504   Section        0  stm32f3xx_hal_tim.o(.text.HAL_TIM_PWM_Init)
    [Anonymous Symbol]                       0x080025ac   Section        0  stm32f3xx_hal_msp.o(.text.HAL_TIM_PWM_MspInit)
    [Anonymous Symbol]                       0x080025e8   Section        0  stm32f3xx_hal_tim.o(.text.HAL_TIM_PWM_Start)
    [Anonymous Symbol]                       0x0800280c   Section        0  stm32f3xx_it.o(.text.HardFault_Handler)
    MX_GPIO_Init                             0x08002811   Thumb Code   256  main.o(.text.MX_GPIO_Init)
    [Anonymous Symbol]                       0x08002810   Section        0  main.o(.text.MX_GPIO_Init)
    MX_TIM1_Init                             0x08002911   Thumb Code   238  main.o(.text.MX_TIM1_Init)
    [Anonymous Symbol]                       0x08002910   Section        0  main.o(.text.MX_TIM1_Init)
    [Anonymous Symbol]                       0x08002a00   Section        0  stm32f3xx_it.o(.text.MemManage_Handler)
    [Anonymous Symbol]                       0x08002a04   Section        0  stm32f3xx_it.o(.text.NMI_Handler)
    NVIC_EncodePriority                      0x08002a09   Thumb Code   108  stm32f3xx_hal_cortex.o(.text.NVIC_EncodePriority)
    [Anonymous Symbol]                       0x08002a08   Section        0  stm32f3xx_hal_cortex.o(.text.NVIC_EncodePriority)
    [Anonymous Symbol]                       0x08002a74   Section        0  stm32f3xx_it.o(.text.PendSV_Handler)
    [Anonymous Symbol]                       0x08002a78   Section        0  stm32f3xx_it.o(.text.SVC_Handler)
    SysTick_Config                           0x08002a7d   Thumb Code    82  stm32f3xx_hal_cortex.o(.text.SysTick_Config)
    [Anonymous Symbol]                       0x08002a7c   Section        0  stm32f3xx_hal_cortex.o(.text.SysTick_Config)
    [Anonymous Symbol]                       0x08002ad0   Section        0  stm32f3xx_it.o(.text.SysTick_Handler)
    [Anonymous Symbol]                       0x08002ad8   Section        0  main.o(.text.SystemClock_Config)
    [Anonymous Symbol]                       0x08002b5c   Section        0  system_stm32f3xx.o(.text.SystemInit)
    [Anonymous Symbol]                       0x08002b70   Section        0  stm32f3xx_hal_tim.o(.text.TIM_Base_SetConfig)
    [Anonymous Symbol]                       0x08002cb8   Section        0  stm32f3xx_hal_tim.o(.text.TIM_CCxChannelCmd)
    TIM_OC1_SetConfig                        0x08002cf1   Thumb Code   308  stm32f3xx_hal_tim.o(.text.TIM_OC1_SetConfig)
    [Anonymous Symbol]                       0x08002cf0   Section        0  stm32f3xx_hal_tim.o(.text.TIM_OC1_SetConfig)
    [Anonymous Symbol]                       0x08002e24   Section        0  stm32f3xx_hal_tim.o(.text.TIM_OC2_SetConfig)
    TIM_OC3_SetConfig                        0x08002f75   Thumb Code   334  stm32f3xx_hal_tim.o(.text.TIM_OC3_SetConfig)
    [Anonymous Symbol]                       0x08002f74   Section        0  stm32f3xx_hal_tim.o(.text.TIM_OC3_SetConfig)
    TIM_OC4_SetConfig                        0x080030c5   Thumb Code   204  stm32f3xx_hal_tim.o(.text.TIM_OC4_SetConfig)
    [Anonymous Symbol]                       0x080030c4   Section        0  stm32f3xx_hal_tim.o(.text.TIM_OC4_SetConfig)
    TIM_OC5_SetConfig                        0x08003191   Thumb Code   194  stm32f3xx_hal_tim.o(.text.TIM_OC5_SetConfig)
    [Anonymous Symbol]                       0x08003190   Section        0  stm32f3xx_hal_tim.o(.text.TIM_OC5_SetConfig)
    TIM_OC6_SetConfig                        0x08003255   Thumb Code   196  stm32f3xx_hal_tim.o(.text.TIM_OC6_SetConfig)
    [Anonymous Symbol]                       0x08003254   Section        0  stm32f3xx_hal_tim.o(.text.TIM_OC6_SetConfig)
    [Anonymous Symbol]                       0x08003318   Section        0  stm32f3xx_it.o(.text.UsageFault_Handler)
    __NVIC_EnableIRQ                         0x0800331d   Thumb Code    48  stm32f3xx_hal_cortex.o(.text.__NVIC_EnableIRQ)
    [Anonymous Symbol]                       0x0800331c   Section        0  stm32f3xx_hal_cortex.o(.text.__NVIC_EnableIRQ)
    __NVIC_GetPriorityGrouping               0x0800334d   Thumb Code    16  stm32f3xx_hal_cortex.o(.text.__NVIC_GetPriorityGrouping)
    [Anonymous Symbol]                       0x0800334c   Section        0  stm32f3xx_hal_cortex.o(.text.__NVIC_GetPriorityGrouping)
    __NVIC_SetPriority                       0x0800335d   Thumb Code    66  stm32f3xx_hal_cortex.o(.text.__NVIC_SetPriority)
    [Anonymous Symbol]                       0x0800335c   Section        0  stm32f3xx_hal_cortex.o(.text.__NVIC_SetPriority)
    __NVIC_SetPriorityGrouping               0x080033a1   Thumb Code    60  stm32f3xx_hal_cortex.o(.text.__NVIC_SetPriorityGrouping)
    [Anonymous Symbol]                       0x080033a0   Section        0  stm32f3xx_hal_cortex.o(.text.__NVIC_SetPriorityGrouping)
    [Anonymous Symbol]                       0x080033dc   Section        0  main.o(.text.displayRefresh)
    [Anonymous Symbol]                       0x080037a8   Section        0  main.o(.text.main)
    [Anonymous Symbol]                       0x080037d4   Section        0  main.o(.text.splitNumber)
    $v0                                      0x08003864   Number         0  fpinit.o(x$fpl$fpinit)
    x$fpl$fpinit                             0x08003864   Section       26  fpinit.o(x$fpl$fpinit)
    aPLLMULFactorTable                       0x0800388e   Data          16  stm32f3xx_hal_rcc.o(.rodata.aPLLMULFactorTable)
    [Anonymous Symbol]                       0x0800388e   Section        0  stm32f3xx_hal_rcc.o(.rodata.aPLLMULFactorTable)
    aPredivFactorTable                       0x0800389e   Data          16  stm32f3xx_hal_rcc.o(.rodata.aPredivFactorTable)
    [Anonymous Symbol]                       0x0800389e   Section        0  stm32f3xx_hal_rcc.o(.rodata.aPredivFactorTable)
    .bss                                     0x20000010   Section      228  rand.o(.bss)
    .bss                                     0x200000f4   Section       96  libspace.o(.bss)
    displayRefresh.currentDigit              0x20000158   Data           4  main.o(.bss.displayRefresh.currentDigit)
    [Anonymous Symbol]                       0x20000158   Section        0  main.o(.bss.displayRefresh.currentDigit)
    Heap_Mem                                 0x200001b0   Data         512  startup_stm32f334x8.o(HEAP)
    HEAP                                     0x200001b0   Section      512  startup_stm32f334x8.o(HEAP)
    Stack_Mem                                0x200003b0   Data        1024  startup_stm32f334x8.o(STACK)
    STACK                                    0x200003b0   Section     1024  startup_stm32f334x8.o(STACK)
    __initial_sp                             0x200007b0   Data           0  startup_stm32f334x8.o(STACK)

    Global Symbols

    Symbol Name                              Value     Ov Type        Size  Object(Section)

    BuildAttributes$$THM_ISAv4$E$P$D$K$B$S$7EM$VFPi3$EXTD16$VFPS$VFMA$PE$A:L22UL41UL21$X:L11$S22US41US21$IEEE1$IW$~IW$USESV6$~STKCKD$USESV7$~SHL$OSPACE$ROPI$EBA8$UX$STANDARDLIB$REQ8$PRES8$EABIv2 0x00000000   Number         0  anon$$obj.o ABSOLUTE
    __ARM_exceptions_init                     - Undefined Weak Reference
    __alloca_initialize                       - Undefined Weak Reference
    __arm_preinit_                            - Undefined Weak Reference
    __arm_relocate_pie_                       - Undefined Weak Reference
    __cpp_initialize__aeabi_                  - Undefined Weak Reference
    __cxa_finalize                            - Undefined Weak Reference
    __rt_locale                               - Undefined Weak Reference
    __sigvec_lookup                           - Undefined Weak Reference
    _atexit_init                              - Undefined Weak Reference
    _call_atexit_fns                          - Undefined Weak Reference
    _clock_init                               - Undefined Weak Reference
    _fp_trap_init                             - Undefined Weak Reference
    _fp_trap_shutdown                         - Undefined Weak Reference
    _get_lc_collate                           - Undefined Weak Reference
    _get_lc_ctype                             - Undefined Weak Reference
    _get_lc_monetary                          - Undefined Weak Reference
    _get_lc_numeric                           - Undefined Weak Reference
    _get_lc_time                              - Undefined Weak Reference
    _getenv_init                              - Undefined Weak Reference
    _handle_redirection                       - Undefined Weak Reference
    _init_alloc                               - Undefined Weak Reference
    _init_user_alloc                          - Undefined Weak Reference
    _initio                                   - Undefined Weak Reference
    _signal_finish                            - Undefined Weak Reference
    _signal_init                              - Undefined Weak Reference
    _terminate_alloc                          - Undefined Weak Reference
    _terminate_user_alloc                     - Undefined Weak Reference
    _terminateio                              - Undefined Weak Reference
    __Vectors_Size                           0x00000188   Number         0  startup_stm32f334x8.o ABSOLUTE
    __Vectors                                0x08000000   Data           4  startup_stm32f334x8.o(RESET)
    __Vectors_End                            0x08000188   Data           0  startup_stm32f334x8.o(RESET)
    __main                                   0x08000189   Thumb Code     8  __main.o(!!!main)
    __scatterload                            0x08000191   Thumb Code     0  __scatter.o(!!!scatter)
    __scatterload_rt2                        0x08000191   Thumb Code    84  __scatter.o(!!!scatter)
    __scatterload_rt2_thumb_only             0x08000191   Thumb Code     0  __scatter.o(!!!scatter)
    __scatterload_loop                       0x0800019b   Thumb Code     0  __scatter.o(!!!scatter)
    __scatterload_copy                       0x080001ed   Thumb Code    26  __scatter_copy.o(!!handler_copy)
    __scatterload_null                       0x08000209   Thumb Code     2  __scatter.o(!!handler_null)
    __scatterload_zeroinit                   0x0800020d   Thumb Code    28  __scatter_zi.o(!!handler_zi)
    __rt_lib_init                            0x08000229   Thumb Code     0  libinit.o(.ARM.Collect$$libinit$$00000000)
    __rt_lib_init_fp_1                       0x0800022b   Thumb Code     0  libinit2.o(.ARM.Collect$$libinit$$00000001)
    __rt_lib_init_heap_1                     0x0800022f   Thumb Code     0  libinit2.o(.ARM.Collect$$libinit$$0000000C)
    __rt_lib_init_preinit_1                  0x0800022f   Thumb Code     0  libinit2.o(.ARM.Collect$$libinit$$00000006)
    __rt_lib_init_rand_2                     0x0800022f   Thumb Code     0  libinit2.o(.ARM.Collect$$libinit$$0000000F)
    __rt_lib_init_relocate_pie_1             0x0800022f   Thumb Code     0  libinit2.o(.ARM.Collect$$libinit$$00000004)
    __rt_lib_init_user_alloc_1               0x0800022f   Thumb Code     0  libinit2.o(.ARM.Collect$$libinit$$0000000E)
    __rt_lib_init_alloca_1                   0x08000233   Thumb Code     0  libinit2.o(.ARM.Collect$$libinit$$00000030)
    __rt_lib_init_argv_1                     0x08000233   Thumb Code     0  libinit2.o(.ARM.Collect$$libinit$$0000002E)
    __rt_lib_init_atexit_1                   0x08000233   Thumb Code     0  libinit2.o(.ARM.Collect$$libinit$$0000001D)
    __rt_lib_init_clock_1                    0x08000233   Thumb Code     0  libinit2.o(.ARM.Collect$$libinit$$00000023)
    __rt_lib_init_cpp_1                      0x08000233   Thumb Code     0  libinit2.o(.ARM.Collect$$libinit$$00000034)
    __rt_lib_init_exceptions_1               0x08000233   Thumb Code     0  libinit2.o(.ARM.Collect$$libinit$$00000032)
    __rt_lib_init_fp_trap_1                  0x08000233   Thumb Code     0  libinit2.o(.ARM.Collect$$libinit$$00000021)
    __rt_lib_init_getenv_1                   0x08000233   Thumb Code     0  libinit2.o(.ARM.Collect$$libinit$$00000025)
    __rt_lib_init_lc_collate_1               0x08000233   Thumb Code     0  libinit2.o(.ARM.Collect$$libinit$$00000013)
    __rt_lib_init_lc_ctype_1                 0x08000233   Thumb Code     0  libinit2.o(.ARM.Collect$$libinit$$00000015)
    __rt_lib_init_lc_monetary_1              0x08000233   Thumb Code     0  libinit2.o(.ARM.Collect$$libinit$$00000017)
    __rt_lib_init_lc_numeric_1               0x08000233   Thumb Code     0  libinit2.o(.ARM.Collect$$libinit$$00000019)
    __rt_lib_init_lc_time_1                  0x08000233   Thumb Code     0  libinit2.o(.ARM.Collect$$libinit$$0000001B)
    __rt_lib_init_rand_1                     0x08000233   Thumb Code     0  libinit2.o(.ARM.Collect$$libinit$$00000010)
    __rt_lib_init_return                     0x08000233   Thumb Code     0  libinit2.o(.ARM.Collect$$libinit$$00000035)
    __rt_lib_init_signal_1                   0x08000233   Thumb Code     0  libinit2.o(.ARM.Collect$$libinit$$0000001F)
    __rt_lib_init_stdio_1                    0x08000233   Thumb Code     0  libinit2.o(.ARM.Collect$$libinit$$00000027)
    __rt_lib_shutdown                        0x08000235   Thumb Code     0  libshutdown.o(.ARM.Collect$$libshutdown$$00000000)
    __rt_lib_shutdown_cpp_1                  0x08000237   Thumb Code     0  libshutdown2.o(.ARM.Collect$$libshutdown$$00000002)
    __rt_lib_shutdown_fp_trap_1              0x08000237   Thumb Code     0  libshutdown2.o(.ARM.Collect$$libshutdown$$00000007)
    __rt_lib_shutdown_heap_1                 0x08000237   Thumb Code     0  libshutdown2.o(.ARM.Collect$$libshutdown$$0000000F)
    __rt_lib_shutdown_return                 0x08000237   Thumb Code     0  libshutdown2.o(.ARM.Collect$$libshutdown$$00000010)
    __rt_lib_shutdown_signal_1               0x08000237   Thumb Code     0  libshutdown2.o(.ARM.Collect$$libshutdown$$0000000A)
    __rt_lib_shutdown_stdio_1                0x08000237   Thumb Code     0  libshutdown2.o(.ARM.Collect$$libshutdown$$00000004)
    __rt_lib_shutdown_user_alloc_1           0x08000237   Thumb Code     0  libshutdown2.o(.ARM.Collect$$libshutdown$$0000000C)
    __rt_entry                               0x08000239   Thumb Code     0  __rtentry.o(.ARM.Collect$$rtentry$$00000000)
    __rt_entry_presh_1                       0x08000239   Thumb Code     0  __rtentry2.o(.ARM.Collect$$rtentry$$00000002)
    __rt_entry_sh                            0x08000239   Thumb Code     0  __rtentry4.o(.ARM.Collect$$rtentry$$00000004)
    __rt_entry_li                            0x0800023f   Thumb Code     0  __rtentry2.o(.ARM.Collect$$rtentry$$0000000A)
    __rt_entry_postsh_1                      0x0800023f   Thumb Code     0  __rtentry2.o(.ARM.Collect$$rtentry$$00000009)
    __rt_entry_main                          0x08000243   Thumb Code     0  __rtentry2.o(.ARM.Collect$$rtentry$$0000000D)
    __rt_entry_postli_1                      0x08000243   Thumb Code     0  __rtentry2.o(.ARM.Collect$$rtentry$$0000000C)
    __rt_exit                                0x0800024b   Thumb Code     0  rtexit.o(.ARM.Collect$$rtexit$$00000000)
    __rt_exit_ls                             0x0800024d   Thumb Code     0  rtexit2.o(.ARM.Collect$$rtexit$$00000003)
    __rt_exit_prels_1                        0x0800024d   Thumb Code     0  rtexit2.o(.ARM.Collect$$rtexit$$00000002)
    __rt_exit_exit                           0x08000251   Thumb Code     0  rtexit2.o(.ARM.Collect$$rtexit$$00000004)
    rand                                     0x08000259   Thumb Code    48  rand.o(.emb_text)
    Reset_Handler                            0x0800028d   Thumb Code     8  startup_stm32f334x8.o(.text)
    ADC1_2_IRQHandler                        0x080002a7   Thumb Code     0  startup_stm32f334x8.o(.text)
    CAN_RX0_IRQHandler                       0x080002a7   Thumb Code     0  startup_stm32f334x8.o(.text)
    CAN_RX1_IRQHandler                       0x080002a7   Thumb Code     0  startup_stm32f334x8.o(.text)
    CAN_SCE_IRQHandler                       0x080002a7   Thumb Code     0  startup_stm32f334x8.o(.text)
    CAN_TX_IRQHandler                        0x080002a7   Thumb Code     0  startup_stm32f334x8.o(.text)
    COMP2_IRQHandler                         0x080002a7   Thumb Code     0  startup_stm32f334x8.o(.text)
    COMP4_6_IRQHandler                       0x080002a7   Thumb Code     0  startup_stm32f334x8.o(.text)
    DMA1_Channel1_IRQHandler                 0x080002a7   Thumb Code     0  startup_stm32f334x8.o(.text)
    DMA1_Channel2_IRQHandler                 0x080002a7   Thumb Code     0  startup_stm32f334x8.o(.text)
    DMA1_Channel3_IRQHandler                 0x080002a7   Thumb Code     0  startup_stm32f334x8.o(.text)
    DMA1_Channel4_IRQHandler                 0x080002a7   Thumb Code     0  startup_stm32f334x8.o(.text)
    DMA1_Channel5_IRQHandler                 0x080002a7   Thumb Code     0  startup_stm32f334x8.o(.text)
    DMA1_Channel6_IRQHandler                 0x080002a7   Thumb Code     0  startup_stm32f334x8.o(.text)
    DMA1_Channel7_IRQHandler                 0x080002a7   Thumb Code     0  startup_stm32f334x8.o(.text)
    EXTI0_IRQHandler                         0x080002a7   Thumb Code     0  startup_stm32f334x8.o(.text)
    EXTI1_IRQHandler                         0x080002a7   Thumb Code     0  startup_stm32f334x8.o(.text)
    EXTI2_TSC_IRQHandler                     0x080002a7   Thumb Code     0  startup_stm32f334x8.o(.text)
    EXTI3_IRQHandler                         0x080002a7   Thumb Code     0  startup_stm32f334x8.o(.text)
    EXTI4_IRQHandler                         0x080002a7   Thumb Code     0  startup_stm32f334x8.o(.text)
    EXTI9_5_IRQHandler                       0x080002a7   Thumb Code     0  startup_stm32f334x8.o(.text)
    FLASH_IRQHandler                         0x080002a7   Thumb Code     0  startup_stm32f334x8.o(.text)
    FPU_IRQHandler                           0x080002a7   Thumb Code     0  startup_stm32f334x8.o(.text)
    HRTIM1_FLT_IRQHandler                    0x080002a7   Thumb Code     0  startup_stm32f334x8.o(.text)
    HRTIM1_Master_IRQHandler                 0x080002a7   Thumb Code     0  startup_stm32f334x8.o(.text)
    HRTIM1_TIMA_IRQHandler                   0x080002a7   Thumb Code     0  startup_stm32f334x8.o(.text)
    HRTIM1_TIMB_IRQHandler                   0x080002a7   Thumb Code     0  startup_stm32f334x8.o(.text)
    HRTIM1_TIMC_IRQHandler                   0x080002a7   Thumb Code     0  startup_stm32f334x8.o(.text)
    HRTIM1_TIMD_IRQHandler                   0x080002a7   Thumb Code     0  startup_stm32f334x8.o(.text)
    HRTIM1_TIME_IRQHandler                   0x080002a7   Thumb Code     0  startup_stm32f334x8.o(.text)
    I2C1_ER_IRQHandler                       0x080002a7   Thumb Code     0  startup_stm32f334x8.o(.text)
    I2C1_EV_IRQHandler                       0x080002a7   Thumb Code     0  startup_stm32f334x8.o(.text)
    PVD_IRQHandler                           0x080002a7   Thumb Code     0  startup_stm32f334x8.o(.text)
    RCC_IRQHandler                           0x080002a7   Thumb Code     0  startup_stm32f334x8.o(.text)
    RTC_Alarm_IRQHandler                     0x080002a7   Thumb Code     0  startup_stm32f334x8.o(.text)
    RTC_WKUP_IRQHandler                      0x080002a7   Thumb Code     0  startup_stm32f334x8.o(.text)
    SPI1_IRQHandler                          0x080002a7   Thumb Code     0  startup_stm32f334x8.o(.text)
    TAMP_STAMP_IRQHandler                    0x080002a7   Thumb Code     0  startup_stm32f334x8.o(.text)
    TIM1_BRK_TIM15_IRQHandler                0x080002a7   Thumb Code     0  startup_stm32f334x8.o(.text)
    TIM1_CC_IRQHandler                       0x080002a7   Thumb Code     0  startup_stm32f334x8.o(.text)
    TIM1_TRG_COM_TIM17_IRQHandler            0x080002a7   Thumb Code     0  startup_stm32f334x8.o(.text)
    TIM1_UP_TIM16_IRQHandler                 0x080002a7   Thumb Code     0  startup_stm32f334x8.o(.text)
    TIM2_IRQHandler                          0x080002a7   Thumb Code     0  startup_stm32f334x8.o(.text)
    TIM3_IRQHandler                          0x080002a7   Thumb Code     0  startup_stm32f334x8.o(.text)
    TIM6_DAC1_IRQHandler                     0x080002a7   Thumb Code     0  startup_stm32f334x8.o(.text)
    TIM7_DAC2_IRQHandler                     0x080002a7   Thumb Code     0  startup_stm32f334x8.o(.text)
    USART1_IRQHandler                        0x080002a7   Thumb Code     0  startup_stm32f334x8.o(.text)
    USART2_IRQHandler                        0x080002a7   Thumb Code     0  startup_stm32f334x8.o(.text)
    USART3_IRQHandler                        0x080002a7   Thumb Code     0  startup_stm32f334x8.o(.text)
    WWDG_IRQHandler                          0x080002a7   Thumb Code     0  startup_stm32f334x8.o(.text)
    __user_initial_stackheap                 0x080002a9   Thumb Code     0  startup_stm32f334x8.o(.text)
    __aeabi_uldivmod                         0x080002cd   Thumb Code     0  lludivv7m.o(.text)
    _ll_udiv                                 0x080002cd   Thumb Code   240  lludivv7m.o(.text)
    srand                                    0x080003bd   Thumb Code    42  rand.o(.text)
    _rand_init                               0x080003e7   Thumb Code     4  rand.o(.text)
    __aeabi_memclr4                          0x080003f9   Thumb Code     0  rt_memclr_w.o(.text)
    __aeabi_memclr8                          0x080003f9   Thumb Code     0  rt_memclr_w.o(.text)
    __rt_memclr_w                            0x080003f9   Thumb Code     0  rt_memclr_w.o(.text)
    _memset_w                                0x080003fd   Thumb Code    74  rt_memclr_w.o(.text)
    __use_two_region_memory                  0x08000447   Thumb Code     2  heapauxi.o(.text)
    __rt_heap_escrow$2region                 0x08000449   Thumb Code     2  heapauxi.o(.text)
    __rt_heap_expand$2region                 0x0800044b   Thumb Code     2  heapauxi.o(.text)
    __user_setup_stackheap                   0x0800044d   Thumb Code    74  sys_stackheap_outer.o(.text)
    exit                                     0x08000497   Thumb Code    18  exit.o(.text)
    __user_libspace                          0x080004a9   Thumb Code     8  libspace.o(.text)
    __user_perproc_libspace                  0x080004a9   Thumb Code     0  libspace.o(.text)
    __user_perthread_libspace                0x080004a9   Thumb Code     0  libspace.o(.text)
    _sys_exit                                0x080004b1   Thumb Code     8  sys_exit.o(.text)
    __I$use$semihosting                      0x080004bd   Thumb Code     0  use_no_semi.o(.text)
    __use_no_semihosting_swi                 0x080004bd   Thumb Code     2  use_no_semi.o(.text)
    __semihosting_library_function           0x080004bf   Thumb Code     0  indicate_semi.o(.text)
    BusFault_Handler                         0x080004c1   Thumb Code     4  stm32f3xx_it.o(.text.BusFault_Handler)
    DebugMon_Handler                         0x080004c5   Thumb Code     2  stm32f3xx_it.o(.text.DebugMon_Handler)
    EXTI15_10_IRQHandler                     0x080004c9   Thumb Code    12  stm32f3xx_it.o(.text.EXTI15_10_IRQHandler)
    Error_Handler                            0x080004d5   Thumb Code     6  main.o(.text.Error_Handler)
    HAL_GPIO_EXTI_Callback                   0x080004dd   Thumb Code   100  main.o(.text.HAL_GPIO_EXTI_Callback)
    HAL_GPIO_EXTI_IRQHandler                 0x08000541   Thumb Code    56  stm32f3xx_hal_gpio.o(.text.HAL_GPIO_EXTI_IRQHandler)
    HAL_GPIO_Init                            0x08000579   Thumb Code   816  stm32f3xx_hal_gpio.o(.text.HAL_GPIO_Init)
    HAL_GPIO_WritePin                        0x080008a9   Thumb Code    44  stm32f3xx_hal_gpio.o(.text.HAL_GPIO_WritePin)
    HAL_GetTick                              0x080008d5   Thumb Code    12  stm32f3xx_hal.o(.text.HAL_GetTick)
    HAL_IncTick                              0x080008e1   Thumb Code    26  stm32f3xx_hal.o(.text.HAL_IncTick)
    HAL_Init                                 0x080008fd   Thumb Code    38  stm32f3xx_hal.o(.text.HAL_Init)
    HAL_InitTick                             0x08000925   Thumb Code   112  stm32f3xx_hal.o(.text.HAL_InitTick)
    HAL_MspInit                              0x08000995   Thumb Code    66  stm32f3xx_hal_msp.o(.text.HAL_MspInit)
    HAL_NVIC_EnableIRQ                       0x080009d9   Thumb Code    20  stm32f3xx_hal_cortex.o(.text.HAL_NVIC_EnableIRQ)
    HAL_NVIC_SetPriority                     0x080009ed   Thumb Code    50  stm32f3xx_hal_cortex.o(.text.HAL_NVIC_SetPriority)
    HAL_NVIC_SetPriorityGrouping             0x08000a21   Thumb Code    16  stm32f3xx_hal_cortex.o(.text.HAL_NVIC_SetPriorityGrouping)
    HAL_RCCEx_PeriphCLKConfig                0x08000a31   Thumb Code   782  stm32f3xx_hal_rcc_ex.o(.text.HAL_RCCEx_PeriphCLKConfig)
    HAL_RCC_ClockConfig                      0x08000d41   Thumb Code  1008  stm32f3xx_hal_rcc.o(.text.HAL_RCC_ClockConfig)
    HAL_RCC_GetSysClockFreq                  0x08001131   Thumb Code   194  stm32f3xx_hal_rcc.o(.text.HAL_RCC_GetSysClockFreq)
    HAL_RCC_OscConfig                        0x080011f5   Thumb Code  3806  stm32f3xx_hal_rcc.o(.text.HAL_RCC_OscConfig)
    HAL_SYSTICK_Config                       0x080020d5   Thumb Code    16  stm32f3xx_hal_cortex.o(.text.HAL_SYSTICK_Config)
    HAL_TIMEx_ConfigBreakDeadTime            0x080020e5   Thumb Code   258  stm32f3xx_hal_tim_ex.o(.text.HAL_TIMEx_ConfigBreakDeadTime)
    HAL_TIMEx_MasterConfigSynchronization    0x080021e9   Thumb Code   258  stm32f3xx_hal_tim_ex.o(.text.HAL_TIMEx_MasterConfigSynchronization)
    HAL_TIM_MspPostInit                      0x080022ed   Thumb Code   102  stm32f3xx_hal_msp.o(.text.HAL_TIM_MspPostInit)
    HAL_TIM_PWM_ConfigChannel                0x08002355   Thumb Code   432  stm32f3xx_hal_tim.o(.text.HAL_TIM_PWM_ConfigChannel)
    HAL_TIM_PWM_Init                         0x08002505   Thumb Code   168  stm32f3xx_hal_tim.o(.text.HAL_TIM_PWM_Init)
    HAL_TIM_PWM_MspInit                      0x080025ad   Thumb Code    58  stm32f3xx_hal_msp.o(.text.HAL_TIM_PWM_MspInit)
    HAL_TIM_PWM_Start                        0x080025e9   Thumb Code   548  stm32f3xx_hal_tim.o(.text.HAL_TIM_PWM_Start)
    HardFault_Handler                        0x0800280d   Thumb Code     4  stm32f3xx_it.o(.text.HardFault_Handler)
    MemManage_Handler                        0x08002a01   Thumb Code     4  stm32f3xx_it.o(.text.MemManage_Handler)
    NMI_Handler                              0x08002a05   Thumb Code     4  stm32f3xx_it.o(.text.NMI_Handler)
    PendSV_Handler                           0x08002a75   Thumb Code     2  stm32f3xx_it.o(.text.PendSV_Handler)
    SVC_Handler                              0x08002a79   Thumb Code     2  stm32f3xx_it.o(.text.SVC_Handler)
    SysTick_Handler                          0x08002ad1   Thumb Code     8  stm32f3xx_it.o(.text.SysTick_Handler)
    SystemClock_Config                       0x08002ad9   Thumb Code   132  main.o(.text.SystemClock_Config)
    SystemInit                               0x08002b5d   Thumb Code    18  system_stm32f3xx.o(.text.SystemInit)
    TIM_Base_SetConfig                       0x08002b71   Thumb Code   326  stm32f3xx_hal_tim.o(.text.TIM_Base_SetConfig)
    TIM_CCxChannelCmd                        0x08002cb9   Thumb Code    54  stm32f3xx_hal_tim.o(.text.TIM_CCxChannelCmd)
    TIM_OC2_SetConfig                        0x08002e25   Thumb Code   336  stm32f3xx_hal_tim.o(.text.TIM_OC2_SetConfig)
    UsageFault_Handler                       0x08003319   Thumb Code     4  stm32f3xx_it.o(.text.UsageFault_Handler)
    displayRefresh                           0x080033dd   Thumb Code   972  main.o(.text.displayRefresh)
    main                                     0x080037a9   Thumb Code    44  main.o(.text.main)
    splitNumber                              0x080037d5   Thumb Code   144  main.o(.text.splitNumber)
    _fp_init                                 0x08003865   Thumb Code    26  fpinit.o(x$fpl$fpinit)
    __fplib_config_fpu_vfp                   0x0800387d   Thumb Code     0  fpinit.o(x$fpl$fpinit)
    __fplib_config_pureend_doubles           0x0800387d   Thumb Code     0  fpinit.o(x$fpl$fpinit)
    AHBPrescTable                            0x0800387e   Data          16  system_stm32f3xx.o(.rodata.AHBPrescTable)
    Region$$Table$$Base                      0x080038b0   Number         0  anon$$obj.o(Region$$Table)
    Region$$Table$$Limit                     0x080038d0   Number         0  anon$$obj.o(Region$$Table)
    SystemCoreClock                          0x20000000   Data           4  system_stm32f3xx.o(.data.SystemCoreClock)
    uwTickFreq                               0x20000004   Data           1  stm32f3xx_hal.o(.data.uwTickFreq)
    uwTickPrio                               0x20000008   Data           4  stm32f3xx_hal.o(.data.uwTickPrio)
    _random_number_data                      0x20000010   Data         228  rand.o(.bss)
    __libspace_start                         0x200000f4   Data          96  libspace.o(.bss)
    __temporary_stack_top$libspace           0x20000154   Data           0  libspace.o(.bss)
    digits                                   0x20000154   Data           4  main.o(.bss.digits)
    htim1                                    0x2000015c   Data          76  main.o(.bss.htim1)
    uwTick                                   0x200001a8   Data           4  stm32f3xx_hal.o(.bss.uwTick)



==============================================================================

Memory Map of the image

  Image Entry point : 0x0800028d

  Load Region LR_1 (Base: 0x08000000, Size: 0x000038dc, Max: 0xffffffff, ABSOLUTE)

    Execution Region ER_RO (Exec base: 0x08000000, Load base: 0x08000000, Size: 0x000038d0, Max: 0xffffffff, ABSOLUTE)

    Exec Addr    Load Addr    Size         Type   Attr      Idx    E Section Name        Object

    0x08000000   0x08000000   0x00000188   Data   RO           72    RESET               startup_stm32f334x8.o
    0x08000188   0x08000188   0x00000008   Code   RO         1022  * !!!main             c_w.l(__main.o)
    0x08000190   0x08000190   0x0000005c   Code   RO         1197    !!!scatter          c_w.l(__scatter.o)
    0x080001ec   0x080001ec   0x0000001a   Code   RO         1201    !!handler_copy      c_w.l(__scatter_copy.o)
    0x08000206   0x08000206   0x00000002   PAD
    0x08000208   0x08000208   0x00000002   Code   RO         1198    !!handler_null      c_w.l(__scatter.o)
    0x0800020a   0x0800020a   0x00000002   PAD
    0x0800020c   0x0800020c   0x0000001c   Code   RO         1203    !!handler_zi        c_w.l(__scatter_zi.o)
    0x08000228   0x08000228   0x00000002   Code   RO         1114    .ARM.Collect$$libinit$$00000000  c_w.l(libinit.o)
    0x0800022a   0x0800022a   0x00000004   Code   RO         1029    .ARM.Collect$$libinit$$00000001  c_w.l(libinit2.o)
    0x0800022e   0x0800022e   0x00000000   Code   RO         1032    .ARM.Collect$$libinit$$00000004  c_w.l(libinit2.o)
    0x0800022e   0x0800022e   0x00000000   Code   RO         1034    .ARM.Collect$$libinit$$00000006  c_w.l(libinit2.o)
    0x0800022e   0x0800022e   0x00000000   Code   RO         1037    .ARM.Collect$$libinit$$0000000C  c_w.l(libinit2.o)
    0x0800022e   0x0800022e   0x00000000   Code   RO         1039    .ARM.Collect$$libinit$$0000000E  c_w.l(libinit2.o)
    0x0800022e   0x0800022e   0x00000004   Code   RO         1040    .ARM.Collect$$libinit$$0000000F  c_w.l(libinit2.o)
    0x08000232   0x08000232   0x00000000   Code   RO         1041    .ARM.Collect$$libinit$$00000010  c_w.l(libinit2.o)
    0x08000232   0x08000232   0x00000000   Code   RO         1044    .ARM.Collect$$libinit$$00000013  c_w.l(libinit2.o)
    0x08000232   0x08000232   0x00000000   Code   RO         1046    .ARM.Collect$$libinit$$00000015  c_w.l(libinit2.o)
    0x08000232   0x08000232   0x00000000   Code   RO         1048    .ARM.Collect$$libinit$$00000017  c_w.l(libinit2.o)
    0x08000232   0x08000232   0x00000000   Code   RO         1050    .ARM.Collect$$libinit$$00000019  c_w.l(libinit2.o)
    0x08000232   0x08000232   0x00000000   Code   RO         1052    .ARM.Collect$$libinit$$0000001B  c_w.l(libinit2.o)
    0x08000232   0x08000232   0x00000000   Code   RO         1054    .ARM.Collect$$libinit$$0000001D  c_w.l(libinit2.o)
    0x08000232   0x08000232   0x00000000   Code   RO         1056    .ARM.Collect$$libinit$$0000001F  c_w.l(libinit2.o)
    0x08000232   0x08000232   0x00000000   Code   RO         1058    .ARM.Collect$$libinit$$00000021  c_w.l(libinit2.o)
    0x08000232   0x08000232   0x00000000   Code   RO         1060    .ARM.Collect$$libinit$$00000023  c_w.l(libinit2.o)
    0x08000232   0x08000232   0x00000000   Code   RO         1062    .ARM.Collect$$libinit$$00000025  c_w.l(libinit2.o)
    0x08000232   0x08000232   0x00000000   Code   RO         1064    .ARM.Collect$$libinit$$00000027  c_w.l(libinit2.o)
    0x08000232   0x08000232   0x00000000   Code   RO         1068    .ARM.Collect$$libinit$$0000002E  c_w.l(libinit2.o)
    0x08000232   0x08000232   0x00000000   Code   RO         1070    .ARM.Collect$$libinit$$00000030  c_w.l(libinit2.o)
    0x08000232   0x08000232   0x00000000   Code   RO         1072    .ARM.Collect$$libinit$$00000032  c_w.l(libinit2.o)
    0x08000232   0x08000232   0x00000000   Code   RO         1074    .ARM.Collect$$libinit$$00000034  c_w.l(libinit2.o)
    0x08000232   0x08000232   0x00000002   Code   RO         1075    .ARM.Collect$$libinit$$00000035  c_w.l(libinit2.o)
    0x08000234   0x08000234   0x00000002   Code   RO         1164    .ARM.Collect$$libshutdown$$00000000  c_w.l(libshutdown.o)
    0x08000236   0x08000236   0x00000000   Code   RO         1180    .ARM.Collect$$libshutdown$$00000002  c_w.l(libshutdown2.o)
    0x08000236   0x08000236   0x00000000   Code   RO         1182    .ARM.Collect$$libshutdown$$00000004  c_w.l(libshutdown2.o)
    0x08000236   0x08000236   0x00000000   Code   RO         1185    .ARM.Collect$$libshutdown$$00000007  c_w.l(libshutdown2.o)
    0x08000236   0x08000236   0x00000000   Code   RO         1188    .ARM.Collect$$libshutdown$$0000000A  c_w.l(libshutdown2.o)
    0x08000236   0x08000236   0x00000000   Code   RO         1190    .ARM.Collect$$libshutdown$$0000000C  c_w.l(libshutdown2.o)
    0x08000236   0x08000236   0x00000000   Code   RO         1193    .ARM.Collect$$libshutdown$$0000000F  c_w.l(libshutdown2.o)
    0x08000236   0x08000236   0x00000002   Code   RO         1194    .ARM.Collect$$libshutdown$$00000010  c_w.l(libshutdown2.o)
    0x08000238   0x08000238   0x00000000   Code   RO         1024    .ARM.Collect$$rtentry$$00000000  c_w.l(__rtentry.o)
    0x08000238   0x08000238   0x00000000   Code   RO         1077    .ARM.Collect$$rtentry$$00000002  c_w.l(__rtentry2.o)
    0x08000238   0x08000238   0x00000006   Code   RO         1089    .ARM.Collect$$rtentry$$00000004  c_w.l(__rtentry4.o)
    0x0800023e   0x0800023e   0x00000000   Code   RO         1079    .ARM.Collect$$rtentry$$00000009  c_w.l(__rtentry2.o)
    0x0800023e   0x0800023e   0x00000004   Code   RO         1080    .ARM.Collect$$rtentry$$0000000A  c_w.l(__rtentry2.o)
    0x08000242   0x08000242   0x00000000   Code   RO         1082    .ARM.Collect$$rtentry$$0000000C  c_w.l(__rtentry2.o)
    0x08000242   0x08000242   0x00000008   Code   RO         1083    .ARM.Collect$$rtentry$$0000000D  c_w.l(__rtentry2.o)
    0x0800024a   0x0800024a   0x00000002   Code   RO         1122    .ARM.Collect$$rtexit$$00000000  c_w.l(rtexit.o)
    0x0800024c   0x0800024c   0x00000000   Code   RO         1144    .ARM.Collect$$rtexit$$00000002  c_w.l(rtexit2.o)
    0x0800024c   0x0800024c   0x00000004   Code   RO         1145    .ARM.Collect$$rtexit$$00000003  c_w.l(rtexit2.o)
    0x08000250   0x08000250   0x00000006   Code   RO         1146    .ARM.Collect$$rtexit$$00000004  c_w.l(rtexit2.o)
    0x08000256   0x08000256   0x00000002   PAD
    0x08000258   0x08000258   0x00000034   Code   RO         1013    .emb_text           c_w.l(rand.o)
    0x0800028c   0x0800028c   0x00000040   Code   RO           73  * .text               startup_stm32f334x8.o
    0x080002cc   0x080002cc   0x000000f0   Code   RO         1011    .text               c_w.l(lludivv7m.o)
    0x080003bc   0x080003bc   0x0000003c   Code   RO         1014    .text               c_w.l(rand.o)
    0x080003f8   0x080003f8   0x0000004e   Code   RO         1018    .text               c_w.l(rt_memclr_w.o)
    0x08000446   0x08000446   0x00000006   Code   RO         1020    .text               c_w.l(heapauxi.o)
    0x0800044c   0x0800044c   0x0000004a   Code   RO         1097    .text               c_w.l(sys_stackheap_outer.o)
    0x08000496   0x08000496   0x00000012   Code   RO         1099    .text               c_w.l(exit.o)
    0x080004a8   0x080004a8   0x00000008   Code   RO         1119    .text               c_w.l(libspace.o)
    0x080004b0   0x080004b0   0x0000000c   Code   RO         1136    .text               c_w.l(sys_exit.o)
    0x080004bc   0x080004bc   0x00000002   Code   RO         1140    .text               c_w.l(use_no_semi.o)
    0x080004be   0x080004be   0x00000000   Code   RO         1142    .text               c_w.l(indicate_semi.o)
    0x080004be   0x080004be   0x00000002   PAD
    0x080004c0   0x080004c0   0x00000004   Code   RO           35    .text.BusFault_Handler  stm32f3xx_it.o
    0x080004c4   0x080004c4   0x00000002   Code   RO           41    .text.DebugMon_Handler  stm32f3xx_it.o
    0x080004c6   0x080004c6   0x00000002   PAD
    0x080004c8   0x080004c8   0x0000000c   Code   RO           47    .text.EXTI15_10_IRQHandler  stm32f3xx_it.o
    0x080004d4   0x080004d4   0x00000006   Code   RO           14    .text.Error_Handler  main.o
    0x080004da   0x080004da   0x00000002   PAD
    0x080004dc   0x080004dc   0x00000064   Code   RO           16    .text.HAL_GPIO_EXTI_Callback  main.o
    0x08000540   0x08000540   0x00000038   Code   RO          563    .text.HAL_GPIO_EXTI_IRQHandler  stm32f3xx_hal_gpio.o
    0x08000578   0x08000578   0x00000330   Code   RO          551    .text.HAL_GPIO_Init  stm32f3xx_hal_gpio.o
    0x080008a8   0x080008a8   0x0000002c   Code   RO          557    .text.HAL_GPIO_WritePin  stm32f3xx_hal_gpio.o
    0x080008d4   0x080008d4   0x0000000c   Code   RO          450    .text.HAL_GetTick   stm32f3xx_hal.o
    0x080008e0   0x080008e0   0x0000001a   Code   RO          448    .text.HAL_IncTick   stm32f3xx_hal.o
    0x080008fa   0x080008fa   0x00000002   PAD
    0x080008fc   0x080008fc   0x00000026   Code   RO          438    .text.HAL_Init      stm32f3xx_hal.o
    0x08000922   0x08000922   0x00000002   PAD
    0x08000924   0x08000924   0x00000070   Code   RO          440    .text.HAL_InitTick  stm32f3xx_hal.o
    0x08000994   0x08000994   0x00000042   Code   RO           56    .text.HAL_MspInit   stm32f3xx_hal_msp.o
    0x080009d6   0x080009d6   0x00000002   PAD
    0x080009d8   0x080009d8   0x00000014   Code   RO          621    .text.HAL_NVIC_EnableIRQ  stm32f3xx_hal_cortex.o
    0x080009ec   0x080009ec   0x00000032   Code   RO          613    .text.HAL_NVIC_SetPriority  stm32f3xx_hal_cortex.o
    0x08000a1e   0x08000a1e   0x00000002   PAD
    0x08000a20   0x08000a20   0x00000010   Code   RO          609    .text.HAL_NVIC_SetPriorityGrouping  stm32f3xx_hal_cortex.o
    0x08000a30   0x08000a30   0x0000030e   Code   RO          535    .text.HAL_RCCEx_PeriphCLKConfig  stm32f3xx_hal_rcc_ex.o
    0x08000d3e   0x08000d3e   0x00000002   PAD
    0x08000d40   0x08000d40   0x000003f0   Code   RO          502    .text.HAL_RCC_ClockConfig  stm32f3xx_hal_rcc.o
    0x08001130   0x08001130   0x000000c2   Code   RO          504    .text.HAL_RCC_GetSysClockFreq  stm32f3xx_hal_rcc.o
    0x080011f2   0x080011f2   0x00000002   PAD
    0x080011f4   0x080011f4   0x00000ede   Code   RO          500    .text.HAL_RCC_OscConfig  stm32f3xx_hal_rcc.o
    0x080020d2   0x080020d2   0x00000002   PAD
    0x080020d4   0x080020d4   0x00000010   Code   RO          633    .text.HAL_SYSTICK_Config  stm32f3xx_hal_cortex.o
    0x080020e4   0x080020e4   0x00000102   Code   RO          413    .text.HAL_TIMEx_ConfigBreakDeadTime  stm32f3xx_hal_tim_ex.o
    0x080021e6   0x080021e6   0x00000002   PAD
    0x080021e8   0x080021e8   0x00000102   Code   RO          411    .text.HAL_TIMEx_MasterConfigSynchronization  stm32f3xx_hal_tim_ex.o
    0x080022ea   0x080022ea   0x00000002   PAD
    0x080022ec   0x080022ec   0x00000066   Code   RO           60    .text.HAL_TIM_MspPostInit  stm32f3xx_hal_msp.o
    0x08002352   0x08002352   0x00000002   PAD
    0x08002354   0x08002354   0x000001b0   Code   RO          264    .text.HAL_TIM_PWM_ConfigChannel  stm32f3xx_hal_tim.o
    0x08002504   0x08002504   0x000000a8   Code   RO          148    .text.HAL_TIM_PWM_Init  stm32f3xx_hal_tim.o
    0x080025ac   0x080025ac   0x0000003a   Code   RO           58    .text.HAL_TIM_PWM_MspInit  stm32f3xx_hal_msp.o
    0x080025e6   0x080025e6   0x00000002   PAD
    0x080025e8   0x080025e8   0x00000224   Code   RO          156    .text.HAL_TIM_PWM_Start  stm32f3xx_hal_tim.o
    0x0800280c   0x0800280c   0x00000004   Code   RO           31    .text.HardFault_Handler  stm32f3xx_it.o
    0x08002810   0x08002810   0x00000100   Code   RO           10    .text.MX_GPIO_Init  main.o
    0x08002910   0x08002910   0x000000ee   Code   RO           12    .text.MX_TIM1_Init  main.o
    0x080029fe   0x080029fe   0x00000002   PAD
    0x08002a00   0x08002a00   0x00000004   Code   RO           33    .text.MemManage_Handler  stm32f3xx_it.o
    0x08002a04   0x08002a04   0x00000004   Code   RO           29    .text.NMI_Handler   stm32f3xx_it.o
    0x08002a08   0x08002a08   0x0000006c   Code   RO          619    .text.NVIC_EncodePriority  stm32f3xx_hal_cortex.o
    0x08002a74   0x08002a74   0x00000002   Code   RO           43    .text.PendSV_Handler  stm32f3xx_it.o
    0x08002a76   0x08002a76   0x00000002   PAD
    0x08002a78   0x08002a78   0x00000002   Code   RO           39    .text.SVC_Handler   stm32f3xx_it.o
    0x08002a7a   0x08002a7a   0x00000002   PAD
    0x08002a7c   0x08002a7c   0x00000052   Code   RO          635    .text.SysTick_Config  stm32f3xx_hal_cortex.o
    0x08002ace   0x08002ace   0x00000002   PAD
    0x08002ad0   0x08002ad0   0x00000008   Code   RO           45    .text.SysTick_Handler  stm32f3xx_it.o
    0x08002ad8   0x08002ad8   0x00000084   Code   RO            8    .text.SystemClock_Config  main.o
    0x08002b5c   0x08002b5c   0x00000012   Code   RO           80    .text.SystemInit    system_stm32f3xx.o
    0x08002b6e   0x08002b6e   0x00000002   PAD
    0x08002b70   0x08002b70   0x00000146   Code   RO           98    .text.TIM_Base_SetConfig  stm32f3xx_hal_tim.o
    0x08002cb6   0x08002cb6   0x00000002   PAD
    0x08002cb8   0x08002cb8   0x00000036   Code   RO          132    .text.TIM_CCxChannelCmd  stm32f3xx_hal_tim.o
    0x08002cee   0x08002cee   0x00000002   PAD
    0x08002cf0   0x08002cf0   0x00000134   Code   RO          242    .text.TIM_OC1_SetConfig  stm32f3xx_hal_tim.o
    0x08002e24   0x08002e24   0x00000150   Code   RO          244    .text.TIM_OC2_SetConfig  stm32f3xx_hal_tim.o
    0x08002f74   0x08002f74   0x0000014e   Code   RO          246    .text.TIM_OC3_SetConfig  stm32f3xx_hal_tim.o
    0x080030c2   0x080030c2   0x00000002   PAD
    0x080030c4   0x080030c4   0x000000cc   Code   RO          248    .text.TIM_OC4_SetConfig  stm32f3xx_hal_tim.o
    0x08003190   0x08003190   0x000000c2   Code   RO          250    .text.TIM_OC5_SetConfig  stm32f3xx_hal_tim.o
    0x08003252   0x08003252   0x00000002   PAD
    0x08003254   0x08003254   0x000000c4   Code   RO          252    .text.TIM_OC6_SetConfig  stm32f3xx_hal_tim.o
    0x08003318   0x08003318   0x00000004   Code   RO           37    .text.UsageFault_Handler  stm32f3xx_it.o
    0x0800331c   0x0800331c   0x00000030   Code   RO          623    .text.__NVIC_EnableIRQ  stm32f3xx_hal_cortex.o
    0x0800334c   0x0800334c   0x00000010   Code   RO          615    .text.__NVIC_GetPriorityGrouping  stm32f3xx_hal_cortex.o
    0x0800335c   0x0800335c   0x00000042   Code   RO          617    .text.__NVIC_SetPriority  stm32f3xx_hal_cortex.o
    0x0800339e   0x0800339e   0x00000002   PAD
    0x080033a0   0x080033a0   0x0000003c   Code   RO          611    .text.__NVIC_SetPriorityGrouping  stm32f3xx_hal_cortex.o
    0x080033dc   0x080033dc   0x000003cc   Code   RO            4    .text.displayRefresh  main.o
    0x080037a8   0x080037a8   0x0000002c   Code   RO            6    .text.main          main.o
    0x080037d4   0x080037d4   0x00000090   Code   RO            2    .text.splitNumber   main.o
    0x08003864   0x08003864   0x0000001a   Code   RO         1095    x$fpl$fpinit        fz_wm.l(fpinit.o)
    0x0800387e   0x0800387e   0x00000010   Data   RO           85    .rodata.AHBPrescTable  system_stm32f3xx.o
    0x0800388e   0x0800388e   0x00000010   Data   RO          526    .rodata.aPLLMULFactorTable  stm32f3xx_hal_rcc.o
    0x0800389e   0x0800389e   0x00000010   Data   RO          527    .rodata.aPredivFactorTable  stm32f3xx_hal_rcc.o
    0x080038ae   0x080038ae   0x00000002   PAD
    0x080038b0   0x080038b0   0x00000020   Data   RO         1196    Region$$Table       anon$$obj.o


    Execution Region ER_RW (Exec base: 0x20000000, Load base: 0x080038d0, Size: 0x0000000c, Max: 0xffffffff, ABSOLUTE)

    Exec Addr    Load Addr    Size         Type   Attr      Idx    E Section Name        Object

    0x20000000   0x080038d0   0x00000004   Data   RW           84    .data.SystemCoreClock  system_stm32f3xx.o
    0x20000004   0x080038d4   0x00000001   Data   RW          489    .data.uwTickFreq    stm32f3xx_hal.o
    0x20000005   0x080038d5   0x00000003   PAD
    0x20000008   0x080038d8   0x00000004   Data   RW          488    .data.uwTickPrio    stm32f3xx_hal.o


    Execution Region ER_ZI (Exec base: 0x20000010, Load base: 0x080038dc, Size: 0x000007a0, Max: 0xffffffff, ABSOLUTE)

    Exec Addr    Load Addr    Size         Type   Attr      Idx    E Section Name        Object

    0x20000010        -       0x000000e4   Zero   RW         1015    .bss                c_w.l(rand.o)
    0x200000f4        -       0x00000060   Zero   RW         1120    .bss                c_w.l(libspace.o)
    0x20000154        -       0x00000004   Zero   RW           18    .bss.digits         main.o
    0x20000158        -       0x00000004   Zero   RW           19    .bss.displayRefresh.currentDigit  main.o
    0x2000015c        -       0x0000004c   Zero   RW           20    .bss.htim1          main.o
    0x200001a8        -       0x00000004   Zero   RW          490    .bss.uwTick         stm32f3xx_hal.o
    0x200001ac   0x080038dc   0x00000004   PAD
    0x200001b0        -       0x00000200   Zero   RW           71    HEAP                startup_stm32f334x8.o
    0x200003b0        -       0x00000400   Zero   RW           70    STACK               startup_stm32f334x8.o


==============================================================================

Image component sizes


      Code (inc. data)   RO Data    RW Data    ZI Data      Debug   Object Name

      1892         24          0          0         84       9393   main.o
        64         26        392          0       1536        980   startup_stm32f334x8.o
       188          0          0          5          4       6078   stm32f3xx_hal.o
       482          0          0          0          0       7997   stm32f3xx_hal_cortex.o
       916          0          0          0          0       5106   stm32f3xx_hal_gpio.o
       226          0          0          0          0       5068   stm32f3xx_hal_msp.o
      5008          0         32          0          0       8403   stm32f3xx_hal_rcc.o
       782          0          0          0          0       4114   stm32f3xx_hal_rcc_ex.o
      3100         22          0          0          0      37068   stm32f3xx_hal_tim.o
       516          0          0          0          0      15920   stm32f3xx_hal_tim_ex.o
        46          0          0          0          0       1363   stm32f3xx_it.o
        18          0         16          4          0       2393   system_stm32f3xx.o

    ----------------------------------------------------------------------
     13284         72        474         12       1628     103883   Object Totals
         0          0         32          0          0          0   (incl. Generated)
        46          0          2          3          4          0   (incl. Padding)

    ----------------------------------------------------------------------

      Code (inc. data)   RO Data    RW Data    ZI Data      Debug   Library Member Name

         8          0          0          0          0         68   __main.o
         0          0          0          0          0          0   __rtentry.o
        12          0          0          0          0          0   __rtentry2.o
         6          0          0          0          0          0   __rtentry4.o
        94          8          0          0          0          0   __scatter.o
        26          0          0          0          0          0   __scatter_copy.o
        28          0          0          0          0          0   __scatter_zi.o
        18          0          0          0          0         80   exit.o
         6          0          0          0          0        152   heapauxi.o
         0          0          0          0          0          0   indicate_semi.o
         2          0          0          0          0          0   libinit.o
        10          0          0          0          0          0   libinit2.o
         2          0          0          0          0          0   libshutdown.o
         2          0          0          0          0          0   libshutdown2.o
         8          4          0          0         96         68   libspace.o
       240          0          0          0          0        100   lludivv7m.o
       112         18          0          0        228        160   rand.o
        78          0          0          0          0         80   rt_memclr_w.o
         2          0          0          0          0          0   rtexit.o
        10          0          0          0          0          0   rtexit2.o
        12          4          0          0          0         68   sys_exit.o
        74          0          0          0          0         80   sys_stackheap_outer.o
         2          0          0          0          0         68   use_no_semi.o
        26          0          0          0          0        116   fpinit.o

    ----------------------------------------------------------------------
       786         34          0          0        324       1040   Library Totals
         8          0          0          0          0          0   (incl. Padding)

    ----------------------------------------------------------------------

      Code (inc. data)   RO Data    RW Data    ZI Data      Debug   Library Name

       752         34          0          0        324        924   c_w.l
        26          0          0          0          0        116   fz_wm.l

    ----------------------------------------------------------------------
       786         34          0          0        324       1040   Library Totals

    ----------------------------------------------------------------------

==============================================================================


      Code (inc. data)   RO Data    RW Data    ZI Data      Debug   

     14070        106        474         12       1952     104427   Grand Totals
     14070        106        474         12       1952     104427   ELF Image Totals
     14070        106        474         12          0          0   ROM Totals

==============================================================================

    Total RO  Size (Code + RO Data)                14544 (  14.20kB)
    Total RW  Size (RW Data + ZI Data)              1964 (   1.92kB)
    Total ROM Size (Code + RO Data + RW Data)      14556 (  14.21kB)

==============================================================================

